ASxxxx Linker V03.00 + NoICE + sdld,  page 1.
Hexadecimal  [32-Bits]

Area                                    Addr        Size        Decimal Bytes (Attributes)
--------------------------------        ----        ----        ------- ----- ------------
.  .ABS.                            00000000    00000000 =           0. bytes (ABS,CON)

      Value  Global                              Global Defined In Module
      -----  --------------------------------   ------------------------
     00000000  .__.ABS.                           _strlen
     00000000  l__CABS                         
     00000000  l__DABS                         
     00000000  l__GSFINAL                      
     00000000  l__HEADER                       
     00000000  l__HEAP                         
     00000000  l__LIT                          
     00000000  s__CABS                         
     00000000  s__DABS                         
     00000000  s__HEADER                       
     00000000  s__HEADER0                      
     00000000  s__HEADER1                      
     00000000  s__HEADER10                     
     00000000  s__HEADER11                     
     00000000  s__HEADER12                     
     00000000  s__HEADER2                      
     00000000  s__HEADER3                      
     00000000  s__HEADER4                      
     00000000  s__HEADER5                      
     00000000  s__HEADER6                      
     00000000  s__HEADER7                      
     00000000  s__HEADER8                      
     00000000  s__HEADER9                      
     00000000  s__HEADERa                      
     00000000  s__HEADERb                      
     00000000  s__HEADERc                      
     00000000  s__HEADERd                      
     00000000  s__HEADERe                      
     00000000  s__HEADERf                      
     00000001  l__GSINITTAIL                   
     00000001  l__HEADER12                     
     00000001  l__HEADERa                      
     00000001  l__HEADERb                      
     00000001  l__HEADERc                      
     00000001  l__HEADERe                      
     00000001  l__HEADERf                      
     00000002  l__HEADER10                     
     00000002  l__HEADERd                      
     00000003  l__HEADER9                      
     00000006  l__HEADER8                      
     00000007  l__HEADER0                      
     00000007  l__HEADER2                      
     00000007  l__HEADER3                      
     00000007  l__HEADER4                      
     00000007  l__HEADER5                      
     00000010  l__HEADER1                      
     0000001F  l__HEADER6                      
     00000034  l__HEADER7                      
     00000039  l__DATA                         
     00000084  l__BSS                          
ASxxxx Linker V03.00 + NoICE + sdld,  page 2.
Hexadecimal  [32-Bits]

Area                                    Addr        Size        Decimal Bytes (Attributes)
--------------------------------        ----        ----        ------- ----- ------------
.  .ABS.                            00000000    00000000 =           0. bytes (ABS,CON)

      Value  Global                              Global Defined In Module
      -----  --------------------------------   ------------------------
     00000085  l__HEADER11                     
     000000F0  l__GSINIT                       
     000001AC  l__HOME                         
     00000200  s__CODE                         
     00000FF2  l__BASE                         
     000026B1  l__CODE                         
     000028B1  s__HOME                         
     00002A5D  s__BASE                         
     00003A4F  s__GSINIT                       
     00003A4F  s__LIT                          
     00003B3F  s__GSINITTAIL                   
     00003B40  s__GSFINAL                      
     0000C0A0  s__DATA                         
     0000C0D9  s__BSS                          
     0000C15D  s__HEAP                         

ASxxxx Linker V03.00 + NoICE + sdld,  page 3.
Hexadecimal  [32-Bits]

Area                                    Addr        Size        Decimal Bytes (Attributes)
--------------------------------        ----        ----        ------- ----- ------------
_CODE                               00000200    000026B1 =        9905. bytes (REL,CON)

      Value  Global                              Global Defined In Module
      -----  --------------------------------   ------------------------
     00000200  _flip_sprite_horiz                 main
     00000219  _unflip_sprite_horiz               main
     00000232  _update_sprite_animation           main
     000002B9  _title_screen                      main
     0000030F  _clear_screen                      main
     00000335  _main                              main
     000007D9  _PLAYER_SPRITES                    player_sprites
     00000A19  _TILEMAP                           tilemap
     00000E19  _TILESET                           tileset
     00001409  _putchar                           font.ms
     00001412  _setchar                           font.ms
     0000141B  _gotoxy                            font.ms
     00001426  _posx                              font.ms
     00001437  _posy                              font.ms
     00001448  .adv_gcurs                         Drawing1
     00001465  .circle                            Drawing1
     00001508  .horlin                            Drawing1
     00001540  .verlin                            Drawing1
     0000159C  .circplot                          Drawing1
     0000161A  .box                               Drawing1
     000016F0  .line                              Drawing1
     00001811  .xonly                             Drawing1
     00001960  .yonly                             Drawing1
     00001981  .plot                              Drawing1
     0000199E  .wrbyte                            Drawing1
     00001A20  .getpix                            Drawing1
     00001A55  .wrtchr                            Drawing1
     00001AB9  _gotogxy                           Drawing1
     00001AC4  _wrtchr                            Drawing1
     00001AD9  _getpix                            Drawing1
     00001AE5  _color                             Drawing1
     00001AF4  _circle                            Drawing1
     00001B0E  _box                               Drawing1
     00001B32  _line                              Drawing1
     00001B4A  _plot_point                        Drawing1
     00001B5E  _plot                              Drawing1
     00001B86  _vprintf                           vprintf
     00001BA0  _printf                            vprintf
     00001BBB  __divsuchar                        
     00001BCA  __modsuchar                        
     00001BD6  __divuschar                        
     00001BE8  __moduschar                        
     00001BF8  __divschar                         
     00001C06  __modschar                         
     00001C12  __divsint                          
     00001C26  __modsint                          
     00001C38  __divuchar                         
     00001C46  __moduchar                         
     00001C52  __divuint                          
     00001C66  __moduint                          
ASxxxx Linker V03.00 + NoICE + sdld,  page 4.
Hexadecimal  [32-Bits]

Area                                    Addr        Size        Decimal Bytes (Attributes)
--------------------------------        ----        ----        ------- ----- ------------
_CODE                               00000200    000026B1 =        9905. bytes (REL,CON)

      Value  Global                              Global Defined In Module
      -----  --------------------------------   ------------------------
     00001C78  .div8                              
     00001C78  .mod8                              
     00001C80  .div16                             
     00001C80  .mod16                             
     00001CB6  .divu8                             
     00001CB6  .modu8                             
     00001CB9  .divu16                            
     00001CB9  .modu16                            
     00001DDE  __print_format                     printf_large
     00002891  ___sdcc_call_hl                    
     00002892  _strlen                            _strlen

ASxxxx Linker V03.00 + NoICE + sdld,  page 5.
Hexadecimal  [32-Bits]

Area                                    Addr        Size        Decimal Bytes (Attributes)
--------------------------------        ----        ----        ------- ----- ------------
_HEADER0                            00000000    00000007 =           7. bytes (ABS,CON)

      Value  Global                              Global Defined In Module
      -----  --------------------------------   ------------------------
ASxxxx Linker V03.00 + NoICE + sdld,  page 6.
Hexadecimal  [32-Bits]

Area                                    Addr        Size        Decimal Bytes (Attributes)
--------------------------------        ----        ----        ------- ----- ------------
_HEADER1                            00000000    00000010 =          16. bytes (ABS,CON)

      Value  Global                              Global Defined In Module
      -----  --------------------------------   ------------------------
ASxxxx Linker V03.00 + NoICE + sdld,  page 7.
Hexadecimal  [32-Bits]

Area                                    Addr        Size        Decimal Bytes (Attributes)
--------------------------------        ----        ----        ------- ----- ------------
_HEADER2                            00000000    00000007 =           7. bytes (ABS,CON)

      Value  Global                              Global Defined In Module
      -----  --------------------------------   ------------------------
ASxxxx Linker V03.00 + NoICE + sdld,  page 8.
Hexadecimal  [32-Bits]

Area                                    Addr        Size        Decimal Bytes (Attributes)
--------------------------------        ----        ----        ------- ----- ------------
_HEADER3                            00000000    00000007 =           7. bytes (ABS,CON)

      Value  Global                              Global Defined In Module
      -----  --------------------------------   ------------------------
ASxxxx Linker V03.00 + NoICE + sdld,  page 9.
Hexadecimal  [32-Bits]

Area                                    Addr        Size        Decimal Bytes (Attributes)
--------------------------------        ----        ----        ------- ----- ------------
_HEADER4                            00000000    00000007 =           7. bytes (ABS,CON)

      Value  Global                              Global Defined In Module
      -----  --------------------------------   ------------------------
ASxxxx Linker V03.00 + NoICE + sdld,  page 10.
Hexadecimal  [32-Bits]

Area                                    Addr        Size        Decimal Bytes (Attributes)
--------------------------------        ----        ----        ------- ----- ------------
_HEADER5                            00000000    00000007 =           7. bytes (ABS,CON)

      Value  Global                              Global Defined In Module
      -----  --------------------------------   ------------------------
ASxxxx Linker V03.00 + NoICE + sdld,  page 11.
Hexadecimal  [32-Bits]

Area                                    Addr        Size        Decimal Bytes (Attributes)
--------------------------------        ----        ----        ------- ----- ------------
_HEADER6                            00000000    0000001F =          31. bytes (ABS,CON)

      Value  Global                              Global Defined In Module
      -----  --------------------------------   ------------------------
ASxxxx Linker V03.00 + NoICE + sdld,  page 12.
Hexadecimal  [32-Bits]

Area                                    Addr        Size        Decimal Bytes (Attributes)
--------------------------------        ----        ----        ------- ----- ------------
_HEADER7                            00000000    00000034 =          52. bytes (ABS,CON)

      Value  Global                              Global Defined In Module
      -----  --------------------------------   ------------------------
ASxxxx Linker V03.00 + NoICE + sdld,  page 13.
Hexadecimal  [32-Bits]

Area                                    Addr        Size        Decimal Bytes (Attributes)
--------------------------------        ----        ----        ------- ----- ------------
_HEADER8                            00000000    00000006 =           6. bytes (ABS,CON)

      Value  Global                              Global Defined In Module
      -----  --------------------------------   ------------------------
ASxxxx Linker V03.00 + NoICE + sdld,  page 14.
Hexadecimal  [32-Bits]

Area                                    Addr        Size        Decimal Bytes (Attributes)
--------------------------------        ----        ----        ------- ----- ------------
_HEADER9                            00000000    00000003 =           3. bytes (ABS,CON)

      Value  Global                              Global Defined In Module
      -----  --------------------------------   ------------------------
ASxxxx Linker V03.00 + NoICE + sdld,  page 15.
Hexadecimal  [32-Bits]

Area                                    Addr        Size        Decimal Bytes (Attributes)
--------------------------------        ----        ----        ------- ----- ------------
_HEADERa                            00000000    00000001 =           1. bytes (ABS,CON)

      Value  Global                              Global Defined In Module
      -----  --------------------------------   ------------------------
ASxxxx Linker V03.00 + NoICE + sdld,  page 16.
Hexadecimal  [32-Bits]

Area                                    Addr        Size        Decimal Bytes (Attributes)
--------------------------------        ----        ----        ------- ----- ------------
_HEADERb                            00000000    00000001 =           1. bytes (ABS,CON)

      Value  Global                              Global Defined In Module
      -----  --------------------------------   ------------------------
ASxxxx Linker V03.00 + NoICE + sdld,  page 17.
Hexadecimal  [32-Bits]

Area                                    Addr        Size        Decimal Bytes (Attributes)
--------------------------------        ----        ----        ------- ----- ------------
_HEADERc                            00000000    00000001 =           1. bytes (ABS,CON)

      Value  Global                              Global Defined In Module
      -----  --------------------------------   ------------------------
ASxxxx Linker V03.00 + NoICE + sdld,  page 18.
Hexadecimal  [32-Bits]

Area                                    Addr        Size        Decimal Bytes (Attributes)
--------------------------------        ----        ----        ------- ----- ------------
_HEADERd                            00000000    00000002 =           2. bytes (ABS,CON)

      Value  Global                              Global Defined In Module
      -----  --------------------------------   ------------------------
ASxxxx Linker V03.00 + NoICE + sdld,  page 19.
Hexadecimal  [32-Bits]

Area                                    Addr        Size        Decimal Bytes (Attributes)
--------------------------------        ----        ----        ------- ----- ------------
_HEADERe                            00000000    00000001 =           1. bytes (ABS,CON)

      Value  Global                              Global Defined In Module
      -----  --------------------------------   ------------------------
ASxxxx Linker V03.00 + NoICE + sdld,  page 20.
Hexadecimal  [32-Bits]

Area                                    Addr        Size        Decimal Bytes (Attributes)
--------------------------------        ----        ----        ------- ----- ------------
_HEADERf                            00000000    00000001 =           1. bytes (ABS,CON)

      Value  Global                              Global Defined In Module
      -----  --------------------------------   ------------------------
ASxxxx Linker V03.00 + NoICE + sdld,  page 21.
Hexadecimal  [32-Bits]

Area                                    Addr        Size        Decimal Bytes (Attributes)
--------------------------------        ----        ----        ------- ----- ------------
_HEADER10                           00000000    00000002 =           2. bytes (ABS,CON)

      Value  Global                              Global Defined In Module
      -----  --------------------------------   ------------------------
ASxxxx Linker V03.00 + NoICE + sdld,  page 22.
Hexadecimal  [32-Bits]

Area                                    Addr        Size        Decimal Bytes (Attributes)
--------------------------------        ----        ----        ------- ----- ------------
_HEADER11                           00000000    00000085 =         133. bytes (ABS,CON)

      Value  Global                              Global Defined In Module
      -----  --------------------------------   ------------------------
     000001D2  _exit                              Runtime

ASxxxx Linker V03.00 + NoICE + sdld,  page 23.
Hexadecimal  [32-Bits]

Area                                    Addr        Size        Decimal Bytes (Attributes)
--------------------------------        ----        ----        ------- ----- ------------
_HEADER12                           00000000    00000001 =           1. bytes (ABS,CON)

      Value  Global                              Global Defined In Module
      -----  --------------------------------   ------------------------
ASxxxx Linker V03.00 + NoICE + sdld,  page 24.
Hexadecimal  [32-Bits]

Area                                    Addr        Size        Decimal Bytes (Attributes)
--------------------------------        ----        ----        ------- ----- ------------
_HOME                               000028B1    000001AC =         428. bytes (REL,CON)

      Value  Global                              Global Defined In Module
      -----  --------------------------------   ------------------------
     000028B1  .set_mode                          Runtime
     000028C1  .remove_VBL                        Runtime
     000028C7  .remove_LCD                        Runtime
     000028CD  .remove_TIM                        Runtime
     000028D3  .remove_SIO                        Runtime
     000028D9  .remove_JOY                        Runtime
     000028DF  .add_VBL                           Runtime
     000028E5  .add_LCD                           Runtime
     000028EB  .add_TIM                           Runtime
     000028F1  .add_SIO                           Runtime
     000028F7  .add_JOY                           Runtime
     000028FD  .remove_int                        Runtime
     0000291D  .add_int                           Runtime
     00002939  .wait_vbl_done                     Runtime
     00002939  _wait_vbl_done                     Runtime
     00002950  .display_off                       Runtime
     00002950  _display_off                       Runtime
     00002971  .serial_IO                         Runtime
     000029A0  _mode                              Runtime
     000029A9  _get_mode                          Runtime
     000029AE  _enable_interrupts                 Runtime
     000029B0  _disable_interrupts                Runtime
     000029B2  .reset                             Runtime
     000029B2  _reset                             Runtime
     000029B8  _set_interrupts                    Runtime
     000029C3  _remove_VBL                        Runtime
     000029CE  _remove_LCD                        Runtime
     000029D9  _remove_TIM                        Runtime
     000029E4  _remove_SIO                        Runtime
     000029EF  _remove_JOY                        Runtime
     000029FA  _add_VBL                           Runtime
     00002A05  _add_LCD                           Runtime
     00002A10  _add_TIM                           Runtime
     00002A1B  _add_SIO                           Runtime
     00002A26  _add_JOY                           Runtime
     00002A31  _clock                             Runtime
     00002A3A  __printTStates                     Runtime
     00002A3B  banked_call                        Runtime
     00002A54  banked_ret                         Runtime
ASxxxx Linker V03.00 + NoICE + sdld,  page 25.
Hexadecimal  [32-Bits]

Area                                    Addr        Size        Decimal Bytes (Attributes)
--------------------------------        ----        ----        ------- ----- ------------
_BASE                               00002A5D    00000FF2 =        4082. bytes (REL,CON)

      Value  Global                              Global Defined In Module
      -----  --------------------------------   ------------------------
     00002A5D  .set_sprite_prop                   
     00002A6A  _set_sprite_prop                   
     00002A75  _scroll_bkg                        
     00002A8B  font_copy_uncompressed             font.ms
     00002AC1  font_copy_compressed               font.ms
     00002B16  font_load                          font.ms
     00002B5E  font_copy_current                  font.ms
     00002BA6  font_set                           font.ms
     00002BB3  .put_char                          font.ms
     00002BCC  .out_char                          font.ms
     00002BD3  .del_char                          font.ms
     00002C2E  _font_load                         font.ms
     00002C3C  _font_set                          font.ms
     00002C4B  _font_init                         font.ms
     00002C6D  .cls                               font.ms
     00002C6D  _cls                               font.ms
     00002C9F  .cr_curs                           font.ms
     00002CB4  .adv_curs                          font.ms
     00002D10  .tmode                             font.ms
     00002D39  .tmode_out                         font.ms
     00002D49  .padup                             
     00002D49  _waitpadup                         
     00002D59  .jpad                              
     00002D86  .wait_pad                          
     00002D8D  _joypad                            
     00002D92  _waitpad                           
     00002D9C  .mv_sprite                         
     00002DAB  _move_sprite                       
     00002DB8  _set_bkg_data                      
     00002DB8  _set_win_data                      
     00002E05  _set_sprite_data                   
     00002E34  _font_load_ibm_fixed               
     00002E3B  _font_ibm_fixed                    
     00002F3D  _font_ibm_fixed_tiles              
     0000373D  .gmode                             Drawing1
     0000379F  .vbl                               Drawing1
     000037AA  .lcd                               Drawing1
     000037B7  .draw_image                        Drawing1
     000037C1  .switch_data                       Drawing1
     000037F8  _switch_data                       Drawing1
     00003813  _draw_image                        Drawing1
     00003826  .y_table                           Drawing1
     00003946  _move_bkg                          
     0000394F  .set_sprite_tile                   
     0000395C  _set_sprite_tile                   
     00003967  .get_sprite_prop                   
     00003974  _get_sprite_prop                   
     0000397D  .init_vram                         
     0000398B  .init_wtt                          
     0000399B  .init_btt                          
ASxxxx Linker V03.00 + NoICE + sdld,  page 26.
Hexadecimal  [32-Bits]

Area                                    Addr        Size        Decimal Bytes (Attributes)
--------------------------------        ----        ----        ------- ----- ------------
_BASE                               00002A5D    00000FF2 =        4082. bytes (REL,CON)

      Value  Global                              Global Defined In Module
      -----  --------------------------------   ------------------------
     000039A9  .init_tt                           
     000039AF  .copy_vram                         
     000039BE  _get_data                          
     000039BE  _set_data                          
     000039D1  _set_bkg_tiles                     
     000039E5  .set_xy_wtt                        
     000039F6  .set_xy_btt                        
     00003A05  .set_xy_tt                         
     00003A36  _set_tiles                         

ASxxxx Linker V03.00 + NoICE + sdld,  page 27.
Hexadecimal  [32-Bits]

Area                                    Addr        Size        Decimal Bytes (Attributes)
--------------------------------        ----        ----        ------- ----- ------------
_GSINIT                             00003A4F    000000F0 =         240. bytes (REL,CON)

      Value  Global                              Global Defined In Module
      -----  --------------------------------   ------------------------
     00003A4F  gsinit                             Runtime

ASxxxx Linker V03.00 + NoICE + sdld,  page 28.
Hexadecimal  [32-Bits]

Area                                    Addr        Size        Decimal Bytes (Attributes)
--------------------------------        ----        ----        ------- ----- ------------
_GSINITTAIL                         00003B3F    00000001 =           1. bytes (REL,CON)

      Value  Global                              Global Defined In Module
      -----  --------------------------------   ------------------------
ASxxxx Linker V03.00 + NoICE + sdld,  page 29.
Hexadecimal  [32-Bits]

Area                                    Addr        Size        Decimal Bytes (Attributes)
--------------------------------        ----        ----        ------- ----- ------------
_DATA                               0000C0A0    00000039 =          57. bytes (REL,CON)

      Value  Global                              Global Defined In Module
      -----  --------------------------------   ------------------------
     0000C0A0  _PLAYER_SPRITE_ANIM_L              main
     0000C0B8  _PLAYER_SPRITE_ANIM_R              main
     0000C0D0  _player_x                          main
     0000C0D1  _player_y                          main
     0000C0D2  _player_virtual_x                  main
     0000C0D4  _player_virtual_y                  main
     0000C0D6  _player_direction                  main
     0000C0D7  _player_animation_frame            main
     0000C0D8  _is_player_walking                 main
ASxxxx Linker V03.00 + NoICE + sdld,  page 30.
Hexadecimal  [32-Bits]

Area                                    Addr        Size        Decimal Bytes (Attributes)
--------------------------------        ----        ----        ------- ----- ------------
_BSS                                0000C0D9    00000084 =         132. bytes (REL,CON)

      Value  Global                              Global Defined In Module
      -----  --------------------------------   ------------------------
     0000C0D9  __cpu                              Runtime
     0000C0DA  .mode                              Runtime
     0000C0DB  __io_out                           Runtime
     0000C0DC  __io_in                            Runtime
     0000C0DD  __io_status                        Runtime
     0000C0DE  .vbl_done                          Runtime
     0000C0DF  __current_bank                     Runtime
     0000C0E0  .sys_time                          Runtime
     0000C0E0  _sys_time                          Runtime
     0000C0E2  .int_0x40                          Runtime
     0000C0F2  .int_0x48                          Runtime
     0000C102  .int_0x50                          Runtime
     0000C112  .int_0x58                          Runtime
     0000C122  .int_0x60                          Runtime
     0000C132  font_current                       font.ms
     0000C135  font_first_free_tile               font.ms
     0000C136  font_table                         font.ms
     0000C148  .curx                              font.ms
     0000C149  .cury                              font.ms
     0000C14A  .fg_colour                         Drawing1
     0000C14B  .bg_colour                         Drawing1
ASxxxx Linker V03.00 + NoICE + sdld,  page 31.
Hexadecimal  [32-Bits]

Area                                    Addr        Size        Decimal Bytes (Attributes)
--------------------------------        ----        ----        ------- ----- ------------
_HEAP                               0000C15D    00000000 =           0. bytes (REL,CON)

      Value  Global                              Global Defined In Module
      -----  --------------------------------   ------------------------
     0000C15D  _malloc_heap_start                 Runtime

ASxxxx Linker V03.00 + NoICE + sdld,  page 32.

Files Linked                              [ module(s) ]

C:/Users/FDO/GB_GehBoiHaven/src/gbdk/bin/../lib/crt0.rel
                                          [ Runtime ]
main.rel                                  [ main ]
player.sprites.rel                        [ player_sprites ]
tilemap.rel                               [ tilemap ]
tileset.rel                               [ tileset ]


Libraries Linked                          [ object file ]

C:/Users/FDO/GB_GehBoiHaven/src/gbdk/bin/../lib/gb.lib
                                          [ set_prop.rel ]
C:/Users/FDO/GB_GehBoiHaven/src/gbdk/bin/../lib/gb.lib
                                          [ scroll_b.rel ]
C:/Users/FDO/GB_GehBoiHaven/src/gbdk/bin/../lib/gb.lib
                                          [ font.rel ]
C:/Users/FDO/GB_GehBoiHaven/src/gbdk/bin/../lib/gb.lib
                                          [ pad.rel ]
C:/Users/FDO/GB_GehBoiHaven/src/gbdk/bin/../lib/gb.lib
                                          [ mv_spr.rel ]
C:/Users/FDO/GB_GehBoiHaven/src/gbdk/bin/../lib/gb.lib
                                          [ set_data.rel ]
C:/Users/FDO/GB_GehBoiHaven/src/gbdk/bin/../lib/gb.lib
                                          [ ibmfixed.rel ]
C:/Users/FDO/GB_GehBoiHaven/src/gbdk/bin/../lib/gb.lib
                                          [ drawing.rel ]
C:/Users/FDO/GB_GehBoiHaven/src/gbdk/bin/../lib/gb.lib
                                          [ mv_bkg.rel ]
C:/Users/FDO/GB_GehBoiHaven/src/gbdk/bin/../lib/gb.lib
                                          [ set_spr.rel ]
C:\Program Files\SDCC\bin\..\lib\gbz80/gbz80.lib
                                          [ vprintf.rel ]
C:/Users/FDO/GB_GehBoiHaven/src/gbdk/bin/../lib/gb.lib
                                          [ get_prop.rel ]
C:/Users/FDO/GB_GehBoiHaven/src/gbdk/bin/../lib/gb.lib
                                          [ init_tt.rel ]
C:\Program Files\SDCC\bin\..\lib\gbz80/gbz80.lib
                                          [ div.rel ]
C:/Users/FDO/GB_GehBoiHaven/src/gbdk/bin/../lib/gb.lib
                                          [ cpy_data.rel ]
C:/Users/FDO/GB_GehBoiHaven/src/gbdk/bin/../lib/gb.lib
                                          [ set_bk_t.rel ]
C:\Program Files\SDCC\bin\..\lib\gbz80/gbz80.lib
                                          [ printf_large.rel ]
C:\Program Files\SDCC\bin\..\lib\gbz80/gbz80.lib
                                          [ __sdcc_call_hl.rel ]
C:/Users/FDO/GB_GehBoiHaven/src/gbdk/bin/../lib/gb.lib
                                          [ set_xy_t.rel ]
C:\Program Files\SDCC\bin\..\lib\gbz80/gbz80.lib
                                          [ _strlen.rel ]

ASxxxx Linker V03.00 + NoICE + sdld,  page 33.

User Base Address Definitions

_CODE = 0x0200
_DATA = 0xc0a0

