ASxxxx Linker V03.00 + NoICE + sdld,  page 1.
Hexadecimal  [32-Bits]

Area                                    Addr        Size        Decimal Bytes (Attributes)
--------------------------------        ----        ----        ------- ----- ------------
.  .ABS.                            00000000    00000000 =           0. bytes (ABS,CON)

      Value  Global                              Global Defined In Module
      -----  --------------------------------   ------------------------
     00000000  .__.ABS.                           _strlen
     00000000  l__CABS                         
     00000000  l__DABS                         
     00000000  l__GSFINAL                      
     00000000  l__HEADER                       
     00000000  l__HEAP                         
     00000000  l__LIT                          
     00000000  s__CABS                         
     00000000  s__DABS                         
     00000000  s__HEADER                       
     00000000  s__HEADER0                      
     00000000  s__HEADER1                      
     00000000  s__HEADER10                     
     00000000  s__HEADER11                     
     00000000  s__HEADER12                     
     00000000  s__HEADER2                      
     00000000  s__HEADER3                      
     00000000  s__HEADER4                      
     00000000  s__HEADER5                      
     00000000  s__HEADER6                      
     00000000  s__HEADER7                      
     00000000  s__HEADER8                      
     00000000  s__HEADER9                      
     00000000  s__HEADERa                      
     00000000  s__HEADERb                      
     00000000  s__HEADERc                      
     00000000  s__HEADERd                      
     00000000  s__HEADERe                      
     00000000  s__HEADERf                      
     00000001  l__GSINITTAIL                   
     00000001  l__HEADER12                     
     00000001  l__HEADERa                      
     00000001  l__HEADERb                      
     00000001  l__HEADERc                      
     00000001  l__HEADERe                      
     00000001  l__HEADERf                      
     00000002  l__HEADER10                     
     00000002  l__HEADERd                      
     00000003  l__HEADER9                      
     00000006  l__HEADER8                      
     00000007  l__HEADER0                      
     00000007  l__HEADER2                      
     00000007  l__HEADER3                      
     00000007  l__HEADER4                      
     00000007  l__HEADER5                      
     00000010  l__HEADER1                      
     0000001F  l__HEADER6                      
     00000034  l__HEADER7                      
     00000039  l__DATA                         
     00000084  l__BSS                          
ASxxxx Linker V03.00 + NoICE + sdld,  page 2.
Hexadecimal  [32-Bits]

Area                                    Addr        Size        Decimal Bytes (Attributes)
--------------------------------        ----        ----        ------- ----- ------------
.  .ABS.                            00000000    00000000 =           0. bytes (ABS,CON)

      Value  Global                              Global Defined In Module
      -----  --------------------------------   ------------------------
     00000085  l__HEADER11                     
     000000F0  l__GSINIT                       
     000001AC  l__HOME                         
     00000200  s__CODE                         
     00000FF2  l__BASE                         
     000024E2  l__CODE                         
     000026E2  s__HOME                         
     0000288E  s__BASE                         
     00003880  s__GSINIT                       
     00003880  s__LIT                          
     00003970  s__GSINITTAIL                   
     00003971  s__GSFINAL                      
     0000C0A0  s__DATA                         
     0000C0D9  s__BSS                          
     0000C15D  s__HEAP                         

ASxxxx Linker V03.00 + NoICE + sdld,  page 3.
Hexadecimal  [32-Bits]

Area                                    Addr        Size        Decimal Bytes (Attributes)
--------------------------------        ----        ----        ------- ----- ------------
_CODE                               00000200    000024E2 =        9442. bytes (REL,CON)

      Value  Global                              Global Defined In Module
      -----  --------------------------------   ------------------------
     00000200  _flip_sprite_horiz                 main
     00000219  _unflip_sprite_horiz               main
     00000232  _update_sprite_animation           main
     000002B9  _title_screen                      main
     0000030F  _clear_screen                      main
     00000335  _main                              main
     0000060A  _PLAYER_SPRITES                    player_sprites
     0000084A  _TILEMAP                           tilemap
     00000C4A  _TILESET                           tileset
     0000123A  _putchar                           font.ms
     00001243  _setchar                           font.ms
     0000124C  _gotoxy                            font.ms
     00001257  _posx                              font.ms
     00001268  _posy                              font.ms
     00001279  .adv_gcurs                         Drawing1
     00001296  .circle                            Drawing1
     00001339  .horlin                            Drawing1
     00001371  .verlin                            Drawing1
     000013CD  .circplot                          Drawing1
     0000144B  .box                               Drawing1
     00001521  .line                              Drawing1
     00001642  .xonly                             Drawing1
     00001791  .yonly                             Drawing1
     000017B2  .plot                              Drawing1
     000017CF  .wrbyte                            Drawing1
     00001851  .getpix                            Drawing1
     00001886  .wrtchr                            Drawing1
     000018EA  _gotogxy                           Drawing1
     000018F5  _wrtchr                            Drawing1
     0000190A  _getpix                            Drawing1
     00001916  _color                             Drawing1
     00001925  _circle                            Drawing1
     0000193F  _box                               Drawing1
     00001963  _line                              Drawing1
     0000197B  _plot_point                        Drawing1
     0000198F  _plot                              Drawing1
     000019B7  _vprintf                           vprintf
     000019D1  _printf                            vprintf
     000019EC  __divsuchar                        
     000019FB  __modsuchar                        
     00001A07  __divuschar                        
     00001A19  __moduschar                        
     00001A29  __divschar                         
     00001A37  __modschar                         
     00001A43  __divsint                          
     00001A57  __modsint                          
     00001A69  __divuchar                         
     00001A77  __moduchar                         
     00001A83  __divuint                          
     00001A97  __moduint                          
ASxxxx Linker V03.00 + NoICE + sdld,  page 4.
Hexadecimal  [32-Bits]

Area                                    Addr        Size        Decimal Bytes (Attributes)
--------------------------------        ----        ----        ------- ----- ------------
_CODE                               00000200    000024E2 =        9442. bytes (REL,CON)

      Value  Global                              Global Defined In Module
      -----  --------------------------------   ------------------------
     00001AA9  .div8                              
     00001AA9  .mod8                              
     00001AB1  .div16                             
     00001AB1  .mod16                             
     00001AE7  .divu8                             
     00001AE7  .modu8                             
     00001AEA  .divu16                            
     00001AEA  .modu16                            
     00001C0F  __print_format                     printf_large
     000026C2  ___sdcc_call_hl                    
     000026C3  _strlen                            _strlen

ASxxxx Linker V03.00 + NoICE + sdld,  page 5.
Hexadecimal  [32-Bits]

Area                                    Addr        Size        Decimal Bytes (Attributes)
--------------------------------        ----        ----        ------- ----- ------------
_HEADER0                            00000000    00000007 =           7. bytes (ABS,CON)

      Value  Global                              Global Defined In Module
      -----  --------------------------------   ------------------------
ASxxxx Linker V03.00 + NoICE + sdld,  page 6.
Hexadecimal  [32-Bits]

Area                                    Addr        Size        Decimal Bytes (Attributes)
--------------------------------        ----        ----        ------- ----- ------------
_HEADER1                            00000000    00000010 =          16. bytes (ABS,CON)

      Value  Global                              Global Defined In Module
      -----  --------------------------------   ------------------------
ASxxxx Linker V03.00 + NoICE + sdld,  page 7.
Hexadecimal  [32-Bits]

Area                                    Addr        Size        Decimal Bytes (Attributes)
--------------------------------        ----        ----        ------- ----- ------------
_HEADER2                            00000000    00000007 =           7. bytes (ABS,CON)

      Value  Global                              Global Defined In Module
      -----  --------------------------------   ------------------------
ASxxxx Linker V03.00 + NoICE + sdld,  page 8.
Hexadecimal  [32-Bits]

Area                                    Addr        Size        Decimal Bytes (Attributes)
--------------------------------        ----        ----        ------- ----- ------------
_HEADER3                            00000000    00000007 =           7. bytes (ABS,CON)

      Value  Global                              Global Defined In Module
      -----  --------------------------------   ------------------------
ASxxxx Linker V03.00 + NoICE + sdld,  page 9.
Hexadecimal  [32-Bits]

Area                                    Addr        Size        Decimal Bytes (Attributes)
--------------------------------        ----        ----        ------- ----- ------------
_HEADER4                            00000000    00000007 =           7. bytes (ABS,CON)

      Value  Global                              Global Defined In Module
      -----  --------------------------------   ------------------------
ASxxxx Linker V03.00 + NoICE + sdld,  page 10.
Hexadecimal  [32-Bits]

Area                                    Addr        Size        Decimal Bytes (Attributes)
--------------------------------        ----        ----        ------- ----- ------------
_HEADER5                            00000000    00000007 =           7. bytes (ABS,CON)

      Value  Global                              Global Defined In Module
      -----  --------------------------------   ------------------------
ASxxxx Linker V03.00 + NoICE + sdld,  page 11.
Hexadecimal  [32-Bits]

Area                                    Addr        Size        Decimal Bytes (Attributes)
--------------------------------        ----        ----        ------- ----- ------------
_HEADER6                            00000000    0000001F =          31. bytes (ABS,CON)

      Value  Global                              Global Defined In Module
      -----  --------------------------------   ------------------------
ASxxxx Linker V03.00 + NoICE + sdld,  page 12.
Hexadecimal  [32-Bits]

Area                                    Addr        Size        Decimal Bytes (Attributes)
--------------------------------        ----        ----        ------- ----- ------------
_HEADER7                            00000000    00000034 =          52. bytes (ABS,CON)

      Value  Global                              Global Defined In Module
      -----  --------------------------------   ------------------------
ASxxxx Linker V03.00 + NoICE + sdld,  page 13.
Hexadecimal  [32-Bits]

Area                                    Addr        Size        Decimal Bytes (Attributes)
--------------------------------        ----        ----        ------- ----- ------------
_HEADER8                            00000000    00000006 =           6. bytes (ABS,CON)

      Value  Global                              Global Defined In Module
      -----  --------------------------------   ------------------------
ASxxxx Linker V03.00 + NoICE + sdld,  page 14.
Hexadecimal  [32-Bits]

Area                                    Addr        Size        Decimal Bytes (Attributes)
--------------------------------        ----        ----        ------- ----- ------------
_HEADER9                            00000000    00000003 =           3. bytes (ABS,CON)

      Value  Global                              Global Defined In Module
      -----  --------------------------------   ------------------------
ASxxxx Linker V03.00 + NoICE + sdld,  page 15.
Hexadecimal  [32-Bits]

Area                                    Addr        Size        Decimal Bytes (Attributes)
--------------------------------        ----        ----        ------- ----- ------------
_HEADERa                            00000000    00000001 =           1. bytes (ABS,CON)

      Value  Global                              Global Defined In Module
      -----  --------------------------------   ------------------------
ASxxxx Linker V03.00 + NoICE + sdld,  page 16.
Hexadecimal  [32-Bits]

Area                                    Addr        Size        Decimal Bytes (Attributes)
--------------------------------        ----        ----        ------- ----- ------------
_HEADERb                            00000000    00000001 =           1. bytes (ABS,CON)

      Value  Global                              Global Defined In Module
      -----  --------------------------------   ------------------------
ASxxxx Linker V03.00 + NoICE + sdld,  page 17.
Hexadecimal  [32-Bits]

Area                                    Addr        Size        Decimal Bytes (Attributes)
--------------------------------        ----        ----        ------- ----- ------------
_HEADERc                            00000000    00000001 =           1. bytes (ABS,CON)

      Value  Global                              Global Defined In Module
      -----  --------------------------------   ------------------------
ASxxxx Linker V03.00 + NoICE + sdld,  page 18.
Hexadecimal  [32-Bits]

Area                                    Addr        Size        Decimal Bytes (Attributes)
--------------------------------        ----        ----        ------- ----- ------------
_HEADERd                            00000000    00000002 =           2. bytes (ABS,CON)

      Value  Global                              Global Defined In Module
      -----  --------------------------------   ------------------------
ASxxxx Linker V03.00 + NoICE + sdld,  page 19.
Hexadecimal  [32-Bits]

Area                                    Addr        Size        Decimal Bytes (Attributes)
--------------------------------        ----        ----        ------- ----- ------------
_HEADERe                            00000000    00000001 =           1. bytes (ABS,CON)

      Value  Global                              Global Defined In Module
      -----  --------------------------------   ------------------------
ASxxxx Linker V03.00 + NoICE + sdld,  page 20.
Hexadecimal  [32-Bits]

Area                                    Addr        Size        Decimal Bytes (Attributes)
--------------------------------        ----        ----        ------- ----- ------------
_HEADERf                            00000000    00000001 =           1. bytes (ABS,CON)

      Value  Global                              Global Defined In Module
      -----  --------------------------------   ------------------------
ASxxxx Linker V03.00 + NoICE + sdld,  page 21.
Hexadecimal  [32-Bits]

Area                                    Addr        Size        Decimal Bytes (Attributes)
--------------------------------        ----        ----        ------- ----- ------------
_HEADER10                           00000000    00000002 =           2. bytes (ABS,CON)

      Value  Global                              Global Defined In Module
      -----  --------------------------------   ------------------------
ASxxxx Linker V03.00 + NoICE + sdld,  page 22.
Hexadecimal  [32-Bits]

Area                                    Addr        Size        Decimal Bytes (Attributes)
--------------------------------        ----        ----        ------- ----- ------------
_HEADER11                           00000000    00000085 =         133. bytes (ABS,CON)

      Value  Global                              Global Defined In Module
      -----  --------------------------------   ------------------------
     000001D2  _exit                              Runtime

ASxxxx Linker V03.00 + NoICE + sdld,  page 23.
Hexadecimal  [32-Bits]

Area                                    Addr        Size        Decimal Bytes (Attributes)
--------------------------------        ----        ----        ------- ----- ------------
_HEADER12                           00000000    00000001 =           1. bytes (ABS,CON)

      Value  Global                              Global Defined In Module
      -----  --------------------------------   ------------------------
ASxxxx Linker V03.00 + NoICE + sdld,  page 24.
Hexadecimal  [32-Bits]

Area                                    Addr        Size        Decimal Bytes (Attributes)
--------------------------------        ----        ----        ------- ----- ------------
_HOME                               000026E2    000001AC =         428. bytes (REL,CON)

      Value  Global                              Global Defined In Module
      -----  --------------------------------   ------------------------
     000026E2  .set_mode                          Runtime
     000026F2  .remove_VBL                        Runtime
     000026F8  .remove_LCD                        Runtime
     000026FE  .remove_TIM                        Runtime
     00002704  .remove_SIO                        Runtime
     0000270A  .remove_JOY                        Runtime
     00002710  .add_VBL                           Runtime
     00002716  .add_LCD                           Runtime
     0000271C  .add_TIM                           Runtime
     00002722  .add_SIO                           Runtime
     00002728  .add_JOY                           Runtime
     0000272E  .remove_int                        Runtime
     0000274E  .add_int                           Runtime
     0000276A  .wait_vbl_done                     Runtime
     0000276A  _wait_vbl_done                     Runtime
     00002781  .display_off                       Runtime
     00002781  _display_off                       Runtime
     000027A2  .serial_IO                         Runtime
     000027D1  _mode                              Runtime
     000027DA  _get_mode                          Runtime
     000027DF  _enable_interrupts                 Runtime
     000027E1  _disable_interrupts                Runtime
     000027E3  .reset                             Runtime
     000027E3  _reset                             Runtime
     000027E9  _set_interrupts                    Runtime
     000027F4  _remove_VBL                        Runtime
     000027FF  _remove_LCD                        Runtime
     0000280A  _remove_TIM                        Runtime
     00002815  _remove_SIO                        Runtime
     00002820  _remove_JOY                        Runtime
     0000282B  _add_VBL                           Runtime
     00002836  _add_LCD                           Runtime
     00002841  _add_TIM                           Runtime
     0000284C  _add_SIO                           Runtime
     00002857  _add_JOY                           Runtime
     00002862  _clock                             Runtime
     0000286B  __printTStates                     Runtime
     0000286C  banked_call                        Runtime
     00002885  banked_ret                         Runtime
ASxxxx Linker V03.00 + NoICE + sdld,  page 25.
Hexadecimal  [32-Bits]

Area                                    Addr        Size        Decimal Bytes (Attributes)
--------------------------------        ----        ----        ------- ----- ------------
_BASE                               0000288E    00000FF2 =        4082. bytes (REL,CON)

      Value  Global                              Global Defined In Module
      -----  --------------------------------   ------------------------
     0000288E  .set_sprite_prop                   
     0000289B  _set_sprite_prop                   
     000028A6  _scroll_bkg                        
     000028BC  font_copy_uncompressed             font.ms
     000028F2  font_copy_compressed               font.ms
     00002947  font_load                          font.ms
     0000298F  font_copy_current                  font.ms
     000029D7  font_set                           font.ms
     000029E4  .put_char                          font.ms
     000029FD  .out_char                          font.ms
     00002A04  .del_char                          font.ms
     00002A5F  _font_load                         font.ms
     00002A6D  _font_set                          font.ms
     00002A7C  _font_init                         font.ms
     00002A9E  .cls                               font.ms
     00002A9E  _cls                               font.ms
     00002AD0  .cr_curs                           font.ms
     00002AE5  .adv_curs                          font.ms
     00002B41  .tmode                             font.ms
     00002B6A  .tmode_out                         font.ms
     00002B7A  .padup                             
     00002B7A  _waitpadup                         
     00002B8A  .jpad                              
     00002BB7  .wait_pad                          
     00002BBE  _joypad                            
     00002BC3  _waitpad                           
     00002BCD  .mv_sprite                         
     00002BDC  _move_sprite                       
     00002BE9  _set_bkg_data                      
     00002BE9  _set_win_data                      
     00002C36  _set_sprite_data                   
     00002C65  _font_load_ibm_fixed               
     00002C6C  _font_ibm_fixed                    
     00002D6E  _font_ibm_fixed_tiles              
     0000356E  .gmode                             Drawing1
     000035D0  .vbl                               Drawing1
     000035DB  .lcd                               Drawing1
     000035E8  .draw_image                        Drawing1
     000035F2  .switch_data                       Drawing1
     00003629  _switch_data                       Drawing1
     00003644  _draw_image                        Drawing1
     00003657  .y_table                           Drawing1
     00003777  _move_bkg                          
     00003780  .set_sprite_tile                   
     0000378D  _set_sprite_tile                   
     00003798  .get_sprite_prop                   
     000037A5  _get_sprite_prop                   
     000037AE  .init_vram                         
     000037BC  .init_wtt                          
     000037CC  .init_btt                          
ASxxxx Linker V03.00 + NoICE + sdld,  page 26.
Hexadecimal  [32-Bits]

Area                                    Addr        Size        Decimal Bytes (Attributes)
--------------------------------        ----        ----        ------- ----- ------------
_BASE                               0000288E    00000FF2 =        4082. bytes (REL,CON)

      Value  Global                              Global Defined In Module
      -----  --------------------------------   ------------------------
     000037DA  .init_tt                           
     000037E0  .copy_vram                         
     000037EF  _get_data                          
     000037EF  _set_data                          
     00003802  _set_bkg_tiles                     
     00003816  .set_xy_wtt                        
     00003827  .set_xy_btt                        
     00003836  .set_xy_tt                         
     00003867  _set_tiles                         

ASxxxx Linker V03.00 + NoICE + sdld,  page 27.
Hexadecimal  [32-Bits]

Area                                    Addr        Size        Decimal Bytes (Attributes)
--------------------------------        ----        ----        ------- ----- ------------
_GSINIT                             00003880    000000F0 =         240. bytes (REL,CON)

      Value  Global                              Global Defined In Module
      -----  --------------------------------   ------------------------
     00003880  gsinit                             Runtime

ASxxxx Linker V03.00 + NoICE + sdld,  page 28.
Hexadecimal  [32-Bits]

Area                                    Addr        Size        Decimal Bytes (Attributes)
--------------------------------        ----        ----        ------- ----- ------------
_GSINITTAIL                         00003970    00000001 =           1. bytes (REL,CON)

      Value  Global                              Global Defined In Module
      -----  --------------------------------   ------------------------
ASxxxx Linker V03.00 + NoICE + sdld,  page 29.
Hexadecimal  [32-Bits]

Area                                    Addr        Size        Decimal Bytes (Attributes)
--------------------------------        ----        ----        ------- ----- ------------
_DATA                               0000C0A0    00000039 =          57. bytes (REL,CON)

      Value  Global                              Global Defined In Module
      -----  --------------------------------   ------------------------
     0000C0A0  _PLAYER_SPRITE_ANIM_L              main
     0000C0B8  _PLAYER_SPRITE_ANIM_R              main
     0000C0D0  _player_x                          main
     0000C0D1  _player_y                          main
     0000C0D2  _player_virtual_x                  main
     0000C0D4  _player_virtual_y                  main
     0000C0D6  _player_direction                  main
     0000C0D7  _player_animation_frame            main
     0000C0D8  _is_player_walking                 main
ASxxxx Linker V03.00 + NoICE + sdld,  page 30.
Hexadecimal  [32-Bits]

Area                                    Addr        Size        Decimal Bytes (Attributes)
--------------------------------        ----        ----        ------- ----- ------------
_BSS                                0000C0D9    00000084 =         132. bytes (REL,CON)

      Value  Global                              Global Defined In Module
      -----  --------------------------------   ------------------------
     0000C0D9  __cpu                              Runtime
     0000C0DA  .mode                              Runtime
     0000C0DB  __io_out                           Runtime
     0000C0DC  __io_in                            Runtime
     0000C0DD  __io_status                        Runtime
     0000C0DE  .vbl_done                          Runtime
     0000C0DF  __current_bank                     Runtime
     0000C0E0  .sys_time                          Runtime
     0000C0E0  _sys_time                          Runtime
     0000C0E2  .int_0x40                          Runtime
     0000C0F2  .int_0x48                          Runtime
     0000C102  .int_0x50                          Runtime
     0000C112  .int_0x58                          Runtime
     0000C122  .int_0x60                          Runtime
     0000C132  font_current                       font.ms
     0000C135  font_first_free_tile               font.ms
     0000C136  font_table                         font.ms
     0000C148  .curx                              font.ms
     0000C149  .cury                              font.ms
     0000C14A  .fg_colour                         Drawing1
     0000C14B  .bg_colour                         Drawing1
ASxxxx Linker V03.00 + NoICE + sdld,  page 31.
Hexadecimal  [32-Bits]

Area                                    Addr        Size        Decimal Bytes (Attributes)
--------------------------------        ----        ----        ------- ----- ------------
_HEAP                               0000C15D    00000000 =           0. bytes (REL,CON)

      Value  Global                              Global Defined In Module
      -----  --------------------------------   ------------------------
     0000C15D  _malloc_heap_start                 Runtime

ASxxxx Linker V03.00 + NoICE + sdld,  page 32.

Files Linked                              [ module(s) ]

C:/Users/FDO/GB_GayTest/src/gbdk/bin/../lib/crt0.rel
                                          [ Runtime ]
main.rel                                  [ main ]
player.sprites.rel                        [ player_sprites ]
tilemap.rel                               [ tilemap ]
tileset.rel                               [ tileset ]


Libraries Linked                          [ object file ]

C:/Users/FDO/GB_GayTest/src/gbdk/bin/../lib/gb.lib
                                          [ set_prop.rel ]
C:/Users/FDO/GB_GayTest/src/gbdk/bin/../lib/gb.lib
                                          [ scroll_b.rel ]
C:/Users/FDO/GB_GayTest/src/gbdk/bin/../lib/gb.lib
                                          [ font.rel ]
C:/Users/FDO/GB_GayTest/src/gbdk/bin/../lib/gb.lib
                                          [ pad.rel ]
C:/Users/FDO/GB_GayTest/src/gbdk/bin/../lib/gb.lib
                                          [ mv_spr.rel ]
C:/Users/FDO/GB_GayTest/src/gbdk/bin/../lib/gb.lib
                                          [ set_data.rel ]
C:/Users/FDO/GB_GayTest/src/gbdk/bin/../lib/gb.lib
                                          [ ibmfixed.rel ]
C:/Users/FDO/GB_GayTest/src/gbdk/bin/../lib/gb.lib
                                          [ drawing.rel ]
C:/Users/FDO/GB_GayTest/src/gbdk/bin/../lib/gb.lib
                                          [ mv_bkg.rel ]
C:/Users/FDO/GB_GayTest/src/gbdk/bin/../lib/gb.lib
                                          [ set_spr.rel ]
C:\Program Files\SDCC\bin\..\lib\gbz80/gbz80.lib
                                          [ vprintf.rel ]
C:/Users/FDO/GB_GayTest/src/gbdk/bin/../lib/gb.lib
                                          [ get_prop.rel ]
C:/Users/FDO/GB_GayTest/src/gbdk/bin/../lib/gb.lib
                                          [ init_tt.rel ]
C:\Program Files\SDCC\bin\..\lib\gbz80/gbz80.lib
                                          [ div.rel ]
C:/Users/FDO/GB_GayTest/src/gbdk/bin/../lib/gb.lib
                                          [ cpy_data.rel ]
C:/Users/FDO/GB_GayTest/src/gbdk/bin/../lib/gb.lib
                                          [ set_bk_t.rel ]
C:\Program Files\SDCC\bin\..\lib\gbz80/gbz80.lib
                                          [ printf_large.rel ]
C:\Program Files\SDCC\bin\..\lib\gbz80/gbz80.lib
                                          [ __sdcc_call_hl.rel ]
C:/Users/FDO/GB_GayTest/src/gbdk/bin/../lib/gb.lib
                                          [ set_xy_t.rel ]
C:\Program Files\SDCC\bin\..\lib\gbz80/gbz80.lib
                                          [ _strlen.rel ]

ASxxxx Linker V03.00 + NoICE + sdld,  page 33.

User Base Address Definitions

_CODE = 0x0200
_DATA = 0xc0a0

