                              1 ;--------------------------------------------------------
                              2 ; File Created by SDCC : free open source ANSI-C Compiler
                              3 ; Version 4.0.0 #11528 (MINGW64)
                              4 ;--------------------------------------------------------
                              5 	.module player_sprites
                              6 	.optsdcc -mgbz80
                              7 	
                              8 ;--------------------------------------------------------
                              9 ; Public variables in this module
                             10 ;--------------------------------------------------------
                             11 	.globl _PLAYER_SPRITES
                             12 ;--------------------------------------------------------
                             13 ; special function registers
                             14 ;--------------------------------------------------------
                             15 ;--------------------------------------------------------
                             16 ; ram data
                             17 ;--------------------------------------------------------
                             18 	.area _DATA
                             19 ;--------------------------------------------------------
                             20 ; absolute external ram data
                             21 ;--------------------------------------------------------
                             22 	.area _DABS (ABS)
                             23 ;--------------------------------------------------------
                             24 ; global & static initialisations
                             25 ;--------------------------------------------------------
                             26 	.area _HOME
                             27 	.area _GSINIT
                             28 	.area _GSFINAL
                             29 	.area _GSINIT
                             30 ;--------------------------------------------------------
                             31 ; Home
                             32 ;--------------------------------------------------------
                             33 	.area _HOME
                             34 	.area _HOME
                             35 ;--------------------------------------------------------
                             36 ; code
                             37 ;--------------------------------------------------------
                             38 	.area _CODE
                             39 	.area _CODE
   0000                      40 _PLAYER_SPRITES:
   0000 00                   41 	.db #0x00	; 0
   0001 00                   42 	.db #0x00	; 0
   0002 0F                   43 	.db #0x0f	; 15
   0003 00                   44 	.db #0x00	; 0
   0004 1F                   45 	.db #0x1f	; 31
   0005 0F                   46 	.db #0x0f	; 15
   0006 1F                   47 	.db #0x1f	; 31
   0007 08                   48 	.db #0x08	; 8
   0008 1C                   49 	.db #0x1c	; 28
   0009 0B                   50 	.db #0x0b	; 11
   000A 1D                   51 	.db #0x1d	; 29
   000B 0A                   52 	.db #0x0a	; 10
   000C 1C                   53 	.db #0x1c	; 28
   000D 0B                   54 	.db #0x0b	; 11
   000E 3F                   55 	.db #0x3f	; 63
   000F 08                   56 	.db #0x08	; 8
   0010 7F                   57 	.db #0x7f	; 127
   0011 3F                   58 	.db #0x3f	; 63
   0012 7F                   59 	.db #0x7f	; 127
   0013 2D                   60 	.db #0x2d	; 45
   0014 3F                   61 	.db #0x3f	; 63
   0015 08                   62 	.db #0x08	; 8
   0016 1F                   63 	.db #0x1f	; 31
   0017 0D                   64 	.db #0x0d	; 13
   0018 1F                   65 	.db #0x1f	; 31
   0019 0F                   66 	.db #0x0f	; 15
   001A 1F                   67 	.db #0x1f	; 31
   001B 0F                   68 	.db #0x0f	; 15
   001C 0F                   69 	.db #0x0f	; 15
   001D 03                   70 	.db #0x03	; 3
   001E 07                   71 	.db #0x07	; 7
   001F 00                   72 	.db #0x00	; 0
   0020 00                   73 	.db #0x00	; 0
   0021 00                   74 	.db #0x00	; 0
   0022 F8                   75 	.db #0xf8	; 248
   0023 00                   76 	.db #0x00	; 0
   0024 FC                   77 	.db #0xfc	; 252
   0025 F8                   78 	.db #0xf8	; 248
   0026 FC                   79 	.db #0xfc	; 252
   0027 08                   80 	.db #0x08	; 8
   0028 1C                   81 	.db #0x1c	; 28
   0029 E8                   82 	.db #0xe8	; 232
   002A 5C                   83 	.db #0x5c	; 92
   002B A8                   84 	.db #0xa8	; 168
   002C 1C                   85 	.db #0x1c	; 28
   002D E8                   86 	.db #0xe8	; 232
   002E FE                   87 	.db #0xfe	; 254
   002F 18                   88 	.db #0x18	; 24
   0030 FF                   89 	.db #0xff	; 255
   0031 FE                   90 	.db #0xfe	; 254
   0032 FF                   91 	.db #0xff	; 255
   0033 FA                   92 	.db #0xfa	; 250
   0034 FE                   93 	.db #0xfe	; 254
   0035 E8                   94 	.db #0xe8	; 232
   0036 FC                   95 	.db #0xfc	; 252
   0037 D8                   96 	.db #0xd8	; 216
   0038 FC                   97 	.db #0xfc	; 252
   0039 F8                   98 	.db #0xf8	; 248
   003A F8                   99 	.db #0xf8	; 248
   003B F0                  100 	.db #0xf0	; 240
   003C F0                  101 	.db #0xf0	; 240
   003D 60                  102 	.db #0x60	; 96
   003E 70                  103 	.db #0x70	; 112	'p'
   003F 00                  104 	.db #0x00	; 0
   0040 00                  105 	.db #0x00	; 0
   0041 00                  106 	.db #0x00	; 0
   0042 00                  107 	.db #0x00	; 0
   0043 00                  108 	.db #0x00	; 0
   0044 0F                  109 	.db #0x0f	; 15
   0045 00                  110 	.db #0x00	; 0
   0046 1F                  111 	.db #0x1f	; 31
   0047 0F                  112 	.db #0x0f	; 15
   0048 1F                  113 	.db #0x1f	; 31
   0049 08                  114 	.db #0x08	; 8
   004A 1C                  115 	.db #0x1c	; 28
   004B 0B                  116 	.db #0x0b	; 11
   004C 1D                  117 	.db #0x1d	; 29
   004D 0A                  118 	.db #0x0a	; 10
   004E 1C                  119 	.db #0x1c	; 28
   004F 0B                  120 	.db #0x0b	; 11
   0050 1F                  121 	.db #0x1f	; 31
   0051 08                  122 	.db #0x08	; 8
   0052 3F                  123 	.db #0x3f	; 63
   0053 0F                  124 	.db #0x0f	; 15
   0054 3F                  125 	.db #0x3f	; 63
   0055 0D                  126 	.db #0x0d	; 13
   0056 1F                  127 	.db #0x1f	; 31
   0057 08                  128 	.db #0x08	; 8
   0058 1F                  129 	.db #0x1f	; 31
   0059 0D                  130 	.db #0x0d	; 13
   005A 1F                  131 	.db #0x1f	; 31
   005B 0F                  132 	.db #0x0f	; 15
   005C 1F                  133 	.db #0x1f	; 31
   005D 08                  134 	.db #0x08	; 8
   005E 0F                  135 	.db #0x0f	; 15
   005F 00                  136 	.db #0x00	; 0
   0060 00                  137 	.db #0x00	; 0
   0061 00                  138 	.db #0x00	; 0
   0062 00                  139 	.db #0x00	; 0
   0063 00                  140 	.db #0x00	; 0
   0064 F8                  141 	.db #0xf8	; 248
   0065 00                  142 	.db #0x00	; 0
   0066 FC                  143 	.db #0xfc	; 252
   0067 F8                  144 	.db #0xf8	; 248
   0068 FC                  145 	.db #0xfc	; 252
   0069 08                  146 	.db #0x08	; 8
   006A 1C                  147 	.db #0x1c	; 28
   006B E8                  148 	.db #0xe8	; 232
   006C 5C                  149 	.db #0x5c	; 92
   006D A8                  150 	.db #0xa8	; 168
   006E 1C                  151 	.db #0x1c	; 28
   006F E8                  152 	.db #0xe8	; 232
   0070 FC                  153 	.db #0xfc	; 252
   0071 18                  154 	.db #0x18	; 24
   0072 FE                  155 	.db #0xfe	; 254
   0073 F8                  156 	.db #0xf8	; 248
   0074 FB                  157 	.db #0xfb	; 251
   0075 FE                  158 	.db #0xfe	; 254
   0076 FE                  159 	.db #0xfe	; 254
   0077 E8                  160 	.db #0xe8	; 232
   0078 FC                  161 	.db #0xfc	; 252
   0079 D8                  162 	.db #0xd8	; 216
   007A FC                  163 	.db #0xfc	; 252
   007B F8                  164 	.db #0xf8	; 248
   007C F8                  165 	.db #0xf8	; 248
   007D F0                  166 	.db #0xf0	; 240
   007E F0                  167 	.db #0xf0	; 240
   007F 00                  168 	.db #0x00	; 0
   0080 00                  169 	.db #0x00	; 0
   0081 00                  170 	.db #0x00	; 0
   0082 00                  171 	.db #0x00	; 0
   0083 00                  172 	.db #0x00	; 0
   0084 0F                  173 	.db #0x0f	; 15
   0085 00                  174 	.db #0x00	; 0
   0086 1F                  175 	.db #0x1f	; 31
   0087 0F                  176 	.db #0x0f	; 15
   0088 1F                  177 	.db #0x1f	; 31
   0089 08                  178 	.db #0x08	; 8
   008A 1C                  179 	.db #0x1c	; 28
   008B 0B                  180 	.db #0x0b	; 11
   008C 1D                  181 	.db #0x1d	; 29
   008D 0A                  182 	.db #0x0a	; 10
   008E 1C                  183 	.db #0x1c	; 28
   008F 0B                  184 	.db #0x0b	; 11
   0090 1F                  185 	.db #0x1f	; 31
   0091 08                  186 	.db #0x08	; 8
   0092 3F                  187 	.db #0x3f	; 63
   0093 0F                  188 	.db #0x0f	; 15
   0094 6F                  189 	.db #0x6f	; 111	'o'
   0095 3D                  190 	.db #0x3d	; 61
   0096 3F                  191 	.db #0x3f	; 63
   0097 08                  192 	.db #0x08	; 8
   0098 1F                  193 	.db #0x1f	; 31
   0099 0D                  194 	.db #0x0d	; 13
   009A 1F                  195 	.db #0x1f	; 31
   009B 0F                  196 	.db #0x0f	; 15
   009C 1F                  197 	.db #0x1f	; 31
   009D 0F                  198 	.db #0x0f	; 15
   009E 0F                  199 	.db #0x0f	; 15
   009F 00                  200 	.db #0x00	; 0
   00A0 00                  201 	.db #0x00	; 0
   00A1 00                  202 	.db #0x00	; 0
   00A2 00                  203 	.db #0x00	; 0
   00A3 00                  204 	.db #0x00	; 0
   00A4 F8                  205 	.db #0xf8	; 248
   00A5 00                  206 	.db #0x00	; 0
   00A6 FC                  207 	.db #0xfc	; 252
   00A7 F8                  208 	.db #0xf8	; 248
   00A8 FC                  209 	.db #0xfc	; 252
   00A9 08                  210 	.db #0x08	; 8
   00AA 1C                  211 	.db #0x1c	; 28
   00AB E8                  212 	.db #0xe8	; 232
   00AC 5C                  213 	.db #0x5c	; 92
   00AD A8                  214 	.db #0xa8	; 168
   00AE 1C                  215 	.db #0x1c	; 28
   00AF E8                  216 	.db #0xe8	; 232
   00B0 FC                  217 	.db #0xfc	; 252
   00B1 18                  218 	.db #0x18	; 24
   00B2 FE                  219 	.db #0xfe	; 254
   00B3 F8                  220 	.db #0xf8	; 248
   00B4 FE                  221 	.db #0xfe	; 254
   00B5 F8                  222 	.db #0xf8	; 248
   00B6 FC                  223 	.db #0xfc	; 252
   00B7 E8                  224 	.db #0xe8	; 232
   00B8 FC                  225 	.db #0xfc	; 252
   00B9 D8                  226 	.db #0xd8	; 216
   00BA FC                  227 	.db #0xfc	; 252
   00BB F8                  228 	.db #0xf8	; 248
   00BC F8                  229 	.db #0xf8	; 248
   00BD 80                  230 	.db #0x80	; 128
   00BE F0                  231 	.db #0xf0	; 240
   00BF 00                  232 	.db #0x00	; 0
   00C0 00                  233 	.db #0x00	; 0
   00C1 00                  234 	.db #0x00	; 0
   00C2 0F                  235 	.db #0x0f	; 15
   00C3 00                  236 	.db #0x00	; 0
   00C4 17                  237 	.db #0x17	; 23
   00C5 0F                  238 	.db #0x0f	; 15
   00C6 17                  239 	.db #0x17	; 23
   00C7 0F                  240 	.db #0x0f	; 15
   00C8 17                  241 	.db #0x17	; 23
   00C9 0F                  242 	.db #0x0f	; 15
   00CA 10                  243 	.db #0x10	; 16
   00CB 0F                  244 	.db #0x0f	; 15
   00CC 17                  245 	.db #0x17	; 23
   00CD 0F                  246 	.db #0x0f	; 15
   00CE 37                  247 	.db #0x37	; 55	'7'
   00CF 0F                  248 	.db #0x0f	; 15
   00D0 44                  249 	.db #0x44	; 68	'D'
   00D1 3F                  250 	.db #0x3f	; 63
   00D2 57                  251 	.db #0x57	; 87	'W'
   00D3 2F                  252 	.db #0x2f	; 47
   00D4 34                  253 	.db #0x34	; 52	'4'
   00D5 0F                  254 	.db #0x0f	; 15
   00D6 17                  255 	.db #0x17	; 23
   00D7 0F                  256 	.db #0x0f	; 15
   00D8 14                  257 	.db #0x14	; 20
   00D9 0F                  258 	.db #0x0f	; 15
   00DA 0F                  259 	.db #0x0f	; 15
   00DB 07                  260 	.db #0x07	; 7
   00DC 07                  261 	.db #0x07	; 7
   00DD 03                  262 	.db #0x03	; 3
   00DE 07                  263 	.db #0x07	; 7
   00DF 00                  264 	.db #0x00	; 0
   00E0 00                  265 	.db #0x00	; 0
   00E1 00                  266 	.db #0x00	; 0
   00E2 F8                  267 	.db #0xf8	; 248
   00E3 00                  268 	.db #0x00	; 0
   00E4 F4                  269 	.db #0xf4	; 244
   00E5 F8                  270 	.db #0xf8	; 248
   00E6 F4                  271 	.db #0xf4	; 244
   00E7 F8                  272 	.db #0xf8	; 248
   00E8 F4                  273 	.db #0xf4	; 244
   00E9 F8                  274 	.db #0xf8	; 248
   00EA 04                  275 	.db #0x04	; 4
   00EB F8                  276 	.db #0xf8	; 248
   00EC F4                  277 	.db #0xf4	; 244
   00ED F8                  278 	.db #0xf8	; 248
   00EE F6                  279 	.db #0xf6	; 246
   00EF F8                  280 	.db #0xf8	; 248
   00F0 11                  281 	.db #0x11	; 17
   00F1 FE                  282 	.db #0xfe	; 254
   00F2 F5                  283 	.db #0xf5	; 245
   00F3 FA                  284 	.db #0xfa	; 250
   00F4 16                  285 	.db #0x16	; 22
   00F5 F8                  286 	.db #0xf8	; 248
   00F6 F4                  287 	.db #0xf4	; 244
   00F7 F8                  288 	.db #0xf8	; 248
   00F8 14                  289 	.db #0x14	; 20
   00F9 F8                  290 	.db #0xf8	; 248
   00FA F4                  291 	.db #0xf4	; 244
   00FB F8                  292 	.db #0xf8	; 248
   00FC F8                  293 	.db #0xf8	; 248
   00FD 60                  294 	.db #0x60	; 96
   00FE 70                  295 	.db #0x70	; 112	'p'
   00FF 00                  296 	.db #0x00	; 0
   0100 00                  297 	.db #0x00	; 0
   0101 00                  298 	.db #0x00	; 0
   0102 00                  299 	.db #0x00	; 0
   0103 00                  300 	.db #0x00	; 0
   0104 0F                  301 	.db #0x0f	; 15
   0105 00                  302 	.db #0x00	; 0
   0106 17                  303 	.db #0x17	; 23
   0107 0F                  304 	.db #0x0f	; 15
   0108 17                  305 	.db #0x17	; 23
   0109 0F                  306 	.db #0x0f	; 15
   010A 17                  307 	.db #0x17	; 23
   010B 0F                  308 	.db #0x0f	; 15
   010C 10                  309 	.db #0x10	; 16
   010D 0F                  310 	.db #0x0f	; 15
   010E 17                  311 	.db #0x17	; 23
   010F 0F                  312 	.db #0x0f	; 15
   0110 17                  313 	.db #0x17	; 23
   0111 0F                  314 	.db #0x0f	; 15
   0112 34                  315 	.db #0x34	; 52	'4'
   0113 0F                  316 	.db #0x0f	; 15
   0114 47                  317 	.db #0x47	; 71	'G'
   0115 3F                  318 	.db #0x3f	; 63
   0116 34                  319 	.db #0x34	; 52	'4'
   0117 0F                  320 	.db #0x0f	; 15
   0118 17                  321 	.db #0x17	; 23
   0119 0F                  322 	.db #0x0f	; 15
   011A 14                  323 	.db #0x14	; 20
   011B 0F                  324 	.db #0x0f	; 15
   011C 0F                  325 	.db #0x0f	; 15
   011D 07                  326 	.db #0x07	; 7
   011E 07                  327 	.db #0x07	; 7
   011F 00                  328 	.db #0x00	; 0
   0120 00                  329 	.db #0x00	; 0
   0121 00                  330 	.db #0x00	; 0
   0122 00                  331 	.db #0x00	; 0
   0123 00                  332 	.db #0x00	; 0
   0124 F8                  333 	.db #0xf8	; 248
   0125 00                  334 	.db #0x00	; 0
   0126 F4                  335 	.db #0xf4	; 244
   0127 F8                  336 	.db #0xf8	; 248
   0128 F4                  337 	.db #0xf4	; 244
   0129 F8                  338 	.db #0xf8	; 248
   012A F4                  339 	.db #0xf4	; 244
   012B F8                  340 	.db #0xf8	; 248
   012C 04                  341 	.db #0x04	; 4
   012D F8                  342 	.db #0xf8	; 248
   012E F4                  343 	.db #0xf4	; 244
   012F F8                  344 	.db #0xf8	; 248
   0130 F4                  345 	.db #0xf4	; 244
   0131 F8                  346 	.db #0xf8	; 248
   0132 16                  347 	.db #0x16	; 22
   0133 F8                  348 	.db #0xf8	; 248
   0134 F6                  349 	.db #0xf6	; 246
   0135 F8                  350 	.db #0xf8	; 248
   0136 14                  351 	.db #0x14	; 20
   0137 F8                  352 	.db #0xf8	; 248
   0138 F4                  353 	.db #0xf4	; 244
   0139 F8                  354 	.db #0xf8	; 248
   013A 14                  355 	.db #0x14	; 20
   013B F8                  356 	.db #0xf8	; 248
   013C F4                  357 	.db #0xf4	; 244
   013D 88                  358 	.db #0x88	; 136
   013E F8                  359 	.db #0xf8	; 248
   013F 00                  360 	.db #0x00	; 0
   0140 00                  361 	.db #0x00	; 0
   0141 00                  362 	.db #0x00	; 0
   0142 00                  363 	.db #0x00	; 0
   0143 00                  364 	.db #0x00	; 0
   0144 0F                  365 	.db #0x0f	; 15
   0145 00                  366 	.db #0x00	; 0
   0146 17                  367 	.db #0x17	; 23
   0147 0F                  368 	.db #0x0f	; 15
   0148 17                  369 	.db #0x17	; 23
   0149 0F                  370 	.db #0x0f	; 15
   014A 17                  371 	.db #0x17	; 23
   014B 0F                  372 	.db #0x0f	; 15
   014C 10                  373 	.db #0x10	; 16
   014D 0F                  374 	.db #0x0f	; 15
   014E 17                  375 	.db #0x17	; 23
   014F 0F                  376 	.db #0x0f	; 15
   0150 17                  377 	.db #0x17	; 23
   0151 0F                  378 	.db #0x0f	; 15
   0152 34                  379 	.db #0x34	; 52	'4'
   0153 0F                  380 	.db #0x0f	; 15
   0154 37                  381 	.db #0x37	; 55	'7'
   0155 0F                  382 	.db #0x0f	; 15
   0156 14                  383 	.db #0x14	; 20
   0157 0F                  384 	.db #0x0f	; 15
   0158 17                  385 	.db #0x17	; 23
   0159 0F                  386 	.db #0x0f	; 15
   015A 14                  387 	.db #0x14	; 20
   015B 0F                  388 	.db #0x0f	; 15
   015C 0F                  389 	.db #0x0f	; 15
   015D 00                  390 	.db #0x00	; 0
   015E 07                  391 	.db #0x07	; 7
   015F 00                  392 	.db #0x00	; 0
   0160 00                  393 	.db #0x00	; 0
   0161 00                  394 	.db #0x00	; 0
   0162 00                  395 	.db #0x00	; 0
   0163 00                  396 	.db #0x00	; 0
   0164 F8                  397 	.db #0xf8	; 248
   0165 00                  398 	.db #0x00	; 0
   0166 F4                  399 	.db #0xf4	; 244
   0167 F8                  400 	.db #0xf8	; 248
   0168 F4                  401 	.db #0xf4	; 244
   0169 F8                  402 	.db #0xf8	; 248
   016A F4                  403 	.db #0xf4	; 244
   016B F8                  404 	.db #0xf8	; 248
   016C 04                  405 	.db #0x04	; 4
   016D F8                  406 	.db #0xf8	; 248
   016E F4                  407 	.db #0xf4	; 244
   016F F8                  408 	.db #0xf8	; 248
   0170 F4                  409 	.db #0xf4	; 244
   0171 F8                  410 	.db #0xf8	; 248
   0172 16                  411 	.db #0x16	; 22
   0173 F8                  412 	.db #0xf8	; 248
   0174 F1                  413 	.db #0xf1	; 241
   0175 FE                  414 	.db #0xfe	; 254
   0176 16                  415 	.db #0x16	; 22
   0177 F8                  416 	.db #0xf8	; 248
   0178 F4                  417 	.db #0xf4	; 244
   0179 F8                  418 	.db #0xf8	; 248
   017A 14                  419 	.db #0x14	; 20
   017B F8                  420 	.db #0xf8	; 248
   017C F4                  421 	.db #0xf4	; 244
   017D F8                  422 	.db #0xf8	; 248
   017E F8                  423 	.db #0xf8	; 248
   017F 00                  424 	.db #0x00	; 0
   0180 00                  425 	.db #0x00	; 0
   0181 00                  426 	.db #0x00	; 0
   0182 01                  427 	.db #0x01	; 1
   0183 00                  428 	.db #0x00	; 0
   0184 03                  429 	.db #0x03	; 3
   0185 01                  430 	.db #0x01	; 1
   0186 03                  431 	.db #0x03	; 3
   0187 01                  432 	.db #0x01	; 1
   0188 03                  433 	.db #0x03	; 3
   0189 01                  434 	.db #0x01	; 1
   018A 07                  435 	.db #0x07	; 7
   018B 01                  436 	.db #0x01	; 1
   018C 05                  437 	.db #0x05	; 5
   018D 03                  438 	.db #0x03	; 3
   018E 07                  439 	.db #0x07	; 7
   018F 03                  440 	.db #0x03	; 3
   0190 05                  441 	.db #0x05	; 5
   0191 02                  442 	.db #0x02	; 2
   0192 07                  443 	.db #0x07	; 7
   0193 02                  444 	.db #0x02	; 2
   0194 05                  445 	.db #0x05	; 5
   0195 03                  446 	.db #0x03	; 3
   0196 07                  447 	.db #0x07	; 7
   0197 03                  448 	.db #0x03	; 3
   0198 05                  449 	.db #0x05	; 5
   0199 03                  450 	.db #0x03	; 3
   019A 03                  451 	.db #0x03	; 3
   019B 00                  452 	.db #0x00	; 0
   019C 00                  453 	.db #0x00	; 0
   019D 00                  454 	.db #0x00	; 0
   019E 00                  455 	.db #0x00	; 0
   019F 00                  456 	.db #0x00	; 0
   01A0 00                  457 	.db #0x00	; 0
   01A1 00                  458 	.db #0x00	; 0
   01A2 E0                  459 	.db #0xe0	; 224
   01A3 00                  460 	.db #0x00	; 0
   01A4 F0                  461 	.db #0xf0	; 240
   01A5 E0                  462 	.db #0xe0	; 224
   01A6 F0                  463 	.db #0xf0	; 240
   01A7 E0                  464 	.db #0xe0	; 224
   01A8 F0                  465 	.db #0xf0	; 240
   01A9 E0                  466 	.db #0xe0	; 224
   01AA F0                  467 	.db #0xf0	; 240
   01AB E0                  468 	.db #0xe0	; 224
   01AC F0                  469 	.db #0xf0	; 240
   01AD E0                  470 	.db #0xe0	; 224
   01AE F0                  471 	.db #0xf0	; 240
   01AF A0                  472 	.db #0xa0	; 160
   01B0 F0                  473 	.db #0xf0	; 240
   01B1 A0                  474 	.db #0xa0	; 160
   01B2 F0                  475 	.db #0xf0	; 240
   01B3 A0                  476 	.db #0xa0	; 160
   01B4 B0                  477 	.db #0xb0	; 176
   01B5 60                  478 	.db #0x60	; 96
   01B6 70                  479 	.db #0x70	; 112	'p'
   01B7 E0                  480 	.db #0xe0	; 224
   01B8 F0                  481 	.db #0xf0	; 240
   01B9 E0                  482 	.db #0xe0	; 224
   01BA E0                  483 	.db #0xe0	; 224
   01BB C0                  484 	.db #0xc0	; 192
   01BC E0                  485 	.db #0xe0	; 224
   01BD 40                  486 	.db #0x40	; 64
   01BE E0                  487 	.db #0xe0	; 224
   01BF 00                  488 	.db #0x00	; 0
   01C0 00                  489 	.db #0x00	; 0
   01C1 00                  490 	.db #0x00	; 0
   01C2 00                  491 	.db #0x00	; 0
   01C3 00                  492 	.db #0x00	; 0
   01C4 01                  493 	.db #0x01	; 1
   01C5 00                  494 	.db #0x00	; 0
   01C6 03                  495 	.db #0x03	; 3
   01C7 01                  496 	.db #0x01	; 1
   01C8 03                  497 	.db #0x03	; 3
   01C9 01                  498 	.db #0x01	; 1
   01CA 03                  499 	.db #0x03	; 3
   01CB 01                  500 	.db #0x01	; 1
   01CC 07                  501 	.db #0x07	; 7
   01CD 01                  502 	.db #0x01	; 1
   01CE 05                  503 	.db #0x05	; 5
   01CF 03                  504 	.db #0x03	; 3
   01D0 07                  505 	.db #0x07	; 7
   01D1 03                  506 	.db #0x03	; 3
   01D2 05                  507 	.db #0x05	; 5
   01D3 03                  508 	.db #0x03	; 3
   01D4 07                  509 	.db #0x07	; 7
   01D5 03                  510 	.db #0x03	; 3
   01D6 05                  511 	.db #0x05	; 5
   01D7 03                  512 	.db #0x03	; 3
   01D8 07                  513 	.db #0x07	; 7
   01D9 03                  514 	.db #0x03	; 3
   01DA 05                  515 	.db #0x05	; 5
   01DB 03                  516 	.db #0x03	; 3
   01DC 03                  517 	.db #0x03	; 3
   01DD 01                  518 	.db #0x01	; 1
   01DE 03                  519 	.db #0x03	; 3
   01DF 00                  520 	.db #0x00	; 0
   01E0 00                  521 	.db #0x00	; 0
   01E1 00                  522 	.db #0x00	; 0
   01E2 00                  523 	.db #0x00	; 0
   01E3 00                  524 	.db #0x00	; 0
   01E4 E0                  525 	.db #0xe0	; 224
   01E5 00                  526 	.db #0x00	; 0
   01E6 F0                  527 	.db #0xf0	; 240
   01E7 E0                  528 	.db #0xe0	; 224
   01E8 F0                  529 	.db #0xf0	; 240
   01E9 E0                  530 	.db #0xe0	; 224
   01EA F0                  531 	.db #0xf0	; 240
   01EB E0                  532 	.db #0xe0	; 224
   01EC F0                  533 	.db #0xf0	; 240
   01ED E0                  534 	.db #0xe0	; 224
   01EE F0                  535 	.db #0xf0	; 240
   01EF E0                  536 	.db #0xe0	; 224
   01F0 F0                  537 	.db #0xf0	; 240
   01F1 A0                  538 	.db #0xa0	; 160
   01F2 F0                  539 	.db #0xf0	; 240
   01F3 40                  540 	.db #0x40	; 64
   01F4 70                  541 	.db #0x70	; 112	'p'
   01F5 A0                  542 	.db #0xa0	; 160
   01F6 B0                  543 	.db #0xb0	; 176
   01F7 C0                  544 	.db #0xc0	; 192
   01F8 D0                  545 	.db #0xd0	; 208
   01F9 E0                  546 	.db #0xe0	; 224
   01FA F0                  547 	.db #0xf0	; 240
   01FB E0                  548 	.db #0xe0	; 224
   01FC F8                  549 	.db #0xf8	; 248
   01FD 80                  550 	.db #0x80	; 128
   01FE B0                  551 	.db #0xb0	; 176
   01FF 00                  552 	.db #0x00	; 0
   0200 00                  553 	.db #0x00	; 0
   0201 00                  554 	.db #0x00	; 0
   0202 00                  555 	.db #0x00	; 0
   0203 00                  556 	.db #0x00	; 0
   0204 01                  557 	.db #0x01	; 1
   0205 00                  558 	.db #0x00	; 0
   0206 03                  559 	.db #0x03	; 3
   0207 01                  560 	.db #0x01	; 1
   0208 03                  561 	.db #0x03	; 3
   0209 01                  562 	.db #0x01	; 1
   020A 03                  563 	.db #0x03	; 3
   020B 01                  564 	.db #0x01	; 1
   020C 07                  565 	.db #0x07	; 7
   020D 01                  566 	.db #0x01	; 1
   020E 05                  567 	.db #0x05	; 5
   020F 03                  568 	.db #0x03	; 3
   0210 07                  569 	.db #0x07	; 7
   0211 03                  570 	.db #0x03	; 3
   0212 05                  571 	.db #0x05	; 5
   0213 02                  572 	.db #0x02	; 2
   0214 07                  573 	.db #0x07	; 7
   0215 01                  574 	.db #0x01	; 1
   0216 05                  575 	.db #0x05	; 5
   0217 02                  576 	.db #0x02	; 2
   0218 06                  577 	.db #0x06	; 6
   0219 03                  578 	.db #0x03	; 3
   021A 05                  579 	.db #0x05	; 5
   021B 03                  580 	.db #0x03	; 3
   021C 03                  581 	.db #0x03	; 3
   021D 00                  582 	.db #0x00	; 0
   021E 03                  583 	.db #0x03	; 3
   021F 00                  584 	.db #0x00	; 0
   0220 00                  585 	.db #0x00	; 0
   0221 00                  586 	.db #0x00	; 0
   0222 00                  587 	.db #0x00	; 0
   0223 00                  588 	.db #0x00	; 0
   0224 E0                  589 	.db #0xe0	; 224
   0225 00                  590 	.db #0x00	; 0
   0226 F0                  591 	.db #0xf0	; 240
   0227 E0                  592 	.db #0xe0	; 224
   0228 F0                  593 	.db #0xf0	; 240
   0229 E0                  594 	.db #0xe0	; 224
   022A F0                  595 	.db #0xf0	; 240
   022B E0                  596 	.db #0xe0	; 224
   022C F0                  597 	.db #0xf0	; 240
   022D E0                  598 	.db #0xe0	; 224
   022E F0                  599 	.db #0xf0	; 240
   022F E0                  600 	.db #0xe0	; 224
   0230 F0                  601 	.db #0xf0	; 240
   0231 60                  602 	.db #0x60	; 96
   0232 F0                  603 	.db #0xf0	; 240
   0233 A0                  604 	.db #0xa0	; 160
   0234 B0                  605 	.db #0xb0	; 176
   0235 60                  606 	.db #0x60	; 96
   0236 70                  607 	.db #0x70	; 112	'p'
   0237 E0                  608 	.db #0xe0	; 224
   0238 F0                  609 	.db #0xf0	; 240
   0239 E0                  610 	.db #0xe0	; 224
   023A F0                  611 	.db #0xf0	; 240
   023B E0                  612 	.db #0xe0	; 224
   023C F8                  613 	.db #0xf8	; 248
   023D 30                  614 	.db #0x30	; 48	'0'
   023E B0                  615 	.db #0xb0	; 176
   023F 00                  616 	.db #0x00	; 0
                            617 	.area _CABS (ABS)
