                              1 ;--------------------------------------------------------
                              2 ; File Created by SDCC : free open source ANSI-C Compiler
                              3 ; Version 4.0.0 #11528 (MINGW64)
                              4 ;--------------------------------------------------------
                              5 	.module tileset
                              6 	.optsdcc -mgbz80
                              7 	
                              8 ;--------------------------------------------------------
                              9 ; Public variables in this module
                             10 ;--------------------------------------------------------
                             11 	.globl _TILESET
                             12 ;--------------------------------------------------------
                             13 ; special function registers
                             14 ;--------------------------------------------------------
                             15 ;--------------------------------------------------------
                             16 ; ram data
                             17 ;--------------------------------------------------------
                             18 	.area _DATA
                             19 ;--------------------------------------------------------
                             20 ; absolute external ram data
                             21 ;--------------------------------------------------------
                             22 	.area _DABS (ABS)
                             23 ;--------------------------------------------------------
                             24 ; global & static initialisations
                             25 ;--------------------------------------------------------
                             26 	.area _HOME
                             27 	.area _GSINIT
                             28 	.area _GSFINAL
                             29 	.area _GSINIT
                             30 ;--------------------------------------------------------
                             31 ; Home
                             32 ;--------------------------------------------------------
                             33 	.area _HOME
                             34 	.area _HOME
                             35 ;--------------------------------------------------------
                             36 ; code
                             37 ;--------------------------------------------------------
                             38 	.area _CODE
                             39 	.area _CODE
   0000                      40 _TILESET:
   0000 50                   41 	.db #0x50	; 80	'P'
   0001 00                   42 	.db #0x00	; 0
   0002 51                   43 	.db #0x51	; 81	'Q'
   0003 01                   44 	.db #0x01	; 1
   0004 02                   45 	.db #0x02	; 2
   0005 02                   46 	.db #0x02	; 2
   0006 04                   47 	.db #0x04	; 4
   0007 04                   48 	.db #0x04	; 4
   0008 28                   49 	.db #0x28	; 40
   0009 09                   50 	.db #0x09	; 9
   000A 26                   51 	.db #0x26	; 38
   000B 07                   52 	.db #0x07	; 7
   000C 09                   53 	.db #0x09	; 9
   000D 0F                   54 	.db #0x0f	; 15
   000E 10                   55 	.db #0x10	; 16
   000F 13                   56 	.db #0x13	; 19
   0010 28                   57 	.db #0x28	; 40
   0011 00                   58 	.db #0x00	; 0
   0012 A8                   59 	.db #0xa8	; 168
   0013 80                   60 	.db #0x80	; 128
   0014 40                   61 	.db #0x40	; 64
   0015 C0                   62 	.db #0xc0	; 192
   0016 25                   63 	.db #0x25	; 37
   0017 E0                   64 	.db #0xe0	; 224
   0018 15                   65 	.db #0x15	; 21
   0019 F0                   66 	.db #0xf0	; 240
   001A E0                   67 	.db #0xe0	; 224
   001B 60                   68 	.db #0x60	; 96
   001C 92                   69 	.db #0x92	; 146
   001D F0                   70 	.db #0xf0	; 240
   001E 2A                   71 	.db #0x2a	; 42
   001F D8                   72 	.db #0xd8	; 216
   0020 A0                   73 	.db #0xa0	; 160
   0021 00                   74 	.db #0x00	; 0
   0022 A2                   75 	.db #0xa2	; 162
   0023 00                   76 	.db #0x00	; 0
   0024 02                   77 	.db #0x02	; 2
   0025 00                   78 	.db #0x00	; 0
   0026 00                   79 	.db #0x00	; 0
   0027 00                   80 	.db #0x00	; 0
   0028 50                   81 	.db #0x50	; 80	'P'
   0029 00                   82 	.db #0x00	; 0
   002A 50                   83 	.db #0x50	; 80	'P'
   002B 00                   84 	.db #0x00	; 0
   002C 00                   85 	.db #0x00	; 0
   002D 00                   86 	.db #0x00	; 0
   002E 00                   87 	.db #0x00	; 0
   002F 00                   88 	.db #0x00	; 0
   0030 00                   89 	.db #0x00	; 0
   0031 00                   90 	.db #0x00	; 0
   0032 80                   91 	.db #0x80	; 128
   0033 00                   92 	.db #0x00	; 0
   0034 80                   93 	.db #0x80	; 128
   0035 00                   94 	.db #0x00	; 0
   0036 05                   95 	.db #0x05	; 5
   0037 00                   96 	.db #0x00	; 0
   0038 05                   97 	.db #0x05	; 5
   0039 00                   98 	.db #0x00	; 0
   003A 50                   99 	.db #0x50	; 80	'P'
   003B 00                  100 	.db #0x00	; 0
   003C 50                  101 	.db #0x50	; 80	'P'
   003D 00                  102 	.db #0x00	; 0
   003E 00                  103 	.db #0x00	; 0
   003F 00                  104 	.db #0x00	; 0
   0040 DF                  105 	.db #0xdf	; 223
   0041 60                  106 	.db #0x60	; 96
   0042 1F                  107 	.db #0x1f	; 31
   0043 C0                  108 	.db #0xc0	; 192
   0044 1F                  109 	.db #0x1f	; 31
   0045 60                  110 	.db #0x60	; 96
   0046 2F                  111 	.db #0x2f	; 47
   0047 60                  112 	.db #0x60	; 96
   0048 AF                  113 	.db #0xaf	; 175
   0049 60                  114 	.db #0x60	; 96
   004A 5F                  115 	.db #0x5f	; 95
   004B C0                  116 	.db #0xc0	; 192
   004C 3F                  117 	.db #0x3f	; 63
   004D C0                  118 	.db #0xc0	; 192
   004E 9F                  119 	.db #0x9f	; 159
   004F 60                  120 	.db #0x60	; 96
   0050 FF                  121 	.db #0xff	; 255
   0051 00                  122 	.db #0x00	; 0
   0052 FF                  123 	.db #0xff	; 255
   0053 00                  124 	.db #0x00	; 0
   0054 FF                  125 	.db #0xff	; 255
   0055 00                  126 	.db #0x00	; 0
   0056 FF                  127 	.db #0xff	; 255
   0057 00                  128 	.db #0x00	; 0
   0058 FF                  129 	.db #0xff	; 255
   0059 00                  130 	.db #0x00	; 0
   005A FF                  131 	.db #0xff	; 255
   005B 00                  132 	.db #0x00	; 0
   005C FF                  133 	.db #0xff	; 255
   005D 00                  134 	.db #0x00	; 0
   005E FF                  135 	.db #0xff	; 255
   005F 00                  136 	.db #0x00	; 0
   0060 FB                  137 	.db #0xfb	; 251
   0061 06                  138 	.db #0x06	; 6
   0062 F8                  139 	.db #0xf8	; 248
   0063 03                  140 	.db #0x03	; 3
   0064 F8                  141 	.db #0xf8	; 248
   0065 06                  142 	.db #0x06	; 6
   0066 F4                  143 	.db #0xf4	; 244
   0067 06                  144 	.db #0x06	; 6
   0068 F5                  145 	.db #0xf5	; 245
   0069 06                  146 	.db #0x06	; 6
   006A FA                  147 	.db #0xfa	; 250
   006B 03                  148 	.db #0x03	; 3
   006C FC                  149 	.db #0xfc	; 252
   006D 03                  150 	.db #0x03	; 3
   006E F9                  151 	.db #0xf9	; 249
   006F 06                  152 	.db #0x06	; 6
   0070 A0                  153 	.db #0xa0	; 160
   0071 26                  154 	.db #0x26	; 38
   0072 9B                  155 	.db #0x9b	; 155
   0073 1C                  156 	.db #0x1c	; 28
   0074 27                  157 	.db #0x27	; 39
   0075 3F                  158 	.db #0x3f	; 63
   0076 48                  159 	.db #0x48	; 72	'H'
   0077 47                  160 	.db #0x47	; 71	'G'
   0078 91                  161 	.db #0x91	; 145
   0079 86                  162 	.db #0x86	; 134
   007A 63                  163 	.db #0x63	; 99	'c'
   007B 6C                  164 	.db #0x6c	; 108	'l'
   007C 1E                  165 	.db #0x1e	; 30
   007D 18                  166 	.db #0x18	; 24
   007E 07                  167 	.db #0x07	; 7
   007F 07                  168 	.db #0x07	; 7
   0080 74                  169 	.db #0x74	; 116	't'
   0081 8C                  170 	.db #0x8c	; 140
   0082 38                  171 	.db #0x38	; 56	'8'
   0083 58                  172 	.db #0x58	; 88	'X'
   0084 E4                  173 	.db #0xe4	; 228
   0085 FC                  174 	.db #0xfc	; 252
   0086 12                  175 	.db #0x12	; 18
   0087 EE                  176 	.db #0xee	; 238
   0088 19                  177 	.db #0x19	; 25
   0089 67                  178 	.db #0x67	; 103	'g'
   008A 8E                  179 	.db #0x8e	; 142
   008B 36                  180 	.db #0x36	; 54	'6'
   008C 58                  181 	.db #0x58	; 88	'X'
   008D 98                  182 	.db #0x98	; 152
   008E E0                  183 	.db #0xe0	; 224
   008F E0                  184 	.db #0xe0	; 224
   0090 50                  185 	.db #0x50	; 80	'P'
   0091 00                  186 	.db #0x00	; 0
   0092 50                  187 	.db #0x50	; 80	'P'
   0093 00                  188 	.db #0x00	; 0
   0094 00                  189 	.db #0x00	; 0
   0095 00                  190 	.db #0x00	; 0
   0096 02                  191 	.db #0x02	; 2
   0097 00                  192 	.db #0x00	; 0
   0098 2A                  193 	.db #0x2a	; 42
   0099 00                  194 	.db #0x00	; 0
   009A 28                  195 	.db #0x28	; 40
   009B 00                  196 	.db #0x00	; 0
   009C 00                  197 	.db #0x00	; 0
   009D 00                  198 	.db #0x00	; 0
   009E 00                  199 	.db #0x00	; 0
   009F 00                  200 	.db #0x00	; 0
   00A0 28                  201 	.db #0x28	; 40
   00A1 00                  202 	.db #0x00	; 0
   00A2 28                  203 	.db #0x28	; 40
   00A3 00                  204 	.db #0x00	; 0
   00A4 00                  205 	.db #0x00	; 0
   00A5 00                  206 	.db #0x00	; 0
   00A6 85                  207 	.db #0x85	; 133
   00A7 00                  208 	.db #0x00	; 0
   00A8 85                  209 	.db #0x85	; 133
   00A9 00                  210 	.db #0x00	; 0
   00AA 00                  211 	.db #0x00	; 0
   00AB 00                  212 	.db #0x00	; 0
   00AC 0A                  213 	.db #0x0a	; 10
   00AD 00                  214 	.db #0x00	; 0
   00AE 0A                  215 	.db #0x0a	; 10
   00AF 00                  216 	.db #0x00	; 0
   00B0 01                  217 	.db #0x01	; 1
   00B1 01                  218 	.db #0x01	; 1
   00B2 07                  219 	.db #0x07	; 7
   00B3 07                  220 	.db #0x07	; 7
   00B4 1D                  221 	.db #0x1d	; 29
   00B5 1B                  222 	.db #0x1b	; 27
   00B6 6D                  223 	.db #0x6d	; 109	'm'
   00B7 7B                  224 	.db #0x7b	; 123
   00B8 ED                  225 	.db #0xed	; 237
   00B9 9B                  226 	.db #0x9b	; 155
   00BA ED                  227 	.db #0xed	; 237
   00BB 9B                  228 	.db #0x9b	; 155
   00BC ED                  229 	.db #0xed	; 237
   00BD 9B                  230 	.db #0x9b	; 155
   00BE ED                  231 	.db #0xed	; 237
   00BF 9B                  232 	.db #0x9b	; 155
   00C0 FF                  233 	.db #0xff	; 255
   00C1 FF                  234 	.db #0xff	; 255
   00C2 00                  235 	.db #0x00	; 0
   00C3 FF                  236 	.db #0xff	; 255
   00C4 FF                  237 	.db #0xff	; 255
   00C5 00                  238 	.db #0x00	; 0
   00C6 00                  239 	.db #0x00	; 0
   00C7 FF                  240 	.db #0xff	; 255
   00C8 FF                  241 	.db #0xff	; 255
   00C9 00                  242 	.db #0x00	; 0
   00CA 00                  243 	.db #0x00	; 0
   00CB FF                  244 	.db #0xff	; 255
   00CC FF                  245 	.db #0xff	; 255
   00CD 00                  246 	.db #0x00	; 0
   00CE 00                  247 	.db #0x00	; 0
   00CF FF                  248 	.db #0xff	; 255
   00D0 80                  249 	.db #0x80	; 128
   00D1 80                  250 	.db #0x80	; 128
   00D2 E0                  251 	.db #0xe0	; 224
   00D3 E0                  252 	.db #0xe0	; 224
   00D4 B8                  253 	.db #0xb8	; 184
   00D5 D8                  254 	.db #0xd8	; 216
   00D6 B6                  255 	.db #0xb6	; 182
   00D7 DE                  256 	.db #0xde	; 222
   00D8 B7                  257 	.db #0xb7	; 183
   00D9 D9                  258 	.db #0xd9	; 217
   00DA B7                  259 	.db #0xb7	; 183
   00DB D9                  260 	.db #0xd9	; 217
   00DC B7                  261 	.db #0xb7	; 183
   00DD D9                  262 	.db #0xd9	; 217
   00DE B7                  263 	.db #0xb7	; 183
   00DF D9                  264 	.db #0xd9	; 217
   00E0 5F                  265 	.db #0x5f	; 95
   00E1 20                  266 	.db #0x20	; 32
   00E2 9F                  267 	.db #0x9f	; 159
   00E3 40                  268 	.db #0x40	; 64
   00E4 97                  269 	.db #0x97	; 151
   00E5 48                  270 	.db #0x48	; 72	'H'
   00E6 03                  271 	.db #0x03	; 3
   00E7 F8                  272 	.db #0xf8	; 248
   00E8 23                  273 	.db #0x23	; 35
   00E9 18                  274 	.db #0x18	; 24
   00EA 10                  275 	.db #0x10	; 16
   00EB 2F                  276 	.db #0x2f	; 47
   00EC 16                  277 	.db #0x16	; 22
   00ED 29                  278 	.db #0x29	; 41
   00EE 00                  279 	.db #0x00	; 0
   00EF 00                  280 	.db #0x00	; 0
   00F0 FF                  281 	.db #0xff	; 255
   00F1 00                  282 	.db #0x00	; 0
   00F2 FF                  283 	.db #0xff	; 255
   00F3 00                  284 	.db #0x00	; 0
   00F4 FF                  285 	.db #0xff	; 255
   00F5 00                  286 	.db #0x00	; 0
   00F6 FF                  287 	.db #0xff	; 255
   00F7 00                  288 	.db #0x00	; 0
   00F8 FF                  289 	.db #0xff	; 255
   00F9 00                  290 	.db #0x00	; 0
   00FA FF                  291 	.db #0xff	; 255
   00FB 00                  292 	.db #0x00	; 0
   00FC 7F                  293 	.db #0x7f	; 127
   00FD 80                  294 	.db #0x80	; 128
   00FE 7F                  295 	.db #0x7f	; 127
   00FF C0                  296 	.db #0xc0	; 192
   0100 FF                  297 	.db #0xff	; 255
   0101 00                  298 	.db #0x00	; 0
   0102 FF                  299 	.db #0xff	; 255
   0103 00                  300 	.db #0x00	; 0
   0104 FF                  301 	.db #0xff	; 255
   0105 00                  302 	.db #0x00	; 0
   0106 FF                  303 	.db #0xff	; 255
   0107 00                  304 	.db #0x00	; 0
   0108 FE                  305 	.db #0xfe	; 254
   0109 01                  306 	.db #0x01	; 1
   010A FC                  307 	.db #0xfc	; 252
   010B 02                  308 	.db #0x02	; 2
   010C FB                  309 	.db #0xfb	; 251
   010D 04                  310 	.db #0x04	; 4
   010E F0                  311 	.db #0xf0	; 240
   010F 08                  312 	.db #0x08	; 8
   0110 FF                  313 	.db #0xff	; 255
   0111 00                  314 	.db #0x00	; 0
   0112 E0                  315 	.db #0xe0	; 224
   0113 1F                  316 	.db #0x1f	; 31
   0114 80                  317 	.db #0x80	; 128
   0115 60                  318 	.db #0x60	; 96
   0116 00                  319 	.db #0x00	; 0
   0117 80                  320 	.db #0x80	; 128
   0118 00                  321 	.db #0x00	; 0
   0119 00                  322 	.db #0x00	; 0
   011A 00                  323 	.db #0x00	; 0
   011B 00                  324 	.db #0x00	; 0
   011C 00                  325 	.db #0x00	; 0
   011D 00                  326 	.db #0x00	; 0
   011E 80                  327 	.db #0x80	; 128
   011F 00                  328 	.db #0x00	; 0
   0120 FF                  329 	.db #0xff	; 255
   0121 00                  330 	.db #0x00	; 0
   0122 FF                  331 	.db #0xff	; 255
   0123 00                  332 	.db #0x00	; 0
   0124 7F                  333 	.db #0x7f	; 127
   0125 80                  334 	.db #0x80	; 128
   0126 3F                  335 	.db #0x3f	; 63
   0127 40                  336 	.db #0x40	; 64
   0128 1F                  337 	.db #0x1f	; 31
   0129 20                  338 	.db #0x20	; 32
   012A 1F                  339 	.db #0x1f	; 31
   012B 20                  340 	.db #0x20	; 32
   012C 1F                  341 	.db #0x1f	; 31
   012D 20                  342 	.db #0x20	; 32
   012E 5F                  343 	.db #0x5f	; 95
   012F 30                  344 	.db #0x30	; 48	'0'
   0130 10                  345 	.db #0x10	; 16
   0131 03                  346 	.db #0x03	; 3
   0132 2D                  347 	.db #0x2d	; 45
   0133 02                  348 	.db #0x02	; 2
   0134 1D                  349 	.db #0x1d	; 29
   0135 02                  350 	.db #0x02	; 2
   0136 7D                  351 	.db #0x7d	; 125
   0137 02                  352 	.db #0x02	; 2
   0138 3E                  353 	.db #0x3e	; 62
   0139 01                  354 	.db #0x01	; 1
   013A 5F                  355 	.db #0x5f	; 95
   013B 00                  356 	.db #0x00	; 0
   013C 2F                  357 	.db #0x2f	; 47
   013D 00                  358 	.db #0x00	; 0
   013E 0B                  359 	.db #0x0b	; 11
   013F 00                  360 	.db #0x00	; 0
   0140 48                  361 	.db #0x48	; 72	'H'
   0141 C0                  362 	.db #0xc0	; 192
   0142 74                  363 	.db #0x74	; 116	't'
   0143 C0                  364 	.db #0xc0	; 192
   0144 78                  365 	.db #0x78	; 120	'x'
   0145 C0                  366 	.db #0xc0	; 192
   0146 7E                  367 	.db #0x7e	; 126
   0147 C0                  368 	.db #0xc0	; 192
   0148 FC                  369 	.db #0xfc	; 252
   0149 80                  370 	.db #0x80	; 128
   014A FA                  371 	.db #0xfa	; 250
   014B 00                  372 	.db #0x00	; 0
   014C F4                  373 	.db #0xf4	; 244
   014D 00                  374 	.db #0x00	; 0
   014E D0                  375 	.db #0xd0	; 208
   014F 00                  376 	.db #0x00	; 0
   0150 ED                  377 	.db #0xed	; 237
   0151 9B                  378 	.db #0x9b	; 155
   0152 ED                  379 	.db #0xed	; 237
   0153 9B                  380 	.db #0x9b	; 155
   0154 ED                  381 	.db #0xed	; 237
   0155 9B                  382 	.db #0x9b	; 155
   0156 ED                  383 	.db #0xed	; 237
   0157 9B                  384 	.db #0x9b	; 155
   0158 ED                  385 	.db #0xed	; 237
   0159 9B                  386 	.db #0x9b	; 155
   015A ED                  387 	.db #0xed	; 237
   015B 9B                  388 	.db #0x9b	; 155
   015C ED                  389 	.db #0xed	; 237
   015D 9B                  390 	.db #0x9b	; 155
   015E ED                  391 	.db #0xed	; 237
   015F 9B                  392 	.db #0x9b	; 155
   0160 FF                  393 	.db #0xff	; 255
   0161 00                  394 	.db #0x00	; 0
   0162 00                  395 	.db #0x00	; 0
   0163 FF                  396 	.db #0xff	; 255
   0164 FF                  397 	.db #0xff	; 255
   0165 00                  398 	.db #0x00	; 0
   0166 00                  399 	.db #0x00	; 0
   0167 FF                  400 	.db #0xff	; 255
   0168 FF                  401 	.db #0xff	; 255
   0169 00                  402 	.db #0x00	; 0
   016A 00                  403 	.db #0x00	; 0
   016B FF                  404 	.db #0xff	; 255
   016C FF                  405 	.db #0xff	; 255
   016D 00                  406 	.db #0x00	; 0
   016E 00                  407 	.db #0x00	; 0
   016F FF                  408 	.db #0xff	; 255
   0170 B7                  409 	.db #0xb7	; 183
   0171 D9                  410 	.db #0xd9	; 217
   0172 B7                  411 	.db #0xb7	; 183
   0173 D9                  412 	.db #0xd9	; 217
   0174 B7                  413 	.db #0xb7	; 183
   0175 D9                  414 	.db #0xd9	; 217
   0176 B7                  415 	.db #0xb7	; 183
   0177 D9                  416 	.db #0xd9	; 217
   0178 B7                  417 	.db #0xb7	; 183
   0179 D9                  418 	.db #0xd9	; 217
   017A B7                  419 	.db #0xb7	; 183
   017B D9                  420 	.db #0xd9	; 217
   017C B7                  421 	.db #0xb7	; 183
   017D D9                  422 	.db #0xd9	; 217
   017E B7                  423 	.db #0xb7	; 183
   017F D9                  424 	.db #0xd9	; 217
   0180 F0                  425 	.db #0xf0	; 240
   0181 08                  426 	.db #0x08	; 8
   0182 F4                  427 	.db #0xf4	; 244
   0183 08                  428 	.db #0x08	; 8
   0184 F6                  429 	.db #0xf6	; 246
   0185 08                  430 	.db #0x08	; 8
   0186 EE                  431 	.db #0xee	; 238
   0187 11                  432 	.db #0x11	; 17
   0188 EE                  433 	.db #0xee	; 238
   0189 11                  434 	.db #0x11	; 17
   018A EC                  435 	.db #0xec	; 236
   018B 13                  436 	.db #0x13	; 19
   018C EC                  437 	.db #0xec	; 236
   018D 13                  438 	.db #0x13	; 19
   018E CC                  439 	.db #0xcc	; 204
   018F 13                  440 	.db #0x13	; 19
   0190 83                  441 	.db #0x83	; 131
   0191 00                  442 	.db #0x00	; 0
   0192 44                  443 	.db #0x44	; 68	'D'
   0193 03                  444 	.db #0x03	; 3
   0194 78                  445 	.db #0x78	; 120	'x'
   0195 87                  446 	.db #0x87	; 135
   0196 78                  447 	.db #0x78	; 120	'x'
   0197 87                  448 	.db #0x87	; 135
   0198 F0                  449 	.db #0xf0	; 240
   0199 8F                  450 	.db #0x8f	; 143
   019A F0                  451 	.db #0xf0	; 240
   019B 8F                  452 	.db #0x8f	; 143
   019C 61                  453 	.db #0x61	; 97	'a'
   019D 9E                  454 	.db #0x9e	; 158
   019E E3                  455 	.db #0xe3	; 227
   019F 9C                  456 	.db #0x9c	; 156
   01A0 9F                  457 	.db #0x9f	; 159
   01A1 70                  458 	.db #0x70	; 112	'p'
   01A2 1F                  459 	.db #0x1f	; 31
   01A3 F0                  460 	.db #0xf0	; 240
   01A4 1F                  461 	.db #0x1f	; 31
   01A5 F0                  462 	.db #0xf0	; 240
   01A6 0F                  463 	.db #0x0f	; 15
   01A7 F8                  464 	.db #0xf8	; 248
   01A8 0F                  465 	.db #0x0f	; 15
   01A9 F8                  466 	.db #0xf8	; 248
   01AA 6F                  467 	.db #0x6f	; 111	'o'
   01AB B8                  468 	.db #0xb8	; 184
   01AC FB                  469 	.db #0xfb	; 251
   01AD 18                  470 	.db #0x18	; 24
   01AE DB                  471 	.db #0xdb	; 219
   01AF 38                  472 	.db #0x38	; 56	'8'
   01B0 ED                  473 	.db #0xed	; 237
   01B1 9B                  474 	.db #0x9b	; 155
   01B2 ED                  475 	.db #0xed	; 237
   01B3 9B                  476 	.db #0x9b	; 155
   01B4 ED                  477 	.db #0xed	; 237
   01B5 9B                  478 	.db #0x9b	; 155
   01B6 ED                  479 	.db #0xed	; 237
   01B7 9B                  480 	.db #0x9b	; 155
   01B8 ED                  481 	.db #0xed	; 237
   01B9 9B                  482 	.db #0x9b	; 155
   01BA ED                  483 	.db #0xed	; 237
   01BB 9B                  484 	.db #0x9b	; 155
   01BC ED                  485 	.db #0xed	; 237
   01BD 9B                  486 	.db #0x9b	; 155
   01BE EF                  487 	.db #0xef	; 239
   01BF 9B                  488 	.db #0x9b	; 155
   01C0 FF                  489 	.db #0xff	; 255
   01C1 00                  490 	.db #0x00	; 0
   01C2 00                  491 	.db #0x00	; 0
   01C3 FF                  492 	.db #0xff	; 255
   01C4 FF                  493 	.db #0xff	; 255
   01C5 00                  494 	.db #0x00	; 0
   01C6 00                  495 	.db #0x00	; 0
   01C7 FF                  496 	.db #0xff	; 255
   01C8 FF                  497 	.db #0xff	; 255
   01C9 00                  498 	.db #0x00	; 0
   01CA 00                  499 	.db #0x00	; 0
   01CB FF                  500 	.db #0xff	; 255
   01CC FF                  501 	.db #0xff	; 255
   01CD 00                  502 	.db #0x00	; 0
   01CE FF                  503 	.db #0xff	; 255
   01CF FF                  504 	.db #0xff	; 255
   01D0 B7                  505 	.db #0xb7	; 183
   01D1 D9                  506 	.db #0xd9	; 217
   01D2 B7                  507 	.db #0xb7	; 183
   01D3 D9                  508 	.db #0xd9	; 217
   01D4 B7                  509 	.db #0xb7	; 183
   01D5 D9                  510 	.db #0xd9	; 217
   01D6 B7                  511 	.db #0xb7	; 183
   01D7 D9                  512 	.db #0xd9	; 217
   01D8 B7                  513 	.db #0xb7	; 183
   01D9 D9                  514 	.db #0xd9	; 217
   01DA B7                  515 	.db #0xb7	; 183
   01DB D9                  516 	.db #0xd9	; 217
   01DC B7                  517 	.db #0xb7	; 183
   01DD D9                  518 	.db #0xd9	; 217
   01DE F7                  519 	.db #0xf7	; 247
   01DF D9                  520 	.db #0xd9	; 217
   01E0 FF                  521 	.db #0xff	; 255
   01E1 00                  522 	.db #0x00	; 0
   01E2 FF                  523 	.db #0xff	; 255
   01E3 00                  524 	.db #0x00	; 0
   01E4 FE                  525 	.db #0xfe	; 254
   01E5 01                  526 	.db #0x01	; 1
   01E6 F8                  527 	.db #0xf8	; 248
   01E7 06                  528 	.db #0x06	; 6
   01E8 F0                  529 	.db #0xf0	; 240
   01E9 08                  530 	.db #0x08	; 8
   01EA F4                  531 	.db #0xf4	; 244
   01EB 08                  532 	.db #0x08	; 8
   01EC EF                  533 	.db #0xef	; 239
   01ED 10                  534 	.db #0x10	; 16
   01EE EF                  535 	.db #0xef	; 239
   01EF 10                  536 	.db #0x10	; 16
   01F0 FF                  537 	.db #0xff	; 255
   01F1 00                  538 	.db #0x00	; 0
   01F2 FF                  539 	.db #0xff	; 255
   01F3 00                  540 	.db #0x00	; 0
   01F4 1F                  541 	.db #0x1f	; 31
   01F5 E0                  542 	.db #0xe0	; 224
   01F6 0F                  543 	.db #0x0f	; 15
   01F7 10                  544 	.db #0x10	; 16
   01F8 07                  545 	.db #0x07	; 7
   01F9 08                  546 	.db #0x08	; 8
   01FA 07                  547 	.db #0x07	; 7
   01FB 08                  548 	.db #0x08	; 8
   01FC 37                  549 	.db #0x37	; 55	'7'
   01FD 08                  550 	.db #0x08	; 8
   01FE CF                  551 	.db #0xcf	; 207
   01FF 38                  552 	.db #0x38	; 56	'8'
   0200 CD                  553 	.db #0xcd	; 205
   0201 13                  554 	.db #0x13	; 19
   0202 E2                  555 	.db #0xe2	; 226
   0203 0E                  556 	.db #0x0e	; 14
   0204 D6                  557 	.db #0xd6	; 214
   0205 26                  558 	.db #0x26	; 38
   0206 C9                  559 	.db #0xc9	; 201
   0207 30                  560 	.db #0x30	; 48	'0'
   0208 E6                  561 	.db #0xe6	; 230
   0209 19                  562 	.db #0x19	; 25
   020A F0                  563 	.db #0xf0	; 240
   020B 0F                  564 	.db #0x0f	; 15
   020C F9                  565 	.db #0xf9	; 249
   020D 06                  566 	.db #0x06	; 6
   020E FF                  567 	.db #0xff	; 255
   020F 00                  568 	.db #0x00	; 0
   0210 67                  569 	.db #0x67	; 103	'g'
   0211 9C                  570 	.db #0x9c	; 156
   0212 A7                  571 	.db #0xa7	; 167
   0213 DC                  572 	.db #0xdc	; 220
   0214 7D                  573 	.db #0x7d	; 125
   0215 7E                  574 	.db #0x7e	; 126
   0216 80                  575 	.db #0x80	; 128
   0217 03                  576 	.db #0x03	; 3
   0218 38                  577 	.db #0x38	; 56	'8'
   0219 C4                  578 	.db #0xc4	; 196
   021A 01                  579 	.db #0x01	; 1
   021B FE                  580 	.db #0xfe	; 254
   021C 80                  581 	.db #0x80	; 128
   021D 7F                  582 	.db #0x7f	; 127
   021E FC                  583 	.db #0xfc	; 252
   021F 03                  584 	.db #0x03	; 3
   0220 95                  585 	.db #0x95	; 149
   0221 72                  586 	.db #0x72	; 114	'r'
   0222 91                  587 	.db #0x91	; 145
   0223 76                  588 	.db #0x76	; 118	'v'
   0224 23                  589 	.db #0x23	; 35
   0225 EC                  590 	.db #0xec	; 236
   0226 13                  591 	.db #0x13	; 19
   0227 CC                  592 	.db #0xcc	; 204
   0228 07                  593 	.db #0x07	; 7
   0229 38                  594 	.db #0x38	; 56	'8'
   022A 8F                  595 	.db #0x8f	; 143
   022B 70                  596 	.db #0x70	; 112	'p'
   022C 1F                  597 	.db #0x1f	; 31
   022D E0                  598 	.db #0xe0	; 224
   022E 3F                  599 	.db #0x3f	; 63
   022F C0                  600 	.db #0xc0	; 192
   0230 EC                  601 	.db #0xec	; 236
   0231 9F                  602 	.db #0x9f	; 159
   0232 F0                  603 	.db #0xf0	; 240
   0233 BF                  604 	.db #0xbf	; 191
   0234 FF                  605 	.db #0xff	; 255
   0235 C0                  606 	.db #0xc0	; 192
   0236 FF                  607 	.db #0xff	; 255
   0237 FF                  608 	.db #0xff	; 255
   0238 18                  609 	.db #0x18	; 24
   0239 17                  610 	.db #0x17	; 23
   023A 1F                  611 	.db #0x1f	; 31
   023B 10                  612 	.db #0x10	; 16
   023C 17                  613 	.db #0x17	; 23
   023D 10                  614 	.db #0x10	; 16
   023E 10                  615 	.db #0x10	; 16
   023F 10                  616 	.db #0x10	; 16
   0240 00                  617 	.db #0x00	; 0
   0241 FF                  618 	.db #0xff	; 255
   0242 00                  619 	.db #0x00	; 0
   0243 FF                  620 	.db #0xff	; 255
   0244 FF                  621 	.db #0xff	; 255
   0245 00                  622 	.db #0x00	; 0
   0246 FF                  623 	.db #0xff	; 255
   0247 FF                  624 	.db #0xff	; 255
   0248 80                  625 	.db #0x80	; 128
   0249 7F                  626 	.db #0x7f	; 127
   024A 7F                  627 	.db #0x7f	; 127
   024B 00                  628 	.db #0x00	; 0
   024C 7F                  629 	.db #0x7f	; 127
   024D 00                  630 	.db #0x00	; 0
   024E 00                  631 	.db #0x00	; 0
   024F 00                  632 	.db #0x00	; 0
   0250 37                  633 	.db #0x37	; 55	'7'
   0251 F9                  634 	.db #0xf9	; 249
   0252 0F                  635 	.db #0x0f	; 15
   0253 FD                  636 	.db #0xfd	; 253
   0254 FF                  637 	.db #0xff	; 255
   0255 03                  638 	.db #0x03	; 3
   0256 FF                  639 	.db #0xff	; 255
   0257 FF                  640 	.db #0xff	; 255
   0258 88                  641 	.db #0x88	; 136
   0259 78                  642 	.db #0x78	; 120	'x'
   025A 6C                  643 	.db #0x6c	; 108	'l'
   025B 18                  644 	.db #0x18	; 24
   025C 7C                  645 	.db #0x7c	; 124
   025D 08                  646 	.db #0x08	; 8
   025E 0C                  647 	.db #0x0c	; 12
   025F 18                  648 	.db #0x18	; 24
   0260 FF                  649 	.db #0xff	; 255
   0261 00                  650 	.db #0x00	; 0
   0262 FF                  651 	.db #0xff	; 255
   0263 00                  652 	.db #0x00	; 0
   0264 FF                  653 	.db #0xff	; 255
   0265 00                  654 	.db #0x00	; 0
   0266 FF                  655 	.db #0xff	; 255
   0267 00                  656 	.db #0x00	; 0
   0268 E7                  657 	.db #0xe7	; 231
   0269 18                  658 	.db #0x18	; 24
   026A 85                  659 	.db #0x85	; 133
   026B 7A                  660 	.db #0x7a	; 122	'z'
   026C 30                  661 	.db #0x30	; 48	'0'
   026D CF                  662 	.db #0xcf	; 207
   026E 63                  663 	.db #0x63	; 99	'c'
   026F 00                  664 	.db #0x00	; 0
   0270 CF                  665 	.db #0xcf	; 207
   0271 10                  666 	.db #0x10	; 16
   0272 CF                  667 	.db #0xcf	; 207
   0273 10                  668 	.db #0x10	; 16
   0274 EF                  669 	.db #0xef	; 239
   0275 00                  670 	.db #0x00	; 0
   0276 C2                  671 	.db #0xc2	; 194
   0277 31                  672 	.db #0x31	; 49	'1'
   0278 E4                  673 	.db #0xe4	; 228
   0279 18                  674 	.db #0x18	; 24
   027A F0                  675 	.db #0xf0	; 240
   027B 0F                  676 	.db #0x0f	; 15
   027C FC                  677 	.db #0xfc	; 252
   027D 03                  678 	.db #0x03	; 3
   027E FF                  679 	.db #0xff	; 255
   027F 00                  680 	.db #0x00	; 0
   0280 0B                  681 	.db #0x0b	; 11
   0281 F8                  682 	.db #0xf8	; 248
   0282 09                  683 	.db #0x09	; 9
   0283 FA                  684 	.db #0xfa	; 250
   0284 03                  685 	.db #0x03	; 3
   0285 F4                  686 	.db #0xf4	; 244
   0286 0B                  687 	.db #0x0b	; 11
   0287 C4                  688 	.db #0xc4	; 196
   0288 27                  689 	.db #0x27	; 39
   0289 18                  690 	.db #0x18	; 24
   028A 0F                  691 	.db #0x0f	; 15
   028B F0                  692 	.db #0xf0	; 240
   028C 3F                  693 	.db #0x3f	; 63
   028D C0                  694 	.db #0xc0	; 192
   028E FF                  695 	.db #0xff	; 255
   028F 00                  696 	.db #0x00	; 0
   0290 FF                  697 	.db #0xff	; 255
   0291 00                  698 	.db #0x00	; 0
   0292 FF                  699 	.db #0xff	; 255
   0293 00                  700 	.db #0x00	; 0
   0294 FF                  701 	.db #0xff	; 255
   0295 00                  702 	.db #0x00	; 0
   0296 FF                  703 	.db #0xff	; 255
   0297 00                  704 	.db #0x00	; 0
   0298 FF                  705 	.db #0xff	; 255
   0299 00                  706 	.db #0x00	; 0
   029A FF                  707 	.db #0xff	; 255
   029B 00                  708 	.db #0x00	; 0
   029C FF                  709 	.db #0xff	; 255
   029D 00                  710 	.db #0x00	; 0
   029E FE                  711 	.db #0xfe	; 254
   029F 01                  712 	.db #0x01	; 1
   02A0 FA                  713 	.db #0xfa	; 250
   02A1 04                  714 	.db #0x04	; 4
   02A2 F9                  715 	.db #0xf9	; 249
   02A3 02                  716 	.db #0x02	; 2
   02A4 E9                  717 	.db #0xe9	; 233
   02A5 12                  718 	.db #0x12	; 18
   02A6 C0                  719 	.db #0xc0	; 192
   02A7 1F                  720 	.db #0x1f	; 31
   02A8 C4                  721 	.db #0xc4	; 196
   02A9 18                  722 	.db #0x18	; 24
   02AA 08                  723 	.db #0x08	; 8
   02AB F4                  724 	.db #0xf4	; 244
   02AC 68                  725 	.db #0x68	; 104	'h'
   02AD 94                  726 	.db #0x94	; 148
   02AE 00                  727 	.db #0x00	; 0
   02AF 00                  728 	.db #0x00	; 0
   02B0 17                  729 	.db #0x17	; 23
   02B1 10                  730 	.db #0x10	; 16
   02B2 17                  731 	.db #0x17	; 23
   02B3 10                  732 	.db #0x10	; 16
   02B4 17                  733 	.db #0x17	; 23
   02B5 10                  734 	.db #0x10	; 16
   02B6 18                  735 	.db #0x18	; 24
   02B7 10                  736 	.db #0x10	; 16
   02B8 1F                  737 	.db #0x1f	; 31
   02B9 10                  738 	.db #0x10	; 16
   02BA 1F                  739 	.db #0x1f	; 31
   02BB 10                  740 	.db #0x10	; 16
   02BC 17                  741 	.db #0x17	; 23
   02BD 10                  742 	.db #0x10	; 16
   02BE 10                  743 	.db #0x10	; 16
   02BF 10                  744 	.db #0x10	; 16
   02C0 F7                  745 	.db #0xf7	; 247
   02C1 00                  746 	.db #0x00	; 0
   02C2 F7                  747 	.db #0xf7	; 247
   02C3 00                  748 	.db #0x00	; 0
   02C4 F7                  749 	.db #0xf7	; 247
   02C5 00                  750 	.db #0x00	; 0
   02C6 00                  751 	.db #0x00	; 0
   02C7 00                  752 	.db #0x00	; 0
   02C8 7F                  753 	.db #0x7f	; 127
   02C9 00                  754 	.db #0x00	; 0
   02CA 7F                  755 	.db #0x7f	; 127
   02CB 00                  756 	.db #0x00	; 0
   02CC 7F                  757 	.db #0x7f	; 127
   02CD 00                  758 	.db #0x00	; 0
   02CE 00                  759 	.db #0x00	; 0
   02CF 00                  760 	.db #0x00	; 0
   02D0 F7                  761 	.db #0xf7	; 247
   02D1 00                  762 	.db #0x00	; 0
   02D2 F7                  763 	.db #0xf7	; 247
   02D3 00                  764 	.db #0x00	; 0
   02D4 F7                  765 	.db #0xf7	; 247
   02D5 00                  766 	.db #0x00	; 0
   02D6 00                  767 	.db #0x00	; 0
   02D7 00                  768 	.db #0x00	; 0
   02D8 7F                  769 	.db #0x7f	; 127
   02D9 00                  770 	.db #0x00	; 0
   02DA 7F                  771 	.db #0x7f	; 127
   02DB 3F                  772 	.db #0x3f	; 63
   02DC 7F                  773 	.db #0x7f	; 127
   02DD 60                  774 	.db #0x60	; 96
   02DE 70                  775 	.db #0x70	; 112	'p'
   02DF 4F                  776 	.db #0x4f	; 79	'O'
   02E0 F7                  777 	.db #0xf7	; 247
   02E1 00                  778 	.db #0x00	; 0
   02E2 F7                  779 	.db #0xf7	; 247
   02E3 00                  780 	.db #0x00	; 0
   02E4 F7                  781 	.db #0xf7	; 247
   02E5 00                  782 	.db #0x00	; 0
   02E6 00                  783 	.db #0x00	; 0
   02E7 00                  784 	.db #0x00	; 0
   02E8 7F                  785 	.db #0x7f	; 127
   02E9 00                  786 	.db #0x00	; 0
   02EA FF                  787 	.db #0xff	; 255
   02EB FC                  788 	.db #0xfc	; 252
   02EC FF                  789 	.db #0xff	; 255
   02ED 06                  790 	.db #0x06	; 6
   02EE 0E                  791 	.db #0x0e	; 14
   02EF F2                  792 	.db #0xf2	; 242
   02F0 F7                  793 	.db #0xf7	; 247
   02F1 00                  794 	.db #0x00	; 0
   02F2 F7                  795 	.db #0xf7	; 247
   02F3 00                  796 	.db #0x00	; 0
   02F4 F7                  797 	.db #0xf7	; 247
   02F5 00                  798 	.db #0x00	; 0
   02F6 00                  799 	.db #0x00	; 0
   02F7 00                  800 	.db #0x00	; 0
   02F8 7F                  801 	.db #0x7f	; 127
   02F9 00                  802 	.db #0x00	; 0
   02FA 7F                  803 	.db #0x7f	; 127
   02FB 3F                  804 	.db #0x3f	; 63
   02FC 7F                  805 	.db #0x7f	; 127
   02FD 20                  806 	.db #0x20	; 32
   02FE 3F                  807 	.db #0x3f	; 63
   02FF 20                  808 	.db #0x20	; 32
   0300 F7                  809 	.db #0xf7	; 247
   0301 00                  810 	.db #0x00	; 0
   0302 F7                  811 	.db #0xf7	; 247
   0303 00                  812 	.db #0x00	; 0
   0304 F7                  813 	.db #0xf7	; 247
   0305 00                  814 	.db #0x00	; 0
   0306 00                  815 	.db #0x00	; 0
   0307 00                  816 	.db #0x00	; 0
   0308 7F                  817 	.db #0x7f	; 127
   0309 00                  818 	.db #0x00	; 0
   030A FF                  819 	.db #0xff	; 255
   030B FE                  820 	.db #0xfe	; 254
   030C FF                  821 	.db #0xff	; 255
   030D 82                  822 	.db #0x82	; 130
   030E FE                  823 	.db #0xfe	; 254
   030F 82                  824 	.db #0x82	; 130
   0310 EC                  825 	.db #0xec	; 236
   0311 18                  826 	.db #0x18	; 24
   0312 EC                  827 	.db #0xec	; 236
   0313 18                  828 	.db #0x18	; 24
   0314 FC                  829 	.db #0xfc	; 252
   0315 08                  830 	.db #0x08	; 8
   0316 0C                  831 	.db #0x0c	; 12
   0317 18                  832 	.db #0x18	; 24
   0318 6C                  833 	.db #0x6c	; 108	'l'
   0319 18                  834 	.db #0x18	; 24
   031A 6C                  835 	.db #0x6c	; 108	'l'
   031B 18                  836 	.db #0x18	; 24
   031C 7C                  837 	.db #0x7c	; 124
   031D 08                  838 	.db #0x08	; 8
   031E 0C                  839 	.db #0x0c	; 12
   031F 18                  840 	.db #0x18	; 24
   0320 EF                  841 	.db #0xef	; 239
   0321 50                  842 	.db #0x50	; 80	'P'
   0322 EF                  843 	.db #0xef	; 239
   0323 50                  844 	.db #0x50	; 80	'P'
   0324 EF                  845 	.db #0xef	; 239
   0325 50                  846 	.db #0x50	; 80	'P'
   0326 60                  847 	.db #0x60	; 96
   0327 50                  848 	.db #0x50	; 80	'P'
   0328 60                  849 	.db #0x60	; 96
   0329 5F                  850 	.db #0x5f	; 95
   032A 6F                  851 	.db #0x6f	; 111	'o'
   032B 50                  852 	.db #0x50	; 80	'P'
   032C 6F                  853 	.db #0x6f	; 111	'o'
   032D 50                  854 	.db #0x50	; 80	'P'
   032E 6F                  855 	.db #0x6f	; 111	'o'
   032F 50                  856 	.db #0x50	; 80	'P'
   0330 F7                  857 	.db #0xf7	; 247
   0331 02                  858 	.db #0x02	; 2
   0332 F7                  859 	.db #0xf7	; 247
   0333 02                  860 	.db #0x02	; 2
   0334 F7                  861 	.db #0xf7	; 247
   0335 02                  862 	.db #0x02	; 2
   0336 06                  863 	.db #0x06	; 6
   0337 02                  864 	.db #0x02	; 2
   0338 07                  865 	.db #0x07	; 7
   0339 F2                  866 	.db #0xf2	; 242
   033A F7                  867 	.db #0xf7	; 247
   033B 02                  868 	.db #0x02	; 2
   033C F7                  869 	.db #0xf7	; 247
   033D 02                  870 	.db #0x02	; 2
   033E F6                  871 	.db #0xf6	; 246
   033F 02                  872 	.db #0x02	; 2
   0340 FA                  873 	.db #0xfa	; 250
   0341 25                  874 	.db #0x25	; 37
   0342 F5                  875 	.db #0xf5	; 245
   0343 2A                  876 	.db #0x2a	; 42
   0344 EA                  877 	.db #0xea	; 234
   0345 35                  878 	.db #0x35	; 53	'5'
   0346 34                  879 	.db #0x34	; 52	'4'
   0347 2B                  880 	.db #0x2b	; 43
   0348 60                  881 	.db #0x60	; 96
   0349 3F                  882 	.db #0x3f	; 63
   034A 7F                  883 	.db #0x7f	; 127
   034B 3F                  884 	.db #0x3f	; 63
   034C 7F                  885 	.db #0x7f	; 127
   034D 00                  886 	.db #0x00	; 0
   034E 00                  887 	.db #0x00	; 0
   034F 00                  888 	.db #0x00	; 0
   0350 EB                  889 	.db #0xeb	; 235
   0351 96                  890 	.db #0x96	; 150
   0352 D7                  891 	.db #0xd7	; 215
   0353 AA                  892 	.db #0xaa	; 170
   0354 AB                  893 	.db #0xab	; 171
   0355 D6                  894 	.db #0xd6	; 214
   0356 D2                  895 	.db #0xd2	; 210
   0357 AE                  896 	.db #0xae	; 174
   0358 83                  897 	.db #0x83	; 131
   0359 FE                  898 	.db #0xfe	; 254
   035A FF                  899 	.db #0xff	; 255
   035B FE                  900 	.db #0xfe	; 254
   035C 7F                  901 	.db #0x7f	; 127
   035D 00                  902 	.db #0x00	; 0
   035E 00                  903 	.db #0x00	; 0
   035F 00                  904 	.db #0x00	; 0
   0360 17                  905 	.db #0x17	; 23
   0361 10                  906 	.db #0x10	; 16
   0362 0F                  907 	.db #0x0f	; 15
   0363 08                  908 	.db #0x08	; 8
   0364 07                  909 	.db #0x07	; 7
   0365 07                  910 	.db #0x07	; 7
   0366 07                  911 	.db #0x07	; 7
   0367 00                  912 	.db #0x00	; 0
   0368 07                  913 	.db #0x07	; 7
   0369 00                  914 	.db #0x00	; 0
   036A 07                  915 	.db #0x07	; 7
   036B 00                  916 	.db #0x00	; 0
   036C 03                  917 	.db #0x03	; 3
   036D 00                  918 	.db #0x00	; 0
   036E 00                  919 	.db #0x00	; 0
   036F 00                  920 	.db #0x00	; 0
   0370 F7                  921 	.db #0xf7	; 247
   0371 00                  922 	.db #0x00	; 0
   0372 F7                  923 	.db #0xf7	; 247
   0373 00                  924 	.db #0x00	; 0
   0374 FF                  925 	.db #0xff	; 255
   0375 FF                  926 	.db #0xff	; 255
   0376 FF                  927 	.db #0xff	; 255
   0377 00                  928 	.db #0x00	; 0
   0378 FF                  929 	.db #0xff	; 255
   0379 00                  930 	.db #0x00	; 0
   037A FF                  931 	.db #0xff	; 255
   037B 00                  932 	.db #0x00	; 0
   037C FF                  933 	.db #0xff	; 255
   037D 00                  934 	.db #0x00	; 0
   037E 00                  935 	.db #0x00	; 0
   037F 00                  936 	.db #0x00	; 0
   0380 E0                  937 	.db #0xe0	; 224
   0381 50                  938 	.db #0x50	; 80	'P'
   0382 FF                  939 	.db #0xff	; 255
   0383 40                  940 	.db #0x40	; 64
   0384 FF                  941 	.db #0xff	; 255
   0385 7F                  942 	.db #0x7f	; 127
   0386 FF                  943 	.db #0xff	; 255
   0387 C0                  944 	.db #0xc0	; 192
   0388 FF                  945 	.db #0xff	; 255
   0389 00                  946 	.db #0x00	; 0
   038A FF                  947 	.db #0xff	; 255
   038B 00                  948 	.db #0x00	; 0
   038C FF                  949 	.db #0xff	; 255
   038D 00                  950 	.db #0x00	; 0
   038E 00                  951 	.db #0x00	; 0
   038F 00                  952 	.db #0x00	; 0
   0390 07                  953 	.db #0x07	; 7
   0391 02                  954 	.db #0x02	; 2
   0392 FF                  955 	.db #0xff	; 255
   0393 02                  956 	.db #0x02	; 2
   0394 FF                  957 	.db #0xff	; 255
   0395 FE                  958 	.db #0xfe	; 254
   0396 FF                  959 	.db #0xff	; 255
   0397 03                  960 	.db #0x03	; 3
   0398 FF                  961 	.db #0xff	; 255
   0399 00                  962 	.db #0x00	; 0
   039A FF                  963 	.db #0xff	; 255
   039B 00                  964 	.db #0x00	; 0
   039C FF                  965 	.db #0xff	; 255
   039D 00                  966 	.db #0x00	; 0
   039E 00                  967 	.db #0x00	; 0
   039F 00                  968 	.db #0x00	; 0
   03A0 EC                  969 	.db #0xec	; 236
   03A1 18                  970 	.db #0x18	; 24
   03A2 FC                  971 	.db #0xfc	; 252
   03A3 10                  972 	.db #0x10	; 16
   03A4 FC                  973 	.db #0xfc	; 252
   03A5 E0                  974 	.db #0xe0	; 224
   03A6 FC                  975 	.db #0xfc	; 252
   03A7 00                  976 	.db #0x00	; 0
   03A8 FC                  977 	.db #0xfc	; 252
   03A9 00                  978 	.db #0x00	; 0
   03AA FC                  979 	.db #0xfc	; 252
   03AB 00                  980 	.db #0x00	; 0
   03AC F8                  981 	.db #0xf8	; 248
   03AD 00                  982 	.db #0x00	; 0
   03AE 00                  983 	.db #0x00	; 0
   03AF 00                  984 	.db #0x00	; 0
   03B0 00                  985 	.db #0x00	; 0
   03B1 00                  986 	.db #0x00	; 0
   03B2 7F                  987 	.db #0x7f	; 127
   03B3 00                  988 	.db #0x00	; 0
   03B4 7F                  989 	.db #0x7f	; 127
   03B5 00                  990 	.db #0x00	; 0
   03B6 7F                  991 	.db #0x7f	; 127
   03B7 00                  992 	.db #0x00	; 0
   03B8 00                  993 	.db #0x00	; 0
   03B9 00                  994 	.db #0x00	; 0
   03BA 07                  995 	.db #0x07	; 7
   03BB 00                  996 	.db #0x00	; 0
   03BC 07                  997 	.db #0x07	; 7
   03BD 00                  998 	.db #0x00	; 0
   03BE 07                  999 	.db #0x07	; 7
   03BF 00                 1000 	.db #0x00	; 0
   03C0 00                 1001 	.db #0x00	; 0
   03C1 00                 1002 	.db #0x00	; 0
   03C2 7F                 1003 	.db #0x7f	; 127
   03C3 00                 1004 	.db #0x00	; 0
   03C4 7F                 1005 	.db #0x7f	; 127
   03C5 00                 1006 	.db #0x00	; 0
   03C6 7F                 1007 	.db #0x7f	; 127
   03C7 00                 1008 	.db #0x00	; 0
   03C8 00                 1009 	.db #0x00	; 0
   03C9 00                 1010 	.db #0x00	; 0
   03CA F7                 1011 	.db #0xf7	; 247
   03CB 00                 1012 	.db #0x00	; 0
   03CC F7                 1013 	.db #0xf7	; 247
   03CD 00                 1014 	.db #0x00	; 0
   03CE F7                 1015 	.db #0xf7	; 247
   03CF 00                 1016 	.db #0x00	; 0
   03D0 00                 1017 	.db #0x00	; 0
   03D1 00                 1018 	.db #0x00	; 0
   03D2 7F                 1019 	.db #0x7f	; 127
   03D3 00                 1020 	.db #0x00	; 0
   03D4 7F                 1021 	.db #0x7f	; 127
   03D5 00                 1022 	.db #0x00	; 0
   03D6 7F                 1023 	.db #0x7f	; 127
   03D7 00                 1024 	.db #0x00	; 0
   03D8 00                 1025 	.db #0x00	; 0
   03D9 00                 1026 	.db #0x00	; 0
   03DA F0                 1027 	.db #0xf0	; 240
   03DB 00                 1028 	.db #0x00	; 0
   03DC F0                 1029 	.db #0xf0	; 240
   03DD 00                 1030 	.db #0x00	; 0
   03DE F0                 1031 	.db #0xf0	; 240
   03DF 00                 1032 	.db #0x00	; 0
   03E0 00                 1033 	.db #0x00	; 0
   03E1 00                 1034 	.db #0x00	; 0
   03E2 00                 1035 	.db #0x00	; 0
   03E3 00                 1036 	.db #0x00	; 0
   03E4 00                 1037 	.db #0x00	; 0
   03E5 00                 1038 	.db #0x00	; 0
   03E6 00                 1039 	.db #0x00	; 0
   03E7 00                 1040 	.db #0x00	; 0
   03E8 00                 1041 	.db #0x00	; 0
   03E9 00                 1042 	.db #0x00	; 0
   03EA F0                 1043 	.db #0xf0	; 240
   03EB 00                 1044 	.db #0x00	; 0
   03EC F0                 1045 	.db #0xf0	; 240
   03ED 00                 1046 	.db #0x00	; 0
   03EE F0                 1047 	.db #0xf0	; 240
   03EF 00                 1048 	.db #0x00	; 0
   03F0 00                 1049 	.db #0x00	; 0
   03F1 00                 1050 	.db #0x00	; 0
   03F2 00                 1051 	.db #0x00	; 0
   03F3 00                 1052 	.db #0x00	; 0
   03F4 00                 1053 	.db #0x00	; 0
   03F5 00                 1054 	.db #0x00	; 0
   03F6 00                 1055 	.db #0x00	; 0
   03F7 00                 1056 	.db #0x00	; 0
   03F8 00                 1057 	.db #0x00	; 0
   03F9 00                 1058 	.db #0x00	; 0
   03FA 07                 1059 	.db #0x07	; 7
   03FB 00                 1060 	.db #0x00	; 0
   03FC 07                 1061 	.db #0x07	; 7
   03FD 00                 1062 	.db #0x00	; 0
   03FE 07                 1063 	.db #0x07	; 7
   03FF 00                 1064 	.db #0x00	; 0
   0400 00                 1065 	.db #0x00	; 0
   0401 00                 1066 	.db #0x00	; 0
   0402 00                 1067 	.db #0x00	; 0
   0403 00                 1068 	.db #0x00	; 0
   0404 00                 1069 	.db #0x00	; 0
   0405 00                 1070 	.db #0x00	; 0
   0406 00                 1071 	.db #0x00	; 0
   0407 00                 1072 	.db #0x00	; 0
   0408 00                 1073 	.db #0x00	; 0
   0409 00                 1074 	.db #0x00	; 0
   040A F7                 1075 	.db #0xf7	; 247
   040B 00                 1076 	.db #0x00	; 0
   040C F7                 1077 	.db #0xf7	; 247
   040D 00                 1078 	.db #0x00	; 0
   040E F7                 1079 	.db #0xf7	; 247
   040F 00                 1080 	.db #0x00	; 0
   0410 00                 1081 	.db #0x00	; 0
   0411 00                 1082 	.db #0x00	; 0
   0412 7F                 1083 	.db #0x7f	; 127
   0413 00                 1084 	.db #0x00	; 0
   0414 7F                 1085 	.db #0x7f	; 127
   0415 00                 1086 	.db #0x00	; 0
   0416 7F                 1087 	.db #0x7f	; 127
   0417 00                 1088 	.db #0x00	; 0
   0418 00                 1089 	.db #0x00	; 0
   0419 00                 1090 	.db #0x00	; 0
   041A 00                 1091 	.db #0x00	; 0
   041B 00                 1092 	.db #0x00	; 0
   041C 00                 1093 	.db #0x00	; 0
   041D 00                 1094 	.db #0x00	; 0
   041E 00                 1095 	.db #0x00	; 0
   041F 00                 1096 	.db #0x00	; 0
   0420 76                 1097 	.db #0x76	; 118	'v'
   0421 01                 1098 	.db #0x01	; 1
   0422 DC                 1099 	.db #0xdc	; 220
   0423 33                 1100 	.db #0x33	; 51	'3'
   0424 BC                 1101 	.db #0xbc	; 188
   0425 7B                 1102 	.db #0x7b	; 123
   0426 4D                 1103 	.db #0x4d	; 77	'M'
   0427 CB                 1104 	.db #0xcb	; 203
   0428 B3                 1105 	.db #0xb3	; 179
   0429 87                 1106 	.db #0x87	; 135
   042A 00                 1107 	.db #0x00	; 0
   042B 78                 1108 	.db #0x78	; 120	'x'
   042C 01                 1109 	.db #0x01	; 1
   042D FE                 1110 	.db #0xfe	; 254
   042E 20                 1111 	.db #0x20	; 32
   042F DF                 1112 	.db #0xdf	; 223
   0430 64                 1113 	.db #0x64	; 100	'd'
   0431 00                 1114 	.db #0x00	; 0
   0432 DC                 1115 	.db #0xdc	; 220
   0433 60                 1116 	.db #0x60	; 96
   0434 C8                 1117 	.db #0xc8	; 200
   0435 74                 1118 	.db #0x74	; 116	't'
   0436 EA                 1119 	.db #0xea	; 234
   0437 FC                 1120 	.db #0xfc	; 252
   0438 1A                 1121 	.db #0x1a	; 26
   0439 1C                 1122 	.db #0x1c	; 28
   043A 8A                 1123 	.db #0x8a	; 138
   043B 6C                 1124 	.db #0x6c	; 108	'l'
   043C 00                 1125 	.db #0x00	; 0
   043D F6                 1126 	.db #0xf6	; 246
   043E 00                 1127 	.db #0x00	; 0
   043F F6                 1128 	.db #0xf6	; 246
   0440 26                 1129 	.db #0x26	; 38
   0441 00                 1130 	.db #0x00	; 0
   0442 3B                 1131 	.db #0x3b	; 59
   0443 06                 1132 	.db #0x06	; 6
   0444 13                 1133 	.db #0x13	; 19
   0445 2E                 1134 	.db #0x2e	; 46
   0446 57                 1135 	.db #0x57	; 87	'W'
   0447 3F                 1136 	.db #0x3f	; 63
   0448 58                 1137 	.db #0x58	; 88	'X'
   0449 38                 1138 	.db #0x38	; 56	'8'
   044A 51                 1139 	.db #0x51	; 81	'Q'
   044B 36                 1140 	.db #0x36	; 54	'6'
   044C 00                 1141 	.db #0x00	; 0
   044D 6F                 1142 	.db #0x6f	; 111	'o'
   044E 02                 1143 	.db #0x02	; 2
   044F 6D                 1144 	.db #0x6d	; 109	'm'
   0450 FC                 1145 	.db #0xfc	; 252
   0451 03                 1146 	.db #0x03	; 3
   0452 FF                 1147 	.db #0xff	; 255
   0453 00                 1148 	.db #0x00	; 0
   0454 FF                 1149 	.db #0xff	; 255
   0455 00                 1150 	.db #0x00	; 0
   0456 FF                 1151 	.db #0xff	; 255
   0457 00                 1152 	.db #0x00	; 0
   0458 FF                 1153 	.db #0xff	; 255
   0459 00                 1154 	.db #0x00	; 0
   045A FF                 1155 	.db #0xff	; 255
   045B 00                 1156 	.db #0x00	; 0
   045C FF                 1157 	.db #0xff	; 255
   045D 00                 1158 	.db #0x00	; 0
   045E FF                 1159 	.db #0xff	; 255
   045F 00                 1160 	.db #0x00	; 0
   0460 0E                 1161 	.db #0x0e	; 14
   0461 0E                 1162 	.db #0x0e	; 14
   0462 31                 1163 	.db #0x31	; 49	'1'
   0463 31                 1164 	.db #0x31	; 49	'1'
   0464 41                 1165 	.db #0x41	; 65	'A'
   0465 41                 1166 	.db #0x41	; 65	'A'
   0466 43                 1167 	.db #0x43	; 67	'C'
   0467 41                 1168 	.db #0x41	; 65	'A'
   0468 3F                 1169 	.db #0x3f	; 63
   0469 21                 1170 	.db #0x21	; 33
   046A 1F                 1171 	.db #0x1f	; 31
   046B 19                 1172 	.db #0x19	; 25
   046C 0B                 1173 	.db #0x0b	; 11
   046D 0F                 1174 	.db #0x0f	; 15
   046E 0F                 1175 	.db #0x0f	; 15
   046F 09                 1176 	.db #0x09	; 9
   0470 00                 1177 	.db #0x00	; 0
   0471 00                 1178 	.db #0x00	; 0
   0472 00                 1179 	.db #0x00	; 0
   0473 00                 1180 	.db #0x00	; 0
   0474 00                 1181 	.db #0x00	; 0
   0475 00                 1182 	.db #0x00	; 0
   0476 80                 1183 	.db #0x80	; 128
   0477 00                 1184 	.db #0x00	; 0
   0478 C0                 1185 	.db #0xc0	; 192
   0479 FF                 1186 	.db #0xff	; 255
   047A 3F                 1187 	.db #0x3f	; 63
   047B C0                 1188 	.db #0xc0	; 192
   047C 7F                 1189 	.db #0x7f	; 127
   047D 80                 1190 	.db #0x80	; 128
   047E FF                 1191 	.db #0xff	; 255
   047F 00                 1192 	.db #0x00	; 0
   0480 00                 1193 	.db #0x00	; 0
   0481 00                 1194 	.db #0x00	; 0
   0482 00                 1195 	.db #0x00	; 0
   0483 00                 1196 	.db #0x00	; 0
   0484 00                 1197 	.db #0x00	; 0
   0485 00                 1198 	.db #0x00	; 0
   0486 00                 1199 	.db #0x00	; 0
   0487 00                 1200 	.db #0x00	; 0
   0488 01                 1201 	.db #0x01	; 1
   0489 FF                 1202 	.db #0xff	; 255
   048A FF                 1203 	.db #0xff	; 255
   048B 00                 1204 	.db #0x00	; 0
   048C FF                 1205 	.db #0xff	; 255
   048D 00                 1206 	.db #0x00	; 0
   048E FF                 1207 	.db #0xff	; 255
   048F 00                 1208 	.db #0x00	; 0
   0490 70                 1209 	.db #0x70	; 112	'p'
   0491 70                 1210 	.db #0x70	; 112	'p'
   0492 8C                 1211 	.db #0x8c	; 140
   0493 8C                 1212 	.db #0x8c	; 140
   0494 82                 1213 	.db #0x82	; 130
   0495 82                 1214 	.db #0x82	; 130
   0496 C2                 1215 	.db #0xc2	; 194
   0497 82                 1216 	.db #0x82	; 130
   0498 FE                 1217 	.db #0xfe	; 254
   0499 84                 1218 	.db #0x84	; 132
   049A FE                 1219 	.db #0xfe	; 254
   049B 98                 1220 	.db #0x98	; 152
   049C DC                 1221 	.db #0xdc	; 220
   049D F0                 1222 	.db #0xf0	; 240
   049E F8                 1223 	.db #0xf8	; 248
   049F 90                 1224 	.db #0x90	; 144
   04A0 F0                 1225 	.db #0xf0	; 240
   04A1 06                 1226 	.db #0x06	; 6
   04A2 F9                 1227 	.db #0xf9	; 249
   04A3 02                 1228 	.db #0x02	; 2
   04A4 FA                 1229 	.db #0xfa	; 250
   04A5 03                 1230 	.db #0x03	; 3
   04A6 FA                 1231 	.db #0xfa	; 250
   04A7 03                 1232 	.db #0x03	; 3
   04A8 F9                 1233 	.db #0xf9	; 249
   04A9 05                 1234 	.db #0x05	; 5
   04AA FC                 1235 	.db #0xfc	; 252
   04AB 02                 1236 	.db #0x02	; 2
   04AC FC                 1237 	.db #0xfc	; 252
   04AD 03                 1238 	.db #0x03	; 3
   04AE FE                 1239 	.db #0xfe	; 254
   04AF 01                 1240 	.db #0x01	; 1
   04B0 3B                 1241 	.db #0x3b	; 59
   04B1 09                 1242 	.db #0x09	; 9
   04B2 CB                 1243 	.db #0xcb	; 203
   04B3 39                 1244 	.db #0x39	; 57	'9'
   04B4 8B                 1245 	.db #0x8b	; 139
   04B5 79                 1246 	.db #0x79	; 121	'y'
   04B6 3B                 1247 	.db #0x3b	; 59
   04B7 F9                 1248 	.db #0xf9	; 249
   04B8 CB                 1249 	.db #0xcb	; 203
   04B9 C9                 1250 	.db #0xc9	; 201
   04BA 0B                 1251 	.db #0x0b	; 11
   04BB 39                 1252 	.db #0x39	; 57	'9'
   04BC 0B                 1253 	.db #0x0b	; 11
   04BD F9                 1254 	.db #0xf9	; 249
   04BE 0B                 1255 	.db #0x0b	; 11
   04BF F9                 1256 	.db #0xf9	; 249
   04C0 80                 1257 	.db #0x80	; 128
   04C1 FF                 1258 	.db #0xff	; 255
   04C2 FB                 1259 	.db #0xfb	; 251
   04C3 04                 1260 	.db #0x04	; 4
   04C4 FB                 1261 	.db #0xfb	; 251
   04C5 04                 1262 	.db #0x04	; 4
   04C6 FB                 1263 	.db #0xfb	; 251
   04C7 04                 1264 	.db #0x04	; 4
   04C8 80                 1265 	.db #0x80	; 128
   04C9 FF                 1266 	.db #0xff	; 255
   04CA FF                 1267 	.db #0xff	; 255
   04CB 00                 1268 	.db #0x00	; 0
   04CC FF                 1269 	.db #0xff	; 255
   04CD 00                 1270 	.db #0x00	; 0
   04CE FF                 1271 	.db #0xff	; 255
   04CF 00                 1272 	.db #0x00	; 0
   04D0 01                 1273 	.db #0x01	; 1
   04D1 FF                 1274 	.db #0xff	; 255
   04D2 FF                 1275 	.db #0xff	; 255
   04D3 00                 1276 	.db #0x00	; 0
   04D4 F7                 1277 	.db #0xf7	; 247
   04D5 08                 1278 	.db #0x08	; 8
   04D6 FF                 1279 	.db #0xff	; 255
   04D7 00                 1280 	.db #0x00	; 0
   04D8 01                 1281 	.db #0x01	; 1
   04D9 FF                 1282 	.db #0xff	; 255
   04DA FF                 1283 	.db #0xff	; 255
   04DB 00                 1284 	.db #0x00	; 0
   04DC FF                 1285 	.db #0xff	; 255
   04DD 00                 1286 	.db #0x00	; 0
   04DE FF                 1287 	.db #0xff	; 255
   04DF 00                 1288 	.db #0x00	; 0
   04E0 B3                 1289 	.db #0xb3	; 179
   04E1 90                 1290 	.db #0x90	; 144
   04E2 B6                 1291 	.db #0xb6	; 182
   04E3 99                 1292 	.db #0x99	; 153
   04E4 B0                 1293 	.db #0xb0	; 176
   04E5 9F                 1294 	.db #0x9f	; 159
   04E6 BC                 1295 	.db #0xbc	; 188
   04E7 9F                 1296 	.db #0x9f	; 159
   04E8 B6                 1297 	.db #0xb6	; 182
   04E9 97                 1298 	.db #0x97	; 151
   04EA B3                 1299 	.db #0xb3	; 179
   04EB 9B                 1300 	.db #0x9b	; 155
   04EC B0                 1301 	.db #0xb0	; 176
   04ED 9C                 1302 	.db #0x9c	; 156
   04EE B0                 1303 	.db #0xb0	; 176
   04EF 9F                 1304 	.db #0x9f	; 159
   04F0 0F                 1305 	.db #0x0f	; 15
   04F1 60                 1306 	.db #0x60	; 96
   04F2 9F                 1307 	.db #0x9f	; 159
   04F3 40                 1308 	.db #0x40	; 64
   04F4 5F                 1309 	.db #0x5f	; 95
   04F5 C0                 1310 	.db #0xc0	; 192
   04F6 5F                 1311 	.db #0x5f	; 95
   04F7 C0                 1312 	.db #0xc0	; 192
   04F8 9F                 1313 	.db #0x9f	; 159
   04F9 A0                 1314 	.db #0xa0	; 160
   04FA 3F                 1315 	.db #0x3f	; 63
   04FB 40                 1316 	.db #0x40	; 64
   04FC 3F                 1317 	.db #0x3f	; 63
   04FD C0                 1318 	.db #0xc0	; 192
   04FE 7F                 1319 	.db #0x7f	; 127
   04FF 80                 1320 	.db #0x80	; 128
   0500 FB                 1321 	.db #0xfb	; 251
   0501 09                 1322 	.db #0x09	; 9
   0502 FB                 1323 	.db #0xfb	; 251
   0503 09                 1324 	.db #0x09	; 9
   0504 FB                 1325 	.db #0xfb	; 251
   0505 09                 1326 	.db #0x09	; 9
   0506 FB                 1327 	.db #0xfb	; 251
   0507 09                 1328 	.db #0x09	; 9
   0508 FB                 1329 	.db #0xfb	; 251
   0509 09                 1330 	.db #0x09	; 9
   050A FB                 1331 	.db #0xfb	; 251
   050B 09                 1332 	.db #0x09	; 9
   050C FB                 1333 	.db #0xfb	; 251
   050D 09                 1334 	.db #0x09	; 9
   050E FB                 1335 	.db #0xfb	; 251
   050F 09                 1336 	.db #0x09	; 9
   0510 B1                 1337 	.db #0xb1	; 177
   0511 9E                 1338 	.db #0x9e	; 158
   0512 B1                 1339 	.db #0xb1	; 177
   0513 9E                 1340 	.db #0x9e	; 158
   0514 B1                 1341 	.db #0xb1	; 177
   0515 9E                 1342 	.db #0x9e	; 158
   0516 B1                 1343 	.db #0xb1	; 177
   0517 9E                 1344 	.db #0x9e	; 158
   0518 B1                 1345 	.db #0xb1	; 177
   0519 9E                 1346 	.db #0x9e	; 158
   051A B1                 1347 	.db #0xb1	; 177
   051B 9E                 1348 	.db #0x9e	; 158
   051C B1                 1349 	.db #0xb1	; 177
   051D 9E                 1350 	.db #0x9e	; 158
   051E B1                 1351 	.db #0xb1	; 177
   051F 9E                 1352 	.db #0x9e	; 158
   0520 F0                 1353 	.db #0xf0	; 240
   0521 06                 1354 	.db #0x06	; 6
   0522 F9                 1355 	.db #0xf9	; 249
   0523 02                 1356 	.db #0x02	; 2
   0524 FA                 1357 	.db #0xfa	; 250
   0525 03                 1358 	.db #0x03	; 3
   0526 FA                 1359 	.db #0xfa	; 250
   0527 03                 1360 	.db #0x03	; 3
   0528 F9                 1361 	.db #0xf9	; 249
   0529 05                 1362 	.db #0x05	; 5
   052A FD                 1363 	.db #0xfd	; 253
   052B 02                 1364 	.db #0x02	; 2
   052C FD                 1365 	.db #0xfd	; 253
   052D 02                 1366 	.db #0x02	; 2
   052E FF                 1367 	.db #0xff	; 255
   052F 00                 1368 	.db #0x00	; 0
   0530 80                 1369 	.db #0x80	; 128
   0531 FF                 1370 	.db #0xff	; 255
   0532 FF                 1371 	.db #0xff	; 255
   0533 00                 1372 	.db #0x00	; 0
   0534 EF                 1373 	.db #0xef	; 239
   0535 10                 1374 	.db #0x10	; 16
   0536 FF                 1375 	.db #0xff	; 255
   0537 00                 1376 	.db #0x00	; 0
   0538 80                 1377 	.db #0x80	; 128
   0539 FF                 1378 	.db #0xff	; 255
   053A FF                 1379 	.db #0xff	; 255
   053B 00                 1380 	.db #0x00	; 0
   053C FF                 1381 	.db #0xff	; 255
   053D 00                 1382 	.db #0x00	; 0
   053E FF                 1383 	.db #0xff	; 255
   053F 00                 1384 	.db #0x00	; 0
   0540 01                 1385 	.db #0x01	; 1
   0541 FF                 1386 	.db #0xff	; 255
   0542 EF                 1387 	.db #0xef	; 239
   0543 10                 1388 	.db #0x10	; 16
   0544 EF                 1389 	.db #0xef	; 239
   0545 10                 1390 	.db #0x10	; 16
   0546 EF                 1391 	.db #0xef	; 239
   0547 10                 1392 	.db #0x10	; 16
   0548 01                 1393 	.db #0x01	; 1
   0549 FF                 1394 	.db #0xff	; 255
   054A FF                 1395 	.db #0xff	; 255
   054B 00                 1396 	.db #0x00	; 0
   054C FF                 1397 	.db #0xff	; 255
   054D 00                 1398 	.db #0x00	; 0
   054E FF                 1399 	.db #0xff	; 255
   054F 00                 1400 	.db #0x00	; 0
   0550 80                 1401 	.db #0x80	; 128
   0551 FF                 1402 	.db #0xff	; 255
   0552 FF                 1403 	.db #0xff	; 255
   0553 00                 1404 	.db #0x00	; 0
   0554 FB                 1405 	.db #0xfb	; 251
   0555 04                 1406 	.db #0x04	; 4
   0556 FF                 1407 	.db #0xff	; 255
   0557 00                 1408 	.db #0x00	; 0
   0558 80                 1409 	.db #0x80	; 128
   0559 FF                 1410 	.db #0xff	; 255
   055A DF                 1411 	.db #0xdf	; 223
   055B 20                 1412 	.db #0x20	; 32
   055C DF                 1413 	.db #0xdf	; 223
   055D 20                 1414 	.db #0x20	; 32
   055E DF                 1415 	.db #0xdf	; 223
   055F 20                 1416 	.db #0x20	; 32
   0560 01                 1417 	.db #0x01	; 1
   0561 FF                 1418 	.db #0xff	; 255
   0562 FB                 1419 	.db #0xfb	; 251
   0563 04                 1420 	.db #0x04	; 4
   0564 FB                 1421 	.db #0xfb	; 251
   0565 04                 1422 	.db #0x04	; 4
   0566 FB                 1423 	.db #0xfb	; 251
   0567 04                 1424 	.db #0x04	; 4
   0568 01                 1425 	.db #0x01	; 1
   0569 FF                 1426 	.db #0xff	; 255
   056A FF                 1427 	.db #0xff	; 255
   056B 00                 1428 	.db #0x00	; 0
   056C F7                 1429 	.db #0xf7	; 247
   056D 08                 1430 	.db #0x08	; 8
   056E FF                 1431 	.db #0xff	; 255
   056F 00                 1432 	.db #0x00	; 0
   0570 80                 1433 	.db #0x80	; 128
   0571 FF                 1434 	.db #0xff	; 255
   0572 FF                 1435 	.db #0xff	; 255
   0573 00                 1436 	.db #0x00	; 0
   0574 FF                 1437 	.db #0xff	; 255
   0575 00                 1438 	.db #0x00	; 0
   0576 FF                 1439 	.db #0xff	; 255
   0577 00                 1440 	.db #0x00	; 0
   0578 80                 1441 	.db #0x80	; 128
   0579 FF                 1442 	.db #0xff	; 255
   057A FF                 1443 	.db #0xff	; 255
   057B 00                 1444 	.db #0x00	; 0
   057C EF                 1445 	.db #0xef	; 239
   057D 10                 1446 	.db #0x10	; 16
   057E FF                 1447 	.db #0xff	; 255
   057F 00                 1448 	.db #0x00	; 0
   0580 01                 1449 	.db #0x01	; 1
   0581 FF                 1450 	.db #0xff	; 255
   0582 7F                 1451 	.db #0x7f	; 127
   0583 80                 1452 	.db #0x80	; 128
   0584 7F                 1453 	.db #0x7f	; 127
   0585 80                 1454 	.db #0x80	; 128
   0586 7F                 1455 	.db #0x7f	; 127
   0587 80                 1456 	.db #0x80	; 128
   0588 01                 1457 	.db #0x01	; 1
   0589 FF                 1458 	.db #0xff	; 255
   058A FF                 1459 	.db #0xff	; 255
   058B 00                 1460 	.db #0x00	; 0
   058C EF                 1461 	.db #0xef	; 239
   058D 10                 1462 	.db #0x10	; 16
   058E FF                 1463 	.db #0xff	; 255
   058F 00                 1464 	.db #0x00	; 0
   0590 FB                 1465 	.db #0xfb	; 251
   0591 09                 1466 	.db #0x09	; 9
   0592 FB                 1467 	.db #0xfb	; 251
   0593 09                 1468 	.db #0x09	; 9
   0594 FB                 1469 	.db #0xfb	; 251
   0595 09                 1470 	.db #0x09	; 9
   0596 FB                 1471 	.db #0xfb	; 251
   0597 09                 1472 	.db #0x09	; 9
   0598 FB                 1473 	.db #0xfb	; 251
   0599 09                 1474 	.db #0x09	; 9
   059A CB                 1475 	.db #0xcb	; 203
   059B 39                 1476 	.db #0x39	; 57	'9'
   059C 0B                 1477 	.db #0x0b	; 11
   059D F9                 1478 	.db #0xf9	; 249
   059E EF                 1479 	.db #0xef	; 239
   059F 19                 1480 	.db #0x19	; 25
   05A0 B1                 1481 	.db #0xb1	; 177
   05A1 9E                 1482 	.db #0x9e	; 158
   05A2 B1                 1483 	.db #0xb1	; 177
   05A3 9E                 1484 	.db #0x9e	; 158
   05A4 B1                 1485 	.db #0xb1	; 177
   05A5 9E                 1486 	.db #0x9e	; 158
   05A6 B1                 1487 	.db #0xb1	; 177
   05A7 9E                 1488 	.db #0x9e	; 158
   05A8 B1                 1489 	.db #0xb1	; 177
   05A9 9E                 1490 	.db #0x9e	; 158
   05AA B1                 1491 	.db #0xb1	; 177
   05AB 9E                 1492 	.db #0x9e	; 158
   05AC B1                 1493 	.db #0xb1	; 177
   05AD 9E                 1494 	.db #0x9e	; 158
   05AE F0                 1495 	.db #0xf0	; 240
   05AF 9F                 1496 	.db #0x9f	; 159
   05B0 1F                 1497 	.db #0x1f	; 31
   05B1 1F                 1498 	.db #0x1f	; 31
   05B2 21                 1499 	.db #0x21	; 33
   05B3 21                 1500 	.db #0x21	; 33
   05B4 41                 1501 	.db #0x41	; 65	'A'
   05B5 41                 1502 	.db #0x41	; 65	'A'
   05B6 43                 1503 	.db #0x43	; 67	'C'
   05B7 41                 1504 	.db #0x41	; 65	'A'
   05B8 23                 1505 	.db #0x23	; 35
   05B9 3D                 1506 	.db #0x3d	; 61
   05BA 1F                 1507 	.db #0x1f	; 31
   05BB 11                 1508 	.db #0x11	; 17
   05BC 1F                 1509 	.db #0x1f	; 31
   05BD 11                 1510 	.db #0x11	; 17
   05BE 0F                 1511 	.db #0x0f	; 15
   05BF 0E                 1512 	.db #0x0e	; 14
   05C0 80                 1513 	.db #0x80	; 128
   05C1 FF                 1514 	.db #0xff	; 255
   05C2 FF                 1515 	.db #0xff	; 255
   05C3 00                 1516 	.db #0x00	; 0
   05C4 FF                 1517 	.db #0xff	; 255
   05C5 00                 1518 	.db #0x00	; 0
   05C6 FF                 1519 	.db #0xff	; 255
   05C7 00                 1520 	.db #0x00	; 0
   05C8 80                 1521 	.db #0x80	; 128
   05C9 FF                 1522 	.db #0xff	; 255
   05CA 80                 1523 	.db #0x80	; 128
   05CB 00                 1524 	.db #0x00	; 0
   05CC 80                 1525 	.db #0x80	; 128
   05CD 00                 1526 	.db #0x00	; 0
   05CE 80                 1527 	.db #0x80	; 128
   05CF 00                 1528 	.db #0x00	; 0
   05D0 01                 1529 	.db #0x01	; 1
   05D1 FF                 1530 	.db #0xff	; 255
   05D2 FF                 1531 	.db #0xff	; 255
   05D3 00                 1532 	.db #0x00	; 0
   05D4 FF                 1533 	.db #0xff	; 255
   05D5 00                 1534 	.db #0x00	; 0
   05D6 FF                 1535 	.db #0xff	; 255
   05D7 00                 1536 	.db #0x00	; 0
   05D8 01                 1537 	.db #0x01	; 1
   05D9 FF                 1538 	.db #0xff	; 255
   05DA 00                 1539 	.db #0x00	; 0
   05DB 00                 1540 	.db #0x00	; 0
   05DC 00                 1541 	.db #0x00	; 0
   05DD 00                 1542 	.db #0x00	; 0
   05DE 00                 1543 	.db #0x00	; 0
   05DF 00                 1544 	.db #0x00	; 0
   05E0 F9                 1545 	.db #0xf9	; 249
   05E1 FE                 1546 	.db #0xfe	; 254
   05E2 85                 1547 	.db #0x85	; 133
   05E3 86                 1548 	.db #0x86	; 134
   05E4 82                 1549 	.db #0x82	; 130
   05E5 82                 1550 	.db #0x82	; 130
   05E6 C2                 1551 	.db #0xc2	; 194
   05E7 82                 1552 	.db #0x82	; 130
   05E8 C6                 1553 	.db #0xc6	; 198
   05E9 BC                 1554 	.db #0xbc	; 188
   05EA FE                 1555 	.db #0xfe	; 254
   05EB 88                 1556 	.db #0x88	; 136
   05EC FC                 1557 	.db #0xfc	; 252
   05ED 88                 1558 	.db #0x88	; 136
   05EE 7C                 1559 	.db #0x7c	; 124
   05EF 70                 1560 	.db #0x70	; 112	'p'
                           1561 	.area _CABS (ABS)
