                              1 ;--------------------------------------------------------
                              2 ; File Created by SDCC : free open source ANSI-C Compiler
                              3 ; Version 4.0.0 #11528 (MINGW64)
                              4 ;--------------------------------------------------------
                              5 	.module tilemap
                              6 	.optsdcc -mgbz80
                              7 	
                              8 ;--------------------------------------------------------
                              9 ; Public variables in this module
                             10 ;--------------------------------------------------------
                             11 	.globl _TILEMAP
                             12 ;--------------------------------------------------------
                             13 ; special function registers
                             14 ;--------------------------------------------------------
                             15 ;--------------------------------------------------------
                             16 ; ram data
                             17 ;--------------------------------------------------------
                             18 	.area _DATA
                             19 ;--------------------------------------------------------
                             20 ; absolute external ram data
                             21 ;--------------------------------------------------------
                             22 	.area _DABS (ABS)
                             23 ;--------------------------------------------------------
                             24 ; global & static initialisations
                             25 ;--------------------------------------------------------
                             26 	.area _HOME
                             27 	.area _GSINIT
                             28 	.area _GSFINAL
                             29 	.area _GSINIT
                             30 ;--------------------------------------------------------
                             31 ; Home
                             32 ;--------------------------------------------------------
                             33 	.area _HOME
                             34 	.area _HOME
                             35 ;--------------------------------------------------------
                             36 ; code
                             37 ;--------------------------------------------------------
                             38 	.area _CODE
                             39 	.area _CODE
   0000                      40 _TILEMAP:
   0000 00                   41 	.db #0x00	; 0
   0001 01                   42 	.db #0x01	; 1
   0002 02                   43 	.db #0x02	; 2
   0003 03                   44 	.db #0x03	; 3
   0004 02                   45 	.db #0x02	; 2
   0005 03                   46 	.db #0x03	; 3
   0006 02                   47 	.db #0x02	; 2
   0007 03                   48 	.db #0x03	; 3
   0008 02                   49 	.db #0x02	; 2
   0009 03                   50 	.db #0x03	; 3
   000A 02                   51 	.db #0x02	; 2
   000B 03                   52 	.db #0x03	; 3
   000C 02                   53 	.db #0x02	; 2
   000D 03                   54 	.db #0x03	; 3
   000E 02                   55 	.db #0x02	; 2
   000F 03                   56 	.db #0x03	; 3
   0010 02                   57 	.db #0x02	; 2
   0011 04                   58 	.db #0x04	; 4
   0012 05                   59 	.db #0x05	; 5
   0013 05                   60 	.db #0x05	; 5
   0014 05                   61 	.db #0x05	; 5
   0015 05                   62 	.db #0x05	; 5
   0016 05                   63 	.db #0x05	; 5
   0017 05                   64 	.db #0x05	; 5
   0018 05                   65 	.db #0x05	; 5
   0019 05                   66 	.db #0x05	; 5
   001A 05                   67 	.db #0x05	; 5
   001B 05                   68 	.db #0x05	; 5
   001C 05                   69 	.db #0x05	; 5
   001D 05                   70 	.db #0x05	; 5
   001E 06                   71 	.db #0x06	; 6
   001F 03                   72 	.db #0x03	; 3
   0020 07                   73 	.db #0x07	; 7
   0021 08                   74 	.db #0x08	; 8
   0022 09                   75 	.db #0x09	; 9
   0023 00                   76 	.db #0x00	; 0
   0024 01                   77 	.db #0x01	; 1
   0025 0A                   78 	.db #0x0a	; 10
   0026 0B                   79 	.db #0x0b	; 11
   0027 0C                   80 	.db #0x0c	; 12
   0028 0C                   81 	.db #0x0c	; 12
   0029 0C                   82 	.db #0x0c	; 12
   002A 0C                   83 	.db #0x0c	; 12
   002B 0C                   84 	.db #0x0c	; 12
   002C 0C                   85 	.db #0x0c	; 12
   002D 0D                   86 	.db #0x0d	; 13
   002E 09                   87 	.db #0x09	; 9
   002F 0A                   88 	.db #0x0a	; 10
   0030 09                   89 	.db #0x09	; 9
   0031 0E                   90 	.db #0x0e	; 14
   0032 0F                   91 	.db #0x0f	; 15
   0033 05                   92 	.db #0x05	; 5
   0034 05                   93 	.db #0x05	; 5
   0035 05                   94 	.db #0x05	; 5
   0036 05                   95 	.db #0x05	; 5
   0037 05                   96 	.db #0x05	; 5
   0038 10                   97 	.db #0x10	; 16
   0039 11                   98 	.db #0x11	; 17
   003A 12                   99 	.db #0x12	; 18
   003B 05                  100 	.db #0x05	; 5
   003C 05                  101 	.db #0x05	; 5
   003D 05                  102 	.db #0x05	; 5
   003E 06                  103 	.db #0x06	; 6
   003F 0A                  104 	.db #0x0a	; 10
   0040 13                  105 	.db #0x13	; 19
   0041 14                  106 	.db #0x14	; 20
   0042 02                  107 	.db #0x02	; 2
   0043 07                  108 	.db #0x07	; 7
   0044 08                  109 	.db #0x08	; 8
   0045 03                  110 	.db #0x03	; 3
   0046 15                  111 	.db #0x15	; 21
   0047 16                  112 	.db #0x16	; 22
   0048 16                  113 	.db #0x16	; 22
   0049 16                  114 	.db #0x16	; 22
   004A 16                  115 	.db #0x16	; 22
   004B 16                  116 	.db #0x16	; 22
   004C 16                  117 	.db #0x16	; 22
   004D 17                  118 	.db #0x17	; 23
   004E 02                  119 	.db #0x02	; 2
   004F 03                  120 	.db #0x03	; 3
   0050 02                  121 	.db #0x02	; 2
   0051 03                  122 	.db #0x03	; 3
   0052 04                  123 	.db #0x04	; 4
   0053 05                  124 	.db #0x05	; 5
   0054 05                  125 	.db #0x05	; 5
   0055 05                  126 	.db #0x05	; 5
   0056 05                  127 	.db #0x05	; 5
   0057 05                  128 	.db #0x05	; 5
   0058 18                  129 	.db #0x18	; 24
   0059 19                  130 	.db #0x19	; 25
   005A 1A                  131 	.db #0x1a	; 26
   005B 05                  132 	.db #0x05	; 5
   005C 05                  133 	.db #0x05	; 5
   005D 05                  134 	.db #0x05	; 5
   005E 06                  135 	.db #0x06	; 6
   005F 03                  136 	.db #0x03	; 3
   0060 09                  137 	.db #0x09	; 9
   0061 00                  138 	.db #0x00	; 0
   0062 01                  139 	.db #0x01	; 1
   0063 13                  140 	.db #0x13	; 19
   0064 14                  141 	.db #0x14	; 20
   0065 0A                  142 	.db #0x0a	; 10
   0066 1B                  143 	.db #0x1b	; 27
   0067 1C                  144 	.db #0x1c	; 28
   0068 1C                  145 	.db #0x1c	; 28
   0069 1C                  146 	.db #0x1c	; 28
   006A 1C                  147 	.db #0x1c	; 28
   006B 1C                  148 	.db #0x1c	; 28
   006C 1C                  149 	.db #0x1c	; 28
   006D 1D                  150 	.db #0x1d	; 29
   006E 09                  151 	.db #0x09	; 9
   006F 0A                  152 	.db #0x0a	; 10
   0070 09                  153 	.db #0x09	; 9
   0071 0A                  154 	.db #0x0a	; 10
   0072 04                  155 	.db #0x04	; 4
   0073 05                  156 	.db #0x05	; 5
   0074 05                  157 	.db #0x05	; 5
   0075 05                  158 	.db #0x05	; 5
   0076 1E                  159 	.db #0x1e	; 30
   0077 1F                  160 	.db #0x1f	; 31
   0078 20                  161 	.db #0x20	; 32
   0079 21                  162 	.db #0x21	; 33
   007A 22                  163 	.db #0x22	; 34
   007B 05                  164 	.db #0x05	; 5
   007C 05                  165 	.db #0x05	; 5
   007D 05                  166 	.db #0x05	; 5
   007E 06                  167 	.db #0x06	; 6
   007F 0A                  168 	.db #0x0a	; 10
   0080 02                  169 	.db #0x02	; 2
   0081 07                  170 	.db #0x07	; 7
   0082 08                  171 	.db #0x08	; 8
   0083 03                  172 	.db #0x03	; 3
   0084 02                  173 	.db #0x02	; 2
   0085 03                  174 	.db #0x03	; 3
   0086 23                  175 	.db #0x23	; 35
   0087 24                  176 	.db #0x24	; 36
   0088 24                  177 	.db #0x24	; 36
   0089 24                  178 	.db #0x24	; 36
   008A 24                  179 	.db #0x24	; 36
   008B 24                  180 	.db #0x24	; 36
   008C 24                  181 	.db #0x24	; 36
   008D 25                  182 	.db #0x25	; 37
   008E 02                  183 	.db #0x02	; 2
   008F 03                  184 	.db #0x03	; 3
   0090 02                  185 	.db #0x02	; 2
   0091 03                  186 	.db #0x03	; 3
   0092 0E                  187 	.db #0x0e	; 14
   0093 26                  188 	.db #0x26	; 38
   0094 0F                  189 	.db #0x0f	; 15
   0095 05                  190 	.db #0x05	; 5
   0096 27                  191 	.db #0x27	; 39
   0097 28                  192 	.db #0x28	; 40
   0098 05                  193 	.db #0x05	; 5
   0099 05                  194 	.db #0x05	; 5
   009A 05                  195 	.db #0x05	; 5
   009B 05                  196 	.db #0x05	; 5
   009C 05                  197 	.db #0x05	; 5
   009D 29                  198 	.db #0x29	; 41
   009E 2A                  199 	.db #0x2a	; 42
   009F 03                  200 	.db #0x03	; 3
   00A0 09                  201 	.db #0x09	; 9
   00A1 13                  202 	.db #0x13	; 19
   00A2 14                  203 	.db #0x14	; 20
   00A3 0A                  204 	.db #0x0a	; 10
   00A4 09                  205 	.db #0x09	; 9
   00A5 0A                  206 	.db #0x0a	; 10
   00A6 2B                  207 	.db #0x2b	; 43
   00A7 2C                  208 	.db #0x2c	; 44
   00A8 2D                  209 	.db #0x2d	; 45
   00A9 2E                  210 	.db #0x2e	; 46
   00AA 2C                  211 	.db #0x2c	; 44
   00AB 2F                  212 	.db #0x2f	; 47
   00AC 30                  213 	.db #0x30	; 48	'0'
   00AD 31                  214 	.db #0x31	; 49	'1'
   00AE 09                  215 	.db #0x09	; 9
   00AF 0A                  216 	.db #0x0a	; 10
   00B0 09                  217 	.db #0x09	; 9
   00B1 0A                  218 	.db #0x0a	; 10
   00B2 09                  219 	.db #0x09	; 9
   00B3 0A                  220 	.db #0x0a	; 10
   00B4 0E                  221 	.db #0x0e	; 14
   00B5 26                  222 	.db #0x26	; 38
   00B6 0F                  223 	.db #0x0f	; 15
   00B7 05                  224 	.db #0x05	; 5
   00B8 1E                  225 	.db #0x1e	; 30
   00B9 1F                  226 	.db #0x1f	; 31
   00BA 05                  227 	.db #0x05	; 5
   00BB 05                  228 	.db #0x05	; 5
   00BC 29                  229 	.db #0x29	; 41
   00BD 2A                  230 	.db #0x2a	; 42
   00BE 09                  231 	.db #0x09	; 9
   00BF 0A                  232 	.db #0x0a	; 10
   00C0 02                  233 	.db #0x02	; 2
   00C1 03                  234 	.db #0x03	; 3
   00C2 02                  235 	.db #0x02	; 2
   00C3 03                  236 	.db #0x03	; 3
   00C4 02                  237 	.db #0x02	; 2
   00C5 03                  238 	.db #0x03	; 3
   00C6 2B                  239 	.db #0x2b	; 43
   00C7 2C                  240 	.db #0x2c	; 44
   00C8 32                  241 	.db #0x32	; 50	'2'
   00C9 33                  242 	.db #0x33	; 51	'3'
   00CA 2C                  243 	.db #0x2c	; 44
   00CB 34                  244 	.db #0x34	; 52	'4'
   00CC 35                  245 	.db #0x35	; 53	'5'
   00CD 31                  246 	.db #0x31	; 49	'1'
   00CE 02                  247 	.db #0x02	; 2
   00CF 03                  248 	.db #0x03	; 3
   00D0 02                  249 	.db #0x02	; 2
   00D1 03                  250 	.db #0x03	; 3
   00D2 02                  251 	.db #0x02	; 2
   00D3 03                  252 	.db #0x03	; 3
   00D4 02                  253 	.db #0x02	; 2
   00D5 03                  254 	.db #0x03	; 3
   00D6 0E                  255 	.db #0x0e	; 14
   00D7 0F                  256 	.db #0x0f	; 15
   00D8 27                  257 	.db #0x27	; 39
   00D9 28                  258 	.db #0x28	; 40
   00DA 05                  259 	.db #0x05	; 5
   00DB 29                  260 	.db #0x29	; 41
   00DC 2A                  261 	.db #0x2a	; 42
   00DD 03                  262 	.db #0x03	; 3
   00DE 00                  263 	.db #0x00	; 0
   00DF 01                  264 	.db #0x01	; 1
   00E0 00                  265 	.db #0x00	; 0
   00E1 01                  266 	.db #0x01	; 1
   00E2 09                  267 	.db #0x09	; 9
   00E3 0A                  268 	.db #0x0a	; 10
   00E4 09                  269 	.db #0x09	; 9
   00E5 0A                  270 	.db #0x0a	; 10
   00E6 36                  271 	.db #0x36	; 54	'6'
   00E7 37                  272 	.db #0x37	; 55	'7'
   00E8 38                  273 	.db #0x38	; 56	'8'
   00E9 39                  274 	.db #0x39	; 57	'9'
   00EA 37                  275 	.db #0x37	; 55	'7'
   00EB 37                  276 	.db #0x37	; 55	'7'
   00EC 37                  277 	.db #0x37	; 55	'7'
   00ED 3A                  278 	.db #0x3a	; 58
   00EE 09                  279 	.db #0x09	; 9
   00EF 0A                  280 	.db #0x0a	; 10
   00F0 09                  281 	.db #0x09	; 9
   00F1 0A                  282 	.db #0x0a	; 10
   00F2 09                  283 	.db #0x09	; 9
   00F3 00                  284 	.db #0x00	; 0
   00F4 01                  285 	.db #0x01	; 1
   00F5 0A                  286 	.db #0x0a	; 10
   00F6 09                  287 	.db #0x09	; 9
   00F7 0E                  288 	.db #0x0e	; 14
   00F8 26                  289 	.db #0x26	; 38
   00F9 26                  290 	.db #0x26	; 38
   00FA 26                  291 	.db #0x26	; 38
   00FB 2A                  292 	.db #0x2a	; 42
   00FC 09                  293 	.db #0x09	; 9
   00FD 0A                  294 	.db #0x0a	; 10
   00FE 07                  295 	.db #0x07	; 7
   00FF 08                  296 	.db #0x08	; 8
   0100 07                  297 	.db #0x07	; 7
   0101 08                  298 	.db #0x08	; 8
   0102 02                  299 	.db #0x02	; 2
   0103 03                  300 	.db #0x03	; 3
   0104 02                  301 	.db #0x02	; 2
   0105 03                  302 	.db #0x03	; 3
   0106 02                  303 	.db #0x02	; 2
   0107 3B                  304 	.db #0x3b	; 59
   0108 3C                  305 	.db #0x3c	; 60
   0109 3C                  306 	.db #0x3c	; 60
   010A 3D                  307 	.db #0x3d	; 61
   010B 03                  308 	.db #0x03	; 3
   010C 02                  309 	.db #0x02	; 2
   010D 03                  310 	.db #0x03	; 3
   010E 02                  311 	.db #0x02	; 2
   010F 03                  312 	.db #0x03	; 3
   0110 02                  313 	.db #0x02	; 2
   0111 03                  314 	.db #0x03	; 3
   0112 02                  315 	.db #0x02	; 2
   0113 07                  316 	.db #0x07	; 7
   0114 08                  317 	.db #0x08	; 8
   0115 03                  318 	.db #0x03	; 3
   0116 02                  319 	.db #0x02	; 2
   0117 03                  320 	.db #0x03	; 3
   0118 00                  321 	.db #0x00	; 0
   0119 01                  322 	.db #0x01	; 1
   011A 02                  323 	.db #0x02	; 2
   011B 00                  324 	.db #0x00	; 0
   011C 01                  325 	.db #0x01	; 1
   011D 03                  326 	.db #0x03	; 3
   011E 13                  327 	.db #0x13	; 19
   011F 14                  328 	.db #0x14	; 20
   0120 13                  329 	.db #0x13	; 19
   0121 14                  330 	.db #0x14	; 20
   0122 09                  331 	.db #0x09	; 9
   0123 0A                  332 	.db #0x0a	; 10
   0124 09                  333 	.db #0x09	; 9
   0125 0A                  334 	.db #0x0a	; 10
   0126 09                  335 	.db #0x09	; 9
   0127 0A                  336 	.db #0x0a	; 10
   0128 3B                  337 	.db #0x3b	; 59
   0129 3C                  338 	.db #0x3c	; 60
   012A 3C                  339 	.db #0x3c	; 60
   012B 3D                  340 	.db #0x3d	; 61
   012C 09                  341 	.db #0x09	; 9
   012D 0A                  342 	.db #0x0a	; 10
   012E 09                  343 	.db #0x09	; 9
   012F 0A                  344 	.db #0x0a	; 10
   0130 09                  345 	.db #0x09	; 9
   0131 0A                  346 	.db #0x0a	; 10
   0132 09                  347 	.db #0x09	; 9
   0133 13                  348 	.db #0x13	; 19
   0134 14                  349 	.db #0x14	; 20
   0135 00                  350 	.db #0x00	; 0
   0136 01                  351 	.db #0x01	; 1
   0137 0A                  352 	.db #0x0a	; 10
   0138 07                  353 	.db #0x07	; 7
   0139 08                  354 	.db #0x08	; 8
   013A 09                  355 	.db #0x09	; 9
   013B 07                  356 	.db #0x07	; 7
   013C 08                  357 	.db #0x08	; 8
   013D 0A                  358 	.db #0x0a	; 10
   013E 09                  359 	.db #0x09	; 9
   013F 0A                  360 	.db #0x0a	; 10
   0140 3E                  361 	.db #0x3e	; 62
   0141 03                  362 	.db #0x03	; 3
   0142 3F                  363 	.db #0x3f	; 63
   0143 40                  364 	.db #0x40	; 64
   0144 3E                  365 	.db #0x3e	; 62
   0145 03                  366 	.db #0x03	; 3
   0146 02                  367 	.db #0x02	; 2
   0147 3B                  368 	.db #0x3b	; 59
   0148 3C                  369 	.db #0x3c	; 60
   0149 3C                  370 	.db #0x3c	; 60
   014A 3D                  371 	.db #0x3d	; 61
   014B 03                  372 	.db #0x03	; 3
   014C 02                  373 	.db #0x02	; 2
   014D 03                  374 	.db #0x03	; 3
   014E 02                  375 	.db #0x02	; 2
   014F 03                  376 	.db #0x03	; 3
   0150 02                  377 	.db #0x02	; 2
   0151 03                  378 	.db #0x03	; 3
   0152 00                  379 	.db #0x00	; 0
   0153 01                  380 	.db #0x01	; 1
   0154 02                  381 	.db #0x02	; 2
   0155 07                  382 	.db #0x07	; 7
   0156 08                  383 	.db #0x08	; 8
   0157 03                  384 	.db #0x03	; 3
   0158 13                  385 	.db #0x13	; 19
   0159 14                  386 	.db #0x14	; 20
   015A 02                  387 	.db #0x02	; 2
   015B 13                  388 	.db #0x13	; 19
   015C 14                  389 	.db #0x14	; 20
   015D 03                  390 	.db #0x03	; 3
   015E 3F                  391 	.db #0x3f	; 63
   015F 40                  392 	.db #0x40	; 64
   0160 3C                  393 	.db #0x3c	; 60
   0161 3C                  394 	.db #0x3c	; 60
   0162 3C                  395 	.db #0x3c	; 60
   0163 3C                  396 	.db #0x3c	; 60
   0164 3C                  397 	.db #0x3c	; 60
   0165 3C                  398 	.db #0x3c	; 60
   0166 3C                  399 	.db #0x3c	; 60
   0167 3C                  400 	.db #0x3c	; 60
   0168 3C                  401 	.db #0x3c	; 60
   0169 3C                  402 	.db #0x3c	; 60
   016A 3D                  403 	.db #0x3d	; 61
   016B 3F                  404 	.db #0x3f	; 63
   016C 40                  405 	.db #0x40	; 64
   016D 3E                  406 	.db #0x3e	; 62
   016E 09                  407 	.db #0x09	; 9
   016F 0A                  408 	.db #0x0a	; 10
   0170 09                  409 	.db #0x09	; 9
   0171 0A                  410 	.db #0x0a	; 10
   0172 07                  411 	.db #0x07	; 7
   0173 08                  412 	.db #0x08	; 8
   0174 09                  413 	.db #0x09	; 9
   0175 13                  414 	.db #0x13	; 19
   0176 14                  415 	.db #0x14	; 20
   0177 3F                  416 	.db #0x3f	; 63
   0178 40                  417 	.db #0x40	; 64
   0179 3E                  418 	.db #0x3e	; 62
   017A 3F                  419 	.db #0x3f	; 63
   017B 40                  420 	.db #0x40	; 64
   017C 3C                  421 	.db #0x3c	; 60
   017D 3C                  422 	.db #0x3c	; 60
   017E 3C                  423 	.db #0x3c	; 60
   017F 3C                  424 	.db #0x3c	; 60
   0180 3C                  425 	.db #0x3c	; 60
   0181 3C                  426 	.db #0x3c	; 60
   0182 3C                  427 	.db #0x3c	; 60
   0183 3C                  428 	.db #0x3c	; 60
   0184 3C                  429 	.db #0x3c	; 60
   0185 3C                  430 	.db #0x3c	; 60
   0186 3C                  431 	.db #0x3c	; 60
   0187 3C                  432 	.db #0x3c	; 60
   0188 3C                  433 	.db #0x3c	; 60
   0189 3C                  434 	.db #0x3c	; 60
   018A 3C                  435 	.db #0x3c	; 60
   018B 3C                  436 	.db #0x3c	; 60
   018C 3C                  437 	.db #0x3c	; 60
   018D 3C                  438 	.db #0x3c	; 60
   018E 3C                  439 	.db #0x3c	; 60
   018F 3E                  440 	.db #0x3e	; 62
   0190 02                  441 	.db #0x02	; 2
   0191 03                  442 	.db #0x03	; 3
   0192 13                  443 	.db #0x13	; 19
   0193 14                  444 	.db #0x14	; 20
   0194 02                  445 	.db #0x02	; 2
   0195 3F                  446 	.db #0x3f	; 63
   0196 3C                  447 	.db #0x3c	; 60
   0197 3C                  448 	.db #0x3c	; 60
   0198 3C                  449 	.db #0x3c	; 60
   0199 3C                  450 	.db #0x3c	; 60
   019A 3C                  451 	.db #0x3c	; 60
   019B 3C                  452 	.db #0x3c	; 60
   019C 3C                  453 	.db #0x3c	; 60
   019D 3C                  454 	.db #0x3c	; 60
   019E 3C                  455 	.db #0x3c	; 60
   019F 3C                  456 	.db #0x3c	; 60
   01A0 09                  457 	.db #0x09	; 9
   01A1 41                  458 	.db #0x41	; 65	'A'
   01A2 41                  459 	.db #0x41	; 65	'A'
   01A3 0A                  460 	.db #0x0a	; 10
   01A4 41                  461 	.db #0x41	; 65	'A'
   01A5 3B                  462 	.db #0x3b	; 59
   01A6 3C                  463 	.db #0x3c	; 60
   01A7 3C                  464 	.db #0x3c	; 60
   01A8 3C                  465 	.db #0x3c	; 60
   01A9 3C                  466 	.db #0x3c	; 60
   01AA 3C                  467 	.db #0x3c	; 60
   01AB 3C                  468 	.db #0x3c	; 60
   01AC 3C                  469 	.db #0x3c	; 60
   01AD 3C                  470 	.db #0x3c	; 60
   01AE 3C                  471 	.db #0x3c	; 60
   01AF 3C                  472 	.db #0x3c	; 60
   01B0 3C                  473 	.db #0x3c	; 60
   01B1 3C                  474 	.db #0x3c	; 60
   01B2 40                  475 	.db #0x40	; 64
   01B3 40                  476 	.db #0x40	; 64
   01B4 3C                  477 	.db #0x3c	; 60
   01B5 3C                  478 	.db #0x3c	; 60
   01B6 3C                  479 	.db #0x3c	; 60
   01B7 3C                  480 	.db #0x3c	; 60
   01B8 3C                  481 	.db #0x3c	; 60
   01B9 3C                  482 	.db #0x3c	; 60
   01BA 3C                  483 	.db #0x3c	; 60
   01BB 3C                  484 	.db #0x3c	; 60
   01BC 3D                  485 	.db #0x3d	; 61
   01BD 0A                  486 	.db #0x0a	; 10
   01BE 09                  487 	.db #0x09	; 9
   01BF 41                  488 	.db #0x41	; 65	'A'
   01C0 42                  489 	.db #0x42	; 66	'B'
   01C1 42                  490 	.db #0x42	; 66	'B'
   01C2 42                  491 	.db #0x42	; 66	'B'
   01C3 42                  492 	.db #0x42	; 66	'B'
   01C4 43                  493 	.db #0x43	; 67	'C'
   01C5 03                  494 	.db #0x03	; 3
   01C6 02                  495 	.db #0x02	; 2
   01C7 03                  496 	.db #0x03	; 3
   01C8 3B                  497 	.db #0x3b	; 59
   01C9 3D                  498 	.db #0x3d	; 61
   01CA 02                  499 	.db #0x02	; 2
   01CB 03                  500 	.db #0x03	; 3
   01CC 02                  501 	.db #0x02	; 2
   01CD 3B                  502 	.db #0x3b	; 59
   01CE 3C                  503 	.db #0x3c	; 60
   01CF 3C                  504 	.db #0x3c	; 60
   01D0 3C                  505 	.db #0x3c	; 60
   01D1 3C                  506 	.db #0x3c	; 60
   01D2 3C                  507 	.db #0x3c	; 60
   01D3 3C                  508 	.db #0x3c	; 60
   01D4 3C                  509 	.db #0x3c	; 60
   01D5 3C                  510 	.db #0x3c	; 60
   01D6 3D                  511 	.db #0x3d	; 61
   01D7 03                  512 	.db #0x03	; 3
   01D8 02                  513 	.db #0x02	; 2
   01D9 41                  514 	.db #0x41	; 65	'A'
   01DA 41                  515 	.db #0x41	; 65	'A'
   01DB 03                  516 	.db #0x03	; 3
   01DC 02                  517 	.db #0x02	; 2
   01DD 03                  518 	.db #0x03	; 3
   01DE 44                  519 	.db #0x44	; 68	'D'
   01DF 42                  520 	.db #0x42	; 66	'B'
   01E0 45                  521 	.db #0x45	; 69	'E'
   01E1 45                  522 	.db #0x45	; 69	'E'
   01E2 45                  523 	.db #0x45	; 69	'E'
   01E3 45                  524 	.db #0x45	; 69	'E'
   01E4 06                  525 	.db #0x06	; 6
   01E5 0A                  526 	.db #0x0a	; 10
   01E6 09                  527 	.db #0x09	; 9
   01E7 46                  528 	.db #0x46	; 70	'F'
   01E8 47                  529 	.db #0x47	; 71	'G'
   01E9 48                  530 	.db #0x48	; 72	'H'
   01EA 49                  531 	.db #0x49	; 73	'I'
   01EB 0A                  532 	.db #0x0a	; 10
   01EC 09                  533 	.db #0x09	; 9
   01ED 0A                  534 	.db #0x0a	; 10
   01EE 09                  535 	.db #0x09	; 9
   01EF 0A                  536 	.db #0x0a	; 10
   01F0 41                  537 	.db #0x41	; 65	'A'
   01F1 3B                  538 	.db #0x3b	; 59
   01F2 3C                  539 	.db #0x3c	; 60
   01F3 3C                  540 	.db #0x3c	; 60
   01F4 3D                  541 	.db #0x3d	; 61
   01F5 41                  542 	.db #0x41	; 65	'A'
   01F6 09                  543 	.db #0x09	; 9
   01F7 0A                  544 	.db #0x0a	; 10
   01F8 09                  545 	.db #0x09	; 9
   01F9 0A                  546 	.db #0x0a	; 10
   01FA 09                  547 	.db #0x09	; 9
   01FB 0A                  548 	.db #0x0a	; 10
   01FC 09                  549 	.db #0x09	; 9
   01FD 0A                  550 	.db #0x0a	; 10
   01FE 04                  551 	.db #0x04	; 4
   01FF 45                  552 	.db #0x45	; 69	'E'
   0200 05                  553 	.db #0x05	; 5
   0201 05                  554 	.db #0x05	; 5
   0202 05                  555 	.db #0x05	; 5
   0203 05                  556 	.db #0x05	; 5
   0204 4A                  557 	.db #0x4a	; 74	'J'
   0205 42                  558 	.db #0x42	; 66	'B'
   0206 42                  559 	.db #0x42	; 66	'B'
   0207 4B                  560 	.db #0x4b	; 75	'K'
   0208 4C                  561 	.db #0x4c	; 76	'L'
   0209 4D                  562 	.db #0x4d	; 77	'M'
   020A 4E                  563 	.db #0x4e	; 78	'N'
   020B 43                  564 	.db #0x43	; 67	'C'
   020C 02                  565 	.db #0x02	; 2
   020D 03                  566 	.db #0x03	; 3
   020E 02                  567 	.db #0x02	; 2
   020F 00                  568 	.db #0x00	; 0
   0210 01                  569 	.db #0x01	; 1
   0211 03                  570 	.db #0x03	; 3
   0212 02                  571 	.db #0x02	; 2
   0213 03                  572 	.db #0x03	; 3
   0214 02                  573 	.db #0x02	; 2
   0215 03                  574 	.db #0x03	; 3
   0216 02                  575 	.db #0x02	; 2
   0217 03                  576 	.db #0x03	; 3
   0218 02                  577 	.db #0x02	; 2
   0219 44                  578 	.db #0x44	; 68	'D'
   021A 42                  579 	.db #0x42	; 66	'B'
   021B 42                  580 	.db #0x42	; 66	'B'
   021C 42                  581 	.db #0x42	; 66	'B'
   021D 42                  582 	.db #0x42	; 66	'B'
   021E 4F                  583 	.db #0x4f	; 79	'O'
   021F 05                  584 	.db #0x05	; 5
   0220 05                  585 	.db #0x05	; 5
   0221 05                  586 	.db #0x05	; 5
   0222 05                  587 	.db #0x05	; 5
   0223 05                  588 	.db #0x05	; 5
   0224 05                  589 	.db #0x05	; 5
   0225 45                  590 	.db #0x45	; 69	'E'
   0226 45                  591 	.db #0x45	; 69	'E'
   0227 50                  592 	.db #0x50	; 80	'P'
   0228 4C                  593 	.db #0x4c	; 76	'L'
   0229 4D                  594 	.db #0x4d	; 77	'M'
   022A 51                  595 	.db #0x51	; 81	'Q'
   022B 52                  596 	.db #0x52	; 82	'R'
   022C 42                  597 	.db #0x42	; 66	'B'
   022D 42                  598 	.db #0x42	; 66	'B'
   022E 43                  599 	.db #0x43	; 67	'C'
   022F 07                  600 	.db #0x07	; 7
   0230 08                  601 	.db #0x08	; 8
   0231 0A                  602 	.db #0x0a	; 10
   0232 09                  603 	.db #0x09	; 9
   0233 0A                  604 	.db #0x0a	; 10
   0234 09                  605 	.db #0x09	; 9
   0235 44                  606 	.db #0x44	; 68	'D'
   0236 42                  607 	.db #0x42	; 66	'B'
   0237 42                  608 	.db #0x42	; 66	'B'
   0238 42                  609 	.db #0x42	; 66	'B'
   0239 4F                  610 	.db #0x4f	; 79	'O'
   023A 45                  611 	.db #0x45	; 69	'E'
   023B 45                  612 	.db #0x45	; 69	'E'
   023C 45                  613 	.db #0x45	; 69	'E'
   023D 45                  614 	.db #0x45	; 69	'E'
   023E 05                  615 	.db #0x05	; 5
   023F 05                  616 	.db #0x05	; 5
   0240 05                  617 	.db #0x05	; 5
   0241 05                  618 	.db #0x05	; 5
   0242 05                  619 	.db #0x05	; 5
   0243 05                  620 	.db #0x05	; 5
   0244 05                  621 	.db #0x05	; 5
   0245 05                  622 	.db #0x05	; 5
   0246 05                  623 	.db #0x05	; 5
   0247 50                  624 	.db #0x50	; 80	'P'
   0248 53                  625 	.db #0x53	; 83	'S'
   0249 54                  626 	.db #0x54	; 84	'T'
   024A 51                  627 	.db #0x51	; 81	'Q'
   024B 05                  628 	.db #0x05	; 5
   024C 45                  629 	.db #0x45	; 69	'E'
   024D 45                  630 	.db #0x45	; 69	'E'
   024E 06                  631 	.db #0x06	; 6
   024F 13                  632 	.db #0x13	; 19
   0250 14                  633 	.db #0x14	; 20
   0251 03                  634 	.db #0x03	; 3
   0252 02                  635 	.db #0x02	; 2
   0253 03                  636 	.db #0x03	; 3
   0254 02                  637 	.db #0x02	; 2
   0255 04                  638 	.db #0x04	; 4
   0256 45                  639 	.db #0x45	; 69	'E'
   0257 45                  640 	.db #0x45	; 69	'E'
   0258 45                  641 	.db #0x45	; 69	'E'
   0259 05                  642 	.db #0x05	; 5
   025A 05                  643 	.db #0x05	; 5
   025B 05                  644 	.db #0x05	; 5
   025C 05                  645 	.db #0x05	; 5
   025D 05                  646 	.db #0x05	; 5
   025E 05                  647 	.db #0x05	; 5
   025F 05                  648 	.db #0x05	; 5
   0260 05                  649 	.db #0x05	; 5
   0261 05                  650 	.db #0x05	; 5
   0262 05                  651 	.db #0x05	; 5
   0263 05                  652 	.db #0x05	; 5
   0264 05                  653 	.db #0x05	; 5
   0265 05                  654 	.db #0x05	; 5
   0266 05                  655 	.db #0x05	; 5
   0267 50                  656 	.db #0x50	; 80	'P'
   0268 55                  657 	.db #0x55	; 85	'U'
   0269 56                  658 	.db #0x56	; 86	'V'
   026A 51                  659 	.db #0x51	; 81	'Q'
   026B 05                  660 	.db #0x05	; 5
   026C 05                  661 	.db #0x05	; 5
   026D 05                  662 	.db #0x05	; 5
   026E 4A                  663 	.db #0x4a	; 74	'J'
   026F 42                  664 	.db #0x42	; 66	'B'
   0270 42                  665 	.db #0x42	; 66	'B'
   0271 42                  666 	.db #0x42	; 66	'B'
   0272 42                  667 	.db #0x42	; 66	'B'
   0273 42                  668 	.db #0x42	; 66	'B'
   0274 42                  669 	.db #0x42	; 66	'B'
   0275 4F                  670 	.db #0x4f	; 79	'O'
   0276 05                  671 	.db #0x05	; 5
   0277 05                  672 	.db #0x05	; 5
   0278 05                  673 	.db #0x05	; 5
   0279 05                  674 	.db #0x05	; 5
   027A 05                  675 	.db #0x05	; 5
   027B 05                  676 	.db #0x05	; 5
   027C 05                  677 	.db #0x05	; 5
   027D 05                  678 	.db #0x05	; 5
   027E 05                  679 	.db #0x05	; 5
   027F 05                  680 	.db #0x05	; 5
   0280 05                  681 	.db #0x05	; 5
   0281 05                  682 	.db #0x05	; 5
   0282 05                  683 	.db #0x05	; 5
   0283 05                  684 	.db #0x05	; 5
   0284 05                  685 	.db #0x05	; 5
   0285 05                  686 	.db #0x05	; 5
   0286 05                  687 	.db #0x05	; 5
   0287 50                  688 	.db #0x50	; 80	'P'
   0288 57                  689 	.db #0x57	; 87	'W'
   0289 58                  690 	.db #0x58	; 88	'X'
   028A 51                  691 	.db #0x51	; 81	'Q'
   028B 05                  692 	.db #0x05	; 5
   028C 05                  693 	.db #0x05	; 5
   028D 05                  694 	.db #0x05	; 5
   028E 05                  695 	.db #0x05	; 5
   028F 45                  696 	.db #0x45	; 69	'E'
   0290 45                  697 	.db #0x45	; 69	'E'
   0291 45                  698 	.db #0x45	; 69	'E'
   0292 45                  699 	.db #0x45	; 69	'E'
   0293 45                  700 	.db #0x45	; 69	'E'
   0294 45                  701 	.db #0x45	; 69	'E'
   0295 05                  702 	.db #0x05	; 5
   0296 05                  703 	.db #0x05	; 5
   0297 05                  704 	.db #0x05	; 5
   0298 05                  705 	.db #0x05	; 5
   0299 05                  706 	.db #0x05	; 5
   029A 05                  707 	.db #0x05	; 5
   029B 05                  708 	.db #0x05	; 5
   029C 05                  709 	.db #0x05	; 5
   029D 05                  710 	.db #0x05	; 5
   029E 05                  711 	.db #0x05	; 5
   029F 05                  712 	.db #0x05	; 5
   02A0 05                  713 	.db #0x05	; 5
   02A1 05                  714 	.db #0x05	; 5
   02A2 05                  715 	.db #0x05	; 5
   02A3 05                  716 	.db #0x05	; 5
   02A4 05                  717 	.db #0x05	; 5
   02A5 05                  718 	.db #0x05	; 5
   02A6 05                  719 	.db #0x05	; 5
   02A7 50                  720 	.db #0x50	; 80	'P'
   02A8 4C                  721 	.db #0x4c	; 76	'L'
   02A9 4D                  722 	.db #0x4d	; 77	'M'
   02AA 51                  723 	.db #0x51	; 81	'Q'
   02AB 05                  724 	.db #0x05	; 5
   02AC 05                  725 	.db #0x05	; 5
   02AD 05                  726 	.db #0x05	; 5
   02AE 05                  727 	.db #0x05	; 5
   02AF 05                  728 	.db #0x05	; 5
   02B0 05                  729 	.db #0x05	; 5
   02B1 05                  730 	.db #0x05	; 5
   02B2 05                  731 	.db #0x05	; 5
   02B3 05                  732 	.db #0x05	; 5
   02B4 05                  733 	.db #0x05	; 5
   02B5 05                  734 	.db #0x05	; 5
   02B6 05                  735 	.db #0x05	; 5
   02B7 05                  736 	.db #0x05	; 5
   02B8 05                  737 	.db #0x05	; 5
   02B9 05                  738 	.db #0x05	; 5
   02BA 05                  739 	.db #0x05	; 5
   02BB 05                  740 	.db #0x05	; 5
   02BC 05                  741 	.db #0x05	; 5
   02BD 05                  742 	.db #0x05	; 5
   02BE 05                  743 	.db #0x05	; 5
   02BF 05                  744 	.db #0x05	; 5
   02C0 26                  745 	.db #0x26	; 38
   02C1 0F                  746 	.db #0x0f	; 15
   02C2 05                  747 	.db #0x05	; 5
   02C3 05                  748 	.db #0x05	; 5
   02C4 05                  749 	.db #0x05	; 5
   02C5 05                  750 	.db #0x05	; 5
   02C6 05                  751 	.db #0x05	; 5
   02C7 50                  752 	.db #0x50	; 80	'P'
   02C8 53                  753 	.db #0x53	; 83	'S'
   02C9 54                  754 	.db #0x54	; 84	'T'
   02CA 51                  755 	.db #0x51	; 81	'Q'
   02CB 05                  756 	.db #0x05	; 5
   02CC 05                  757 	.db #0x05	; 5
   02CD 05                  758 	.db #0x05	; 5
   02CE 05                  759 	.db #0x05	; 5
   02CF 05                  760 	.db #0x05	; 5
   02D0 05                  761 	.db #0x05	; 5
   02D1 05                  762 	.db #0x05	; 5
   02D2 05                  763 	.db #0x05	; 5
   02D3 05                  764 	.db #0x05	; 5
   02D4 05                  765 	.db #0x05	; 5
   02D5 05                  766 	.db #0x05	; 5
   02D6 05                  767 	.db #0x05	; 5
   02D7 05                  768 	.db #0x05	; 5
   02D8 05                  769 	.db #0x05	; 5
   02D9 05                  770 	.db #0x05	; 5
   02DA 05                  771 	.db #0x05	; 5
   02DB 05                  772 	.db #0x05	; 5
   02DC 05                  773 	.db #0x05	; 5
   02DD 05                  774 	.db #0x05	; 5
   02DE 05                  775 	.db #0x05	; 5
   02DF 29                  776 	.db #0x29	; 41
   02E0 09                  777 	.db #0x09	; 9
   02E1 0E                  778 	.db #0x0e	; 14
   02E2 0F                  779 	.db #0x0f	; 15
   02E3 05                  780 	.db #0x05	; 5
   02E4 05                  781 	.db #0x05	; 5
   02E5 05                  782 	.db #0x05	; 5
   02E6 05                  783 	.db #0x05	; 5
   02E7 50                  784 	.db #0x50	; 80	'P'
   02E8 55                  785 	.db #0x55	; 85	'U'
   02E9 56                  786 	.db #0x56	; 86	'V'
   02EA 51                  787 	.db #0x51	; 81	'Q'
   02EB 05                  788 	.db #0x05	; 5
   02EC 05                  789 	.db #0x05	; 5
   02ED 05                  790 	.db #0x05	; 5
   02EE 05                  791 	.db #0x05	; 5
   02EF 05                  792 	.db #0x05	; 5
   02F0 05                  793 	.db #0x05	; 5
   02F1 05                  794 	.db #0x05	; 5
   02F2 05                  795 	.db #0x05	; 5
   02F3 05                  796 	.db #0x05	; 5
   02F4 05                  797 	.db #0x05	; 5
   02F5 05                  798 	.db #0x05	; 5
   02F6 05                  799 	.db #0x05	; 5
   02F7 10                  800 	.db #0x10	; 16
   02F8 11                  801 	.db #0x11	; 17
   02F9 12                  802 	.db #0x12	; 18
   02FA 05                  803 	.db #0x05	; 5
   02FB 05                  804 	.db #0x05	; 5
   02FC 05                  805 	.db #0x05	; 5
   02FD 05                  806 	.db #0x05	; 5
   02FE 29                  807 	.db #0x29	; 41
   02FF 2A                  808 	.db #0x2a	; 42
   0300 00                  809 	.db #0x00	; 0
   0301 01                  810 	.db #0x01	; 1
   0302 0E                  811 	.db #0x0e	; 14
   0303 26                  812 	.db #0x26	; 38
   0304 26                  813 	.db #0x26	; 38
   0305 26                  814 	.db #0x26	; 38
   0306 26                  815 	.db #0x26	; 38
   0307 59                  816 	.db #0x59	; 89	'Y'
   0308 57                  817 	.db #0x57	; 87	'W'
   0309 58                  818 	.db #0x58	; 88	'X'
   030A 5A                  819 	.db #0x5a	; 90	'Z'
   030B 26                  820 	.db #0x26	; 38
   030C 0F                  821 	.db #0x0f	; 15
   030D 05                  822 	.db #0x05	; 5
   030E 05                  823 	.db #0x05	; 5
   030F 05                  824 	.db #0x05	; 5
   0310 05                  825 	.db #0x05	; 5
   0311 05                  826 	.db #0x05	; 5
   0312 05                  827 	.db #0x05	; 5
   0313 05                  828 	.db #0x05	; 5
   0314 05                  829 	.db #0x05	; 5
   0315 05                  830 	.db #0x05	; 5
   0316 05                  831 	.db #0x05	; 5
   0317 18                  832 	.db #0x18	; 24
   0318 19                  833 	.db #0x19	; 25
   0319 1A                  834 	.db #0x1a	; 26
   031A 05                  835 	.db #0x05	; 5
   031B 1E                  836 	.db #0x1e	; 30
   031C 1F                  837 	.db #0x1f	; 31
   031D 05                  838 	.db #0x05	; 5
   031E 06                  839 	.db #0x06	; 6
   031F 03                  840 	.db #0x03	; 3
   0320 07                  841 	.db #0x07	; 7
   0321 08                  842 	.db #0x08	; 8
   0322 09                  843 	.db #0x09	; 9
   0323 0A                  844 	.db #0x0a	; 10
   0324 09                  845 	.db #0x09	; 9
   0325 0A                  846 	.db #0x0a	; 10
   0326 09                  847 	.db #0x09	; 9
   0327 5B                  848 	.db #0x5b	; 91
   0328 5C                  849 	.db #0x5c	; 92
   0329 5D                  850 	.db #0x5d	; 93
   032A 5E                  851 	.db #0x5e	; 94
   032B 0A                  852 	.db #0x0a	; 10
   032C 04                  853 	.db #0x04	; 4
   032D 05                  854 	.db #0x05	; 5
   032E 05                  855 	.db #0x05	; 5
   032F 05                  856 	.db #0x05	; 5
   0330 05                  857 	.db #0x05	; 5
   0331 05                  858 	.db #0x05	; 5
   0332 05                  859 	.db #0x05	; 5
   0333 05                  860 	.db #0x05	; 5
   0334 05                  861 	.db #0x05	; 5
   0335 05                  862 	.db #0x05	; 5
   0336 05                  863 	.db #0x05	; 5
   0337 20                  864 	.db #0x20	; 32
   0338 21                  865 	.db #0x21	; 33
   0339 22                  866 	.db #0x22	; 34
   033A 05                  867 	.db #0x05	; 5
   033B 27                  868 	.db #0x27	; 39
   033C 28                  869 	.db #0x28	; 40
   033D 05                  870 	.db #0x05	; 5
   033E 06                  871 	.db #0x06	; 6
   033F 0A                  872 	.db #0x0a	; 10
   0340 13                  873 	.db #0x13	; 19
   0341 14                  874 	.db #0x14	; 20
   0342 00                  875 	.db #0x00	; 0
   0343 01                  876 	.db #0x01	; 1
   0344 02                  877 	.db #0x02	; 2
   0345 03                  878 	.db #0x03	; 3
   0346 02                  879 	.db #0x02	; 2
   0347 03                  880 	.db #0x03	; 3
   0348 02                  881 	.db #0x02	; 2
   0349 03                  882 	.db #0x03	; 3
   034A 02                  883 	.db #0x02	; 2
   034B 03                  884 	.db #0x03	; 3
   034C 0E                  885 	.db #0x0e	; 14
   034D 26                  886 	.db #0x26	; 38
   034E 26                  887 	.db #0x26	; 38
   034F 0F                  888 	.db #0x0f	; 15
   0350 05                  889 	.db #0x05	; 5
   0351 05                  890 	.db #0x05	; 5
   0352 05                  891 	.db #0x05	; 5
   0353 05                  892 	.db #0x05	; 5
   0354 05                  893 	.db #0x05	; 5
   0355 1E                  894 	.db #0x1e	; 30
   0356 1F                  895 	.db #0x1f	; 31
   0357 05                  896 	.db #0x05	; 5
   0358 05                  897 	.db #0x05	; 5
   0359 05                  898 	.db #0x05	; 5
   035A 05                  899 	.db #0x05	; 5
   035B 05                  900 	.db #0x05	; 5
   035C 05                  901 	.db #0x05	; 5
   035D 05                  902 	.db #0x05	; 5
   035E 06                  903 	.db #0x06	; 6
   035F 03                  904 	.db #0x03	; 3
   0360 09                  905 	.db #0x09	; 9
   0361 0A                  906 	.db #0x0a	; 10
   0362 07                  907 	.db #0x07	; 7
   0363 08                  908 	.db #0x08	; 8
   0364 09                  909 	.db #0x09	; 9
   0365 0A                  910 	.db #0x0a	; 10
   0366 09                  911 	.db #0x09	; 9
   0367 0A                  912 	.db #0x0a	; 10
   0368 09                  913 	.db #0x09	; 9
   0369 0A                  914 	.db #0x0a	; 10
   036A 09                  915 	.db #0x09	; 9
   036B 0A                  916 	.db #0x0a	; 10
   036C 09                  917 	.db #0x09	; 9
   036D 0A                  918 	.db #0x0a	; 10
   036E 09                  919 	.db #0x09	; 9
   036F 0E                  920 	.db #0x0e	; 14
   0370 0F                  921 	.db #0x0f	; 15
   0371 05                  922 	.db #0x05	; 5
   0372 05                  923 	.db #0x05	; 5
   0373 05                  924 	.db #0x05	; 5
   0374 05                  925 	.db #0x05	; 5
   0375 27                  926 	.db #0x27	; 39
   0376 28                  927 	.db #0x28	; 40
   0377 05                  928 	.db #0x05	; 5
   0378 1E                  929 	.db #0x1e	; 30
   0379 1F                  930 	.db #0x1f	; 31
   037A 05                  931 	.db #0x05	; 5
   037B 05                  932 	.db #0x05	; 5
   037C 05                  933 	.db #0x05	; 5
   037D 29                  934 	.db #0x29	; 41
   037E 2A                  935 	.db #0x2a	; 42
   037F 0A                  936 	.db #0x0a	; 10
   0380 00                  937 	.db #0x00	; 0
   0381 01                  938 	.db #0x01	; 1
   0382 13                  939 	.db #0x13	; 19
   0383 14                  940 	.db #0x14	; 20
   0384 02                  941 	.db #0x02	; 2
   0385 00                  942 	.db #0x00	; 0
   0386 01                  943 	.db #0x01	; 1
   0387 03                  944 	.db #0x03	; 3
   0388 02                  945 	.db #0x02	; 2
   0389 03                  946 	.db #0x03	; 3
   038A 02                  947 	.db #0x02	; 2
   038B 03                  948 	.db #0x03	; 3
   038C 02                  949 	.db #0x02	; 2
   038D 03                  950 	.db #0x03	; 3
   038E 02                  951 	.db #0x02	; 2
   038F 03                  952 	.db #0x03	; 3
   0390 0E                  953 	.db #0x0e	; 14
   0391 0F                  954 	.db #0x0f	; 15
   0392 05                  955 	.db #0x05	; 5
   0393 05                  956 	.db #0x05	; 5
   0394 05                  957 	.db #0x05	; 5
   0395 05                  958 	.db #0x05	; 5
   0396 05                  959 	.db #0x05	; 5
   0397 05                  960 	.db #0x05	; 5
   0398 27                  961 	.db #0x27	; 39
   0399 28                  962 	.db #0x28	; 40
   039A 05                  963 	.db #0x05	; 5
   039B 05                  964 	.db #0x05	; 5
   039C 05                  965 	.db #0x05	; 5
   039D 06                  966 	.db #0x06	; 6
   039E 02                  967 	.db #0x02	; 2
   039F 03                  968 	.db #0x03	; 3
   03A0 07                  969 	.db #0x07	; 7
   03A1 08                  970 	.db #0x08	; 8
   03A2 00                  971 	.db #0x00	; 0
   03A3 01                  972 	.db #0x01	; 1
   03A4 09                  973 	.db #0x09	; 9
   03A5 07                  974 	.db #0x07	; 7
   03A6 08                  975 	.db #0x08	; 8
   03A7 0A                  976 	.db #0x0a	; 10
   03A8 09                  977 	.db #0x09	; 9
   03A9 0A                  978 	.db #0x0a	; 10
   03AA 09                  979 	.db #0x09	; 9
   03AB 0A                  980 	.db #0x0a	; 10
   03AC 09                  981 	.db #0x09	; 9
   03AD 0A                  982 	.db #0x0a	; 10
   03AE 09                  983 	.db #0x09	; 9
   03AF 0A                  984 	.db #0x0a	; 10
   03B0 09                  985 	.db #0x09	; 9
   03B1 04                  986 	.db #0x04	; 4
   03B2 05                  987 	.db #0x05	; 5
   03B3 05                  988 	.db #0x05	; 5
   03B4 05                  989 	.db #0x05	; 5
   03B5 05                  990 	.db #0x05	; 5
   03B6 05                  991 	.db #0x05	; 5
   03B7 05                  992 	.db #0x05	; 5
   03B8 05                  993 	.db #0x05	; 5
   03B9 05                  994 	.db #0x05	; 5
   03BA 05                  995 	.db #0x05	; 5
   03BB 05                  996 	.db #0x05	; 5
   03BC 05                  997 	.db #0x05	; 5
   03BD 06                  998 	.db #0x06	; 6
   03BE 09                  999 	.db #0x09	; 9
   03BF 0A                 1000 	.db #0x0a	; 10
   03C0 13                 1001 	.db #0x13	; 19
   03C1 14                 1002 	.db #0x14	; 20
   03C2 07                 1003 	.db #0x07	; 7
   03C3 08                 1004 	.db #0x08	; 8
   03C4 02                 1005 	.db #0x02	; 2
   03C5 13                 1006 	.db #0x13	; 19
   03C6 14                 1007 	.db #0x14	; 20
   03C7 03                 1008 	.db #0x03	; 3
   03C8 02                 1009 	.db #0x02	; 2
   03C9 03                 1010 	.db #0x03	; 3
   03CA 02                 1011 	.db #0x02	; 2
   03CB 03                 1012 	.db #0x03	; 3
   03CC 02                 1013 	.db #0x02	; 2
   03CD 03                 1014 	.db #0x03	; 3
   03CE 02                 1015 	.db #0x02	; 2
   03CF 03                 1016 	.db #0x03	; 3
   03D0 02                 1017 	.db #0x02	; 2
   03D1 04                 1018 	.db #0x04	; 4
   03D2 05                 1019 	.db #0x05	; 5
   03D3 05                 1020 	.db #0x05	; 5
   03D4 05                 1021 	.db #0x05	; 5
   03D5 05                 1022 	.db #0x05	; 5
   03D6 05                 1023 	.db #0x05	; 5
   03D7 05                 1024 	.db #0x05	; 5
   03D8 05                 1025 	.db #0x05	; 5
   03D9 05                 1026 	.db #0x05	; 5
   03DA 05                 1027 	.db #0x05	; 5
   03DB 05                 1028 	.db #0x05	; 5
   03DC 05                 1029 	.db #0x05	; 5
   03DD 4A                 1030 	.db #0x4a	; 74	'J'
   03DE 43                 1031 	.db #0x43	; 67	'C'
   03DF 03                 1032 	.db #0x03	; 3
   03E0 09                 1033 	.db #0x09	; 9
   03E1 0A                 1034 	.db #0x0a	; 10
   03E2 13                 1035 	.db #0x13	; 19
   03E3 14                 1036 	.db #0x14	; 20
   03E4 09                 1037 	.db #0x09	; 9
   03E5 0A                 1038 	.db #0x0a	; 10
   03E6 09                 1039 	.db #0x09	; 9
   03E7 0A                 1040 	.db #0x0a	; 10
   03E8 09                 1041 	.db #0x09	; 9
   03E9 0A                 1042 	.db #0x0a	; 10
   03EA 09                 1043 	.db #0x09	; 9
   03EB 0A                 1044 	.db #0x0a	; 10
   03EC 09                 1045 	.db #0x09	; 9
   03ED 0A                 1046 	.db #0x0a	; 10
   03EE 09                 1047 	.db #0x09	; 9
   03EF 0A                 1048 	.db #0x0a	; 10
   03F0 09                 1049 	.db #0x09	; 9
   03F1 04                 1050 	.db #0x04	; 4
   03F2 05                 1051 	.db #0x05	; 5
   03F3 05                 1052 	.db #0x05	; 5
   03F4 05                 1053 	.db #0x05	; 5
   03F5 05                 1054 	.db #0x05	; 5
   03F6 05                 1055 	.db #0x05	; 5
   03F7 05                 1056 	.db #0x05	; 5
   03F8 05                 1057 	.db #0x05	; 5
   03F9 05                 1058 	.db #0x05	; 5
   03FA 05                 1059 	.db #0x05	; 5
   03FB 05                 1060 	.db #0x05	; 5
   03FC 05                 1061 	.db #0x05	; 5
   03FD 05                 1062 	.db #0x05	; 5
   03FE 06                 1063 	.db #0x06	; 6
   03FF 0A                 1064 	.db #0x0a	; 10
                           1065 	.area _CABS (ABS)
